Archive member included to satisfy reference by file (symbol)

C:/ST/STM32CubeIDE_1.11.2/STM32CubeIDE/plugins/com.st.stm32cube.ide.mcu.externaltools.gnu-tools-for-stm32.11.3.rel1.win32_1.1.0.202305231506/tools/bin/../lib/gcc/arm-none-eabi/11.3.1/../../../../arm-none-eabi/lib/thumb/v7e-m+fp/hard\libc_nano.a(libc_a-exit.o)
                              C:/ST/STM32CubeIDE_1.11.2/STM32CubeIDE/plugins/com.st.stm32cube.ide.mcu.externaltools.gnu-tools-for-stm32.11.3.rel1.win32_1.1.0.202305231506/tools/bin/../lib/gcc/arm-none-eabi/11.3.1/../../../../arm-none-eabi/lib/thumb/v7e-m+fp/hard/crt0.o (exit)
C:/ST/STM32CubeIDE_1.11.2/STM32CubeIDE/plugins/com.st.stm32cube.ide.mcu.externaltools.gnu-tools-for-stm32.11.3.rel1.win32_1.1.0.202305231506/tools/bin/../lib/gcc/arm-none-eabi/11.3.1/../../../../arm-none-eabi/lib/thumb/v7e-m+fp/hard\libc_nano.a(libc_a-malloc.o)
                              ./Core/Src/cJSON.o (malloc)
C:/ST/STM32CubeIDE_1.11.2/STM32CubeIDE/plugins/com.st.stm32cube.ide.mcu.externaltools.gnu-tools-for-stm32.11.3.rel1.win32_1.1.0.202305231506/tools/bin/../lib/gcc/arm-none-eabi/11.3.1/../../../../arm-none-eabi/lib/thumb/v7e-m+fp/hard\libc_nano.a(libc_a-mallocr.o)
                              C:/ST/STM32CubeIDE_1.11.2/STM32CubeIDE/plugins/com.st.stm32cube.ide.mcu.externaltools.gnu-tools-for-stm32.11.3.rel1.win32_1.1.0.202305231506/tools/bin/../lib/gcc/arm-none-eabi/11.3.1/../../../../arm-none-eabi/lib/thumb/v7e-m+fp/hard\libc_nano.a(libc_a-malloc.o) (_malloc_r)
C:/ST/STM32CubeIDE_1.11.2/STM32CubeIDE/plugins/com.st.stm32cube.ide.mcu.externaltools.gnu-tools-for-stm32.11.3.rel1.win32_1.1.0.202305231506/tools/bin/../lib/gcc/arm-none-eabi/11.3.1/../../../../arm-none-eabi/lib/thumb/v7e-m+fp/hard\libc_nano.a(libc_a-mlock.o)
                              C:/ST/STM32CubeIDE_1.11.2/STM32CubeIDE/plugins/com.st.stm32cube.ide.mcu.externaltools.gnu-tools-for-stm32.11.3.rel1.win32_1.1.0.202305231506/tools/bin/../lib/gcc/arm-none-eabi/11.3.1/../../../../arm-none-eabi/lib/thumb/v7e-m+fp/hard\libc_nano.a(libc_a-mallocr.o) (__malloc_lock)
C:/ST/STM32CubeIDE_1.11.2/STM32CubeIDE/plugins/com.st.stm32cube.ide.mcu.externaltools.gnu-tools-for-stm32.11.3.rel1.win32_1.1.0.202305231506/tools/bin/../lib/gcc/arm-none-eabi/11.3.1/../../../../arm-none-eabi/lib/thumb/v7e-m+fp/hard\libc_nano.a(libc_a-realloc.o)
                              ./Core/Src/cJSON.o (realloc)
C:/ST/STM32CubeIDE_1.11.2/STM32CubeIDE/plugins/com.st.stm32cube.ide.mcu.externaltools.gnu-tools-for-stm32.11.3.rel1.win32_1.1.0.202305231506/tools/bin/../lib/gcc/arm-none-eabi/11.3.1/../../../../arm-none-eabi/lib/thumb/v7e-m+fp/hard\libc_nano.a(libc_a-reallocr.o)
                              C:/ST/STM32CubeIDE_1.11.2/STM32CubeIDE/plugins/com.st.stm32cube.ide.mcu.externaltools.gnu-tools-for-stm32.11.3.rel1.win32_1.1.0.202305231506/tools/bin/../lib/gcc/arm-none-eabi/11.3.1/../../../../arm-none-eabi/lib/thumb/v7e-m+fp/hard\libc_nano.a(libc_a-realloc.o) (_realloc_r)
C:/ST/STM32CubeIDE_1.11.2/STM32CubeIDE/plugins/com.st.stm32cube.ide.mcu.externaltools.gnu-tools-for-stm32.11.3.rel1.win32_1.1.0.202305231506/tools/bin/../lib/gcc/arm-none-eabi/11.3.1/../../../../arm-none-eabi/lib/thumb/v7e-m+fp/hard\libc_nano.a(libc_a-strtod.o)
                              ./Core/Src/cJSON.o (strtod)
C:/ST/STM32CubeIDE_1.11.2/STM32CubeIDE/plugins/com.st.stm32cube.ide.mcu.externaltools.gnu-tools-for-stm32.11.3.rel1.win32_1.1.0.202305231506/tools/bin/../lib/gcc/arm-none-eabi/11.3.1/../../../../arm-none-eabi/lib/thumb/v7e-m+fp/hard\libc_nano.a(libc_a-ctype_.o)
                              ./Core/Src/cJSON.o (_ctype_)
C:/ST/STM32CubeIDE_1.11.2/STM32CubeIDE/plugins/com.st.stm32cube.ide.mcu.externaltools.gnu-tools-for-stm32.11.3.rel1.win32_1.1.0.202305231506/tools/bin/../lib/gcc/arm-none-eabi/11.3.1/../../../../arm-none-eabi/lib/thumb/v7e-m+fp/hard\libc_nano.a(libc_a-nano-vfprintf_float.o)
                              (_printf_float)
C:/ST/STM32CubeIDE_1.11.2/STM32CubeIDE/plugins/com.st.stm32cube.ide.mcu.externaltools.gnu-tools-for-stm32.11.3.rel1.win32_1.1.0.202305231506/tools/bin/../lib/gcc/arm-none-eabi/11.3.1/../../../../arm-none-eabi/lib/thumb/v7e-m+fp/hard\libc_nano.a(libc_a-nano-vfprintf_i.o)
                              C:/ST/STM32CubeIDE_1.11.2/STM32CubeIDE/plugins/com.st.stm32cube.ide.mcu.externaltools.gnu-tools-for-stm32.11.3.rel1.win32_1.1.0.202305231506/tools/bin/../lib/gcc/arm-none-eabi/11.3.1/../../../../arm-none-eabi/lib/thumb/v7e-m+fp/hard\libc_nano.a(libc_a-nano-vfprintf_float.o) (_printf_common)
C:/ST/STM32CubeIDE_1.11.2/STM32CubeIDE/plugins/com.st.stm32cube.ide.mcu.externaltools.gnu-tools-for-stm32.11.3.rel1.win32_1.1.0.202305231506/tools/bin/../lib/gcc/arm-none-eabi/11.3.1/../../../../arm-none-eabi/lib/thumb/v7e-m+fp/hard\libc_nano.a(libc_a-nano-vfscanf_float.o)
                              (_scanf_float)
[...]
Memory Configuration

Name             Origin             Length             Attributes
CCMRAM           0x0000000010000000 0x0000000000010000 xrw
RAM              0x0000000020000000 0x0000000000020000 xrw
FLASH            0x0000000008000000 0x0000000000100000 xr
*default*        0x0000000000000000 0xffffffffffffffff

Linker script and memory map

LOAD C:/ST/STM32CubeIDE_1.11.2/STM32CubeIDE/plugins/com.st.stm32cube.ide.mcu.externaltools.gnu-tools-for-stm32.11.3.rel1.win32_1.1.0.202305231506/tools/bin/../lib/gcc/arm-none-eabi/11.3.1/thumb/v7e-m+fp/hard/crti.o
LOAD C:/ST/STM32CubeIDE_1.11.2/STM32CubeIDE/plugins/com.st.stm32cube.ide.mcu.externaltools.gnu-tools-for-stm32.11.3.rel1.win32_1.1.0.202305231506/tools/bin/../lib/gcc/arm-none-eabi/11.3.1/thumb/v7e-m+fp/hard/crtbegin.o
LOAD C:/ST/STM32CubeIDE_1.11.2/STM32CubeIDE/plugins/com.st.stm32cube.ide.mcu.externaltools.gnu-tools-for-stm32.11.3.rel1.win32_1.1.0.202305231506/tools/bin/../lib/gcc/arm-none-eabi/11.3.1/../../../../arm-none-eabi/lib/thumb/v7e-m+fp/hard/crt0.o
LOAD ./Core/Src/SX1262.o
LOAD ./Core/Src/SX1262_board.o
LOAD ./Core/Src/SX1262_hal.o
LOAD ./Core/Src/TPMS.o
LOAD ./Core/Src/TeleMsgs_USB.o
LOAD ./Core/Src/cJSON.o
LOAD ./Core/Src/main.o
LOAD ./Core/Src/stm32f4xx_hal_msp.o
LOAD ./Core/Src/stm32f4xx_it.o
LOAD ./Core/Src/syscalls.o
LOAD ./Core/Src/sysmem.o
LOAD ./Core/Src/system_stm32f4xx.o
LOAD ./Core/Startup/startup_stm32f415rgtx.o
LOAD ./Drivers/STM32F4xx_HAL_Driver/Src/stm32f4xx_hal.o
LOAD ./Drivers/STM32F4xx_HAL_Driver/Src/stm32f4xx_hal_adc.o
LOAD ./Drivers/STM32F4xx_HAL_Driver/Src/stm32f4xx_hal_adc_ex.o
LOAD ./Drivers/STM32F4xx_HAL_Driver/Src/stm32f4xx_hal_can.o
LOAD ./Drivers/STM32F4xx_HAL_Driver/Src/stm32f4xx_hal_cortex.o
LOAD ./Drivers/STM32F4xx_HAL_Driver/Src/stm32f4xx_hal_dma.o
LOAD ./Drivers/STM32F4xx_HAL_Driver/Src/stm32f4xx_hal_dma_ex.o
LOAD ./Drivers/STM32F4xx_HAL_Driver/Src/stm32f4xx_hal_exti.o
LOAD ./Drivers/STM32F4xx_HAL_Driver/Src/stm32f4xx_hal_flash.o
LOAD ./Drivers/STM32F4xx_HAL_Driver/Src/stm32f4xx_hal_flash_ex.o
LOAD ./Drivers/STM32F4xx_HAL_Driver/Src/stm32f4xx_hal_flash_ramfunc.o
LOAD ./Drivers/STM32F4xx_HAL_Driver/Src/stm32f4xx_hal_gpio.o
LOAD ./Drivers/STM32F4xx_HAL_Driver/Src/stm32f4xx_hal_pcd.o
LOAD ./Drivers/STM32F4xx_HAL_Driver/Src/stm32f4xx_hal_pcd_ex.o
LOAD ./Drivers/STM32F4xx_HAL_Driver/Src/stm32f4xx_hal_pwr.o
LOAD ./Drivers/STM32F4xx_HAL_Driver/Src/stm32f4xx_hal_pwr_ex.o
LOAD ./Drivers/STM32F4xx_HAL_Driver/Src/stm32f4xx_hal_rcc.o
LOAD ./Drivers/STM32F4xx_HAL_Driver/Src/stm32f4xx_hal_rcc_ex.o
LOAD ./Drivers/STM32F4xx_HAL_Driver/Src/stm32f4xx_hal_spi.o
LOAD ./Drivers/STM32F4xx_HAL_Driver/Src/stm32f4xx_hal_tim.o
LOAD ./Drivers/STM32F4xx_HAL_Driver/Src/stm32f4xx_hal_tim_ex.o
LOAD ./Drivers/STM32F4xx_HAL_Driver/Src/stm32f4xx_ll_adc.o
LOAD ./Drivers/STM32F4xx_HAL_Driver/Src/stm32f4xx_ll_usb.o
LOAD ./Middlewares/ST/STM32_USB_Device_Library/Class/CDC/Src/usbd_cdc.o
LOAD ./Middlewares/ST/STM32_USB_Device_Library/Core/Src/usbd_core.o
LOAD ./Middlewares/ST/STM32_USB_Device_Library/Core/Src/usbd_ctlreq.o
LOAD ./Middlewares/ST/STM32_USB_Device_Library/Core/Src/usbd_ioreq.o
LOAD ./USB_DEVICE/App/usb_device.o
LOAD ./USB_DEVICE/App/usbd_cdc_if.o
LOAD ./USB_DEVICE/App/usbd_desc.o
LOAD ./USB_DEVICE/Target/usbd_conf.o
START GROUP
LOAD C:/ST/STM32CubeIDE_1.11.2/STM32CubeIDE/plugins/com.st.stm32cube.ide.mcu.externaltools.gnu-tools-for-stm32.11.3.rel1.win32_1.1.0.202305231506/tools/bin/../lib/gcc/arm-none-eabi/11.3.1/../../../../arm-none-eabi/lib/thumb/v7e-m+fp/hard\libc_nano.a
LOAD C:/ST/STM32CubeIDE_1.11.2/STM32CubeIDE/plugins/com.st.stm32cube.ide.mcu.externaltools.gnu-tools-for-stm32.11.3.rel1.win32_1.1.0.202305231506/tools/bin/../lib/gcc/arm-none-eabi/11.3.1/../../../../arm-none-eabi/lib/thumb/v7e-m+fp/hard\libm.a
END GROUP
START GROUP
LOAD C:/ST/STM32CubeIDE_1.11.2/STM32CubeIDE/plugins/com.st.stm32cube.ide.mcu.externaltools.gnu-tools-for-stm32.11.3.rel1.win32_1.1.0.202305231506/tools/bin/../lib/gcc/arm-none-eabi/11.3.1/thumb/v7e-m+fp/hard\libgcc.a
LOAD C:/ST/STM32CubeIDE_1.11.2/STM32CubeIDE/plugins/com.st.stm32cube.ide.mcu.externaltools.gnu-tools-for-stm32.11.3.rel1.win32_1.1.0.202305231506/tools/bin/../lib/gcc/arm-none-eabi/11.3.1/../../../../arm-none-eabi/lib/thumb/v7e-m+fp/hard\libc_nano.a
END GROUP
START GROUP
LOAD C:/ST/STM32CubeIDE_1.11.2/STM32CubeIDE/plugins/com.st.stm32cube.ide.mcu.externaltools.gnu-tools-for-stm32.11.3.rel1.win32_1.1.0.202305231506/tools/bin/../lib/gcc/arm-none-eabi/11.3.1/thumb/v7e-m+fp/hard\libgcc.a
LOAD C:/ST/STM32CubeIDE_1.11.2/STM32CubeIDE/plugins/com.st.stm32cube.ide.mcu.externaltools.gnu-tools-for-stm32.11.3.rel1.win32_1.1.0.202305231506/tools/bin/../lib/gcc/arm-none-eabi/11.3.1/../../../../arm-none-eabi/lib/thumb/v7e-m+fp/hard\libc_nano.a
LOAD C:/ST/STM32CubeIDE_1.11.2/STM32CubeIDE/plugins/com.st.stm32cube.ide.mcu.externaltools.gnu-tools-for-stm32.11.3.rel1.win32_1.1.0.202305231506/tools/bin/../lib/gcc/arm-none-eabi/11.3.1/../../../../arm-none-eabi/lib/thumb/v7e-m+fp/hard\libnosys.a
END GROUP
START GROUP
LOAD C:/ST/STM32CubeIDE_1.11.2/STM32CubeIDE/plugins/com.st.stm32cube.ide.mcu.externaltools.gnu-tools-for-stm32.11.3.rel1.win32_1.1.0.202305231506/tools/bin/../lib/gcc/arm-none-eabi/11.3.1/thumb/v7e-m+fp/hard\libgcc.a
LOAD C:/ST/STM32CubeIDE_1.11.2/STM32CubeIDE/plugins/com.st.stm32cube.ide.mcu.externaltools.gnu-tools-for-stm32.11.3.rel1.win32_1.1.0.202305231506/tools/bin/../lib/gcc/arm-none-eabi/11.3.1/../../../../arm-none-eabi/lib/thumb/v7e-m+fp/hard\libc_nano.a
LOAD C:/ST/STM32CubeIDE_1.11.2/STM32CubeIDE/plugins/com.st.stm32cube.ide.mcu.externaltools.gnu-tools-for-stm32.11.3.rel1.win32_1.1.0.202305231506/tools/bin/../lib/gcc/arm-none-eabi/11.3.1/../../../../arm-none-eabi/lib/thumb/v7e-m+fp/hard\libnosys.a
END GROUP
LOAD C:/ST/STM32CubeIDE_1.11.2/STM32CubeIDE/plugins/com.st.stm32cube.ide.mcu.externaltools.gnu-tools-for-stm32.11.3.rel1.win32_1.1.0.202305231506/tools/bin/../lib/gcc/arm-none-eabi/11.3.1/thumb/v7e-m+fp/hard/crtend.o
LOAD C:/ST/STM32CubeIDE_1.11.2/STM32CubeIDE/plugins/com.st.stm32cube.ide.mcu.externaltools.gnu-tools-for-stm32.11.3.rel1.win32_1.1.0.202305231506/tools/bin/../lib/gcc/arm-none-eabi/11.3.1/thumb/v7e-m+fp/hard/crtn.o
                0x0000000020020000                _estack = (ORIGIN (RAM) + LENGTH (RAM))
                0x0000000000000200                _Min_Heap_Size = 0x200
                0x0000000000000400                _Min_Stack_Size = 0x400

.isr_vector     0x0000000008000000      0x188
                0x0000000008000000                . = ALIGN (0x4)
 *(.isr_vector)
 .isr_vector    0x0000000008000000      0x188 ./Core/Startup/startup_stm32f415rgtx.o
                0x0000000008000000                g_pfnVectors
                0x0000000008000188                . = ALIGN (0x4)

.text           0x0000000008000190    0x140ac
                0x0000000008000190                . = ALIGN (0x4)
 *(.text)
 .text          0x0000000008000190       0x40 C:/ST/STM32CubeIDE_1.11.2/STM32CubeIDE/plugins/com.st.stm32cube.ide.mcu.externaltools.gnu-tools-for-stm32.11.3.rel1.win32_1.1.0.202305231506/tools/bin/../lib/gcc/arm-none-eabi/11.3.1/thumb/v7e-m+fp/hard/crtbegin.o
 .text          0x00000000080001d0       0xa0 C:/ST/STM32CubeIDE_1.11.2/STM32CubeIDE/plugins/com.st.stm32cube.ide.mcu.externaltools.gnu-tools-for-stm32.11.3.rel1.win32_1.1.0.202305231506/tools/bin/../lib/gcc/arm-none-eabi/11.3.1/../../../../arm-none-eabi/lib/thumb/v7e-m+fp/hard\libc_nano.a(libc_a-memchr.o)
                0x00000000080001d0                memchr
 .text          0x0000000008000270       0x10 C:/ST/STM32CubeIDE_1.11.2/STM32CubeIDE/plugins/com.st.stm32cube.ide.mcu.externaltools.gnu-tools-for-stm32.11.3.rel1.win32_1.1.0.202305231506/tools/bin/../lib/gcc/arm-none-eabi/11.3.1/../../../../arm-none-eabi/lib/thumb/v7e-m+fp/hard\libc_nano.a(libc_a-strlen.o)
                0x0000000008000270                strlen
 .text          0x0000000008000280      0x378 C:/ST/STM32CubeIDE_1.11.2/STM32CubeIDE/plugins/com.st.stm32cube.ide.mcu.externaltools.gnu-tools-for-stm32.11.3.rel1.win32_1.1.0.202305231506/tools/bin/../lib/gcc/arm-none-eabi/11.3.1/thumb/v7e-m+fp/hard\libgcc.a(_arm_addsubdf3.o)
                0x0000000008000280                __aeabi_drsub
                0x0000000008000288                __aeabi_dsub
                0x0000000008000288                __subdf3
                0x000000000800028c                __aeabi_dadd
                0x000000000800028c                __adddf3
                0x0000000008000504                __floatunsidf
                0x0000000008000504                __aeabi_ui2d
                0x0000000008000524                __floatsidf
                0x0000000008000524                __aeabi_i2d
                0x0000000008000548                __aeabi_f2d
                0x0000000008000548                __extendsfdf2
                0x000000000800058c                __floatundidf
                0x000000000800058c                __aeabi_ul2d
                0x000000000800059c                __floatdidf
                0x000000000800059c                __aeabi_l2d
 .text          0x00000000080005f8      0x424 C:/ST/STM32CubeIDE_1.11.2/STM32CubeIDE/plugins/com.st.stm32cube.ide.mcu.externaltools.gnu-tools-for-stm32.11.3.rel1.win32_1.1.0.202305231506/tools/bin/../lib/gcc/arm-none-eabi/11.3.1/thumb/v7e-m+fp/hard\libgcc.a(_arm_muldivdf3.o)
                0x00000000080005f8                __aeabi_dmul
                0x00000000080005f8                __muldf3
                0x000000000800084c                __divdf3
                0x000000000800084c                __aeabi_ddiv
 .text          0x0000000008000a1c      0x110 C:/ST/STM32CubeIDE_1.11.2/STM32CubeIDE/plugins/com.st.stm32cube.ide.mcu.externaltools.gnu-tools-for-stm32.11.3.rel1.win32_1.1.0.202305231506/tools/bin/../lib/gcc/arm-none-eabi/11.3.1/thumb/v7e-m+fp/hard\libgcc.a(_arm_cmpdf2.o)
                0x0000000008000a1c                __gtdf2
                0x0000000008000a1c                __gedf2
                0x0000000008000a24                __ltdf2
                0x0000000008000a24                __ledf2
                0x0000000008000a2c                __nedf2
                0x0000000008000a2c                __eqdf2
                0x0000000008000a2c                __cmpdf2
                0x0000000008000aa8                __aeabi_cdrcmple
                0x0000000008000ab8                __aeabi_cdcmpeq
                0x0000000008000ab8                __aeabi_cdcmple
                0x0000000008000ac8                __aeabi_dcmpeq
                0x0000000008000adc                __aeabi_dcmplt
                0x0000000008000af0                __aeabi_dcmple
                0x0000000008000b04                __aeabi_dcmpge
                0x0000000008000b18                __aeabi_dcmpgt
 .text          0x0000000008000b2c       0x2c C:/ST/STM32CubeIDE_1.11.2/STM32CubeIDE/plugins/com.st.stm32cube.ide.mcu.externaltools.gnu-tools-for-stm32.11.3.rel1.win32_1.1.0.202305231506/tools/bin/../lib/gcc/arm-none-eabi/11.3.1/thumb/v7e-m+fp/hard\libgcc.a(_arm_unorddf2.o)
                0x0000000008000b2c                __unorddf2
                0x0000000008000b2c                __aeabi_dcmpun
 .text          0x0000000008000b58       0x50 C:/ST/STM32CubeIDE_1.11.2/STM32CubeIDE/plugins/com.st.stm32cube.ide.mcu.externaltools.gnu-tools-for-stm32.11.3.rel1.win32_1.1.0.202305231506/tools/bin/../lib/gcc/arm-none-eabi/11.3.1/thumb/v7e-m+fp/hard\libgcc.a(_arm_fixdfsi.o)
                0x0000000008000b58                __aeabi_d2iz
                0x0000000008000b58                __fixdfsi
 .text          0x0000000008000ba8       0x40 C:/ST/STM32CubeIDE_1.11.2/STM32CubeIDE/plugins/com.st.stm32cube.ide.mcu.externaltools.gnu-tools-for-stm32.11.3.rel1.win32_1.1.0.202305231506/tools/bin/../lib/gcc/arm-none-eabi/11.3.1/thumb/v7e-m+fp/hard\libgcc.a(_arm_fixunsdfsi.o)
                0x0000000008000ba8                __aeabi_d2uiz
                0x0000000008000ba8                __fixunsdfsi
 .text          0x0000000008000be8       0xa0 C:/ST/STM32CubeIDE_1.11.2/STM32CubeIDE/plugins/com.st.stm32cube.ide.mcu.externaltools.gnu-tools-for-stm32.11.3.rel1.win32_1.1.0.202305231506/tools/bin/../lib/gcc/arm-none-eabi/11.3.1/thumb/v7e-m+fp/hard\libgcc.a(_arm_truncdfsf2.o)
                0x0000000008000be8                __truncdfsf2
                0x0000000008000be8                __aeabi_d2f
 .text          0x0000000008000c88       0x30 C:/ST/STM32CubeIDE_1.11.2/STM32CubeIDE/plugins/com.st.stm32cube.ide.mcu.externaltools.gnu-tools-for-stm32.11.3.rel1.win32_1.1.0.202305231506/tools/bin/../lib/gcc/arm-none-eabi/11.3.1/thumb/v7e-m+fp/hard\libgcc.a(_aeabi_uldivmod.o)
                0x0000000008000c88                __aeabi_uldivmod
 .text          0x0000000008000cb8       0x30 C:/ST/STM32CubeIDE_1.11.2/STM32CubeIDE/plugins/com.st.stm32cube.ide.mcu.externaltools.gnu-tools-for-stm32.11.3.rel1.win32_1.1.0.202305231506/tools/bin/../lib/gcc/arm-none-eabi/11.3.1/thumb/v7e-m+fp/hard\libgcc.a(_fixdfdi.o)
                0x0000000008000cb8                __fixdfdi
                0x0000000008000cb8                __aeabi_d2lz
 .text          0x0000000008000ce8       0x3c C:/ST/STM32CubeIDE_1.11.2/STM32CubeIDE/plugins/com.st.stm32cube.ide.mcu.externaltools.gnu-tools-for-stm32.11.3.rel1.win32_1.1.0.202305231506/tools/bin/../lib/gcc/arm-none-eabi/11.3.1/thumb/v7e-m+fp/hard\libgcc.a(_fixunsdfdi.o)
                0x0000000008000ce8                __fixunsdfdi
                0x0000000008000ce8                __aeabi_d2ulz
 .text          0x0000000008000d24      0x2c8 C:/ST/STM32CubeIDE_1.11.2/STM32CubeIDE/plugins/com.st.stm32cube.ide.mcu.externaltools.gnu-tools-for-stm32.11.3.rel1.win32_1.1.0.202305231506/tools/bin/../lib/gcc/arm-none-eabi/11.3.1/thumb/v7e-m+fp/hard\libgcc.a(_udivmoddi4.o)
                0x0000000008000d24                __udivmoddi4
 .text          0x0000000008000fec        0x4 C:/ST/STM32CubeIDE_1.11.2/STM32CubeIDE/plugins/com.st.stm32cube.ide.mcu.externaltools.gnu-tools-for-stm32.11.3.rel1.win32_1.1.0.202305231506/tools/bin/../lib/gcc/arm-none-eabi/11.3.1/thumb/v7e-m+fp/hard\libgcc.a(_dvmd_tls.o)
                0x0000000008000fec                __aeabi_idiv0
                0x0000000008000fec                __aeabi_ldiv0
 *(.text*)
 .text.SX1262SetStandby
                0x0000000008000ff0       0x2e ./Core/Src/SX1262.o
                0x0000000008000ff0                SX1262SetStandby
 .text.SX1262SetPacketType
                0x000000000800101e       0x26 ./Core/Src/SX1262.o
                0x000000000800101e                SX1262SetPacketType
 *fill*         0x0000000008001044        0x4 
 .text.SX1262SetRfFrequency
                0x0000000008001048       0x98 ./Core/Src/SX1262.o
                0x0000000008001048                SX1262SetRfFrequency
 .text.SX1262SetPaConfig
                0x00000000080010e0       0x86 ./Core/Src/SX1262.o
                0x00000000080010e0                SX1262SetPaConfig
 .text.SX1262SetTxParams
                0x0000000008001166       0xa6 ./Core/Src/SX1262.o
                0x0000000008001166                SX1262SetTxParams
 .text.SX1262SetBufferBaseAddress
                0x000000000800120c       0x48 ./Core/Src/SX1262.o
                0x000000000800120c                SX1262SetBufferBaseAddress
 .text.SX1262SetPacketParams
                0x0000000008001254      0x188 ./Core/Src/SX1262.o
                0x0000000008001254                SX1262SetPacketParams
 *fill*         0x00000000080013dc        0x4 
 .text.SX1262SetModulationParams
                0x00000000080013e0      0x1ac ./Core/Src/SX1262.o
                0x00000000080013e0                SX1262SetModulationParams
 .text.SX1262SetDioIrqParams
                0x000000000800158c       0x90 ./Core/Src/SX1262.o
                0x000000000800158c                SX1262SetDioIrqParams
 .text.SX1262SetGfskSyncWord
                0x000000000800161c       0x2a ./Core/Src/SX1262.o
                0x000000000800161c                SX1262SetGfskSyncWord
 *fill*         0x0000000008001646        0x2 
 .text.SX1262SetTx
                0x0000000008001648      0x1b8 ./Core/Src/SX1262.o
                0x0000000008001648                SX1262SetTx
 .text.SX1262SetRxBoosted
                0x0000000008001800       0xcc ./Core/Src/SX1262.o
                0x0000000008001800                SX1262SetRxBoosted
 .text.SX1262ClearIrqStatus
                0x00000000080018cc       0xcc ./Core/Src/SX1262.o
                0x00000000080018cc                SX1262ClearIrqStatus
 .text.SX1262GetIrqStatus
                0x0000000008001998      0x1c2 ./Core/Src/SX1262.o
                0x0000000008001998                SX1262GetIrqStatus
 .text.SX1262GetRxBufferStatus
                0x0000000008001b5a       0x32 ./Core/Src/SX1262.o
                0x0000000008001b5a                SX1262GetRxBufferStatus
 .text.SX1262Calibrate
                0x0000000008001b8c       0x94 ./Core/Src/SX1262.o
                0x0000000008001b8c                SX1262Calibrate
 .text.SX1262SetDio2AsRfSwitchCtrl
                0x0000000008001c20       0x36 ./Core/Src/SX1262.o
                0x0000000008001c20                SX1262SetDio2AsRfSwitchCtrl
 .text.SX1262SetDio3AsTcxoCtrl
                0x0000000008001c56       0x76 ./Core/Src/SX1262.o
                0x0000000008001c56                SX1262SetDio3AsTcxoCtrl
 .text.SX1262CalibrateImage
                0x0000000008001ccc       0x9c ./Core/Src/SX1262.o
                0x0000000008001ccc                SX1262CalibrateImage
 .text.SX1262SetRegulatorMode
                0x0000000008001d68       0x2e ./Core/Src/SX1262.o
                0x0000000008001d68                SX1262SetRegulatorMode
 .text.SX1262SetRxTxFallbackMode
                0x0000000008001d96       0x2e ./Core/Src/SX1262.o
                0x0000000008001d96                SX1262SetRxTxFallbackMode
 .text.SX1262SetPayload
                0x0000000008001dc4       0x26 ./Core/Src/SX1262.o
                0x0000000008001dc4                SX1262SetPayload
 .text.SX1262SendPayload
                0x0000000008001dea       0x30 ./Core/Src/SX1262.o
                0x0000000008001dea                SX1262SendPayload
 .text.SX1262GetPacketType
                0x0000000008001e1a       0x28 ./Core/Src/SX1262.o
                0x0000000008001e1a                SX1262GetPacketType
 .text.SX1262GetPacketStatus
                0x0000000008001e42       0xa6 ./Core/Src/SX1262.o
                0x0000000008001e42                SX1262GetPacketStatus
 .text.SX1262GetDeviceErrors
                0x0000000008001ee8       0xea ./Core/Src/SX1262.o
                0x0000000008001ee8                SX1262GetDeviceErrors
 .text.SX1262ClearDeviceErrors
                0x0000000008001fd2       0x98 ./Core/Src/SX1262.o
                0x0000000008001fd2                SX1262ClearDeviceErrors
 *fill*         0x000000000800206a        0x2 
 .text.SX1262GetStatus
                0x000000000800206c       0xbc ./Core/Src/SX1262.o
                0x000000000800206c                SX1262GetStatus
 .text.SX1262Reset
                0x0000000008002128       0x50 ./Core/Src/SX1262.o
                0x0000000008002128                SX1262Reset
 .text.SX1262SetOCP
                0x0000000008002178       0x2e ./Core/Src/SX1262.o
                0x0000000008002178                SX1262SetOCP
 .text.SX1262RfSwitchInit
                0x00000000080021a6       0x32 ./Core/Src/SX1262.o
                0x00000000080021a6                SX1262RfSwitchInit
 .text.SX1262GfskInit
                0x00000000080021d8      0x208 ./Core/Src/SX1262.o
                0x00000000080021d8                SX1262GfskInit
 .text.SX1262ReceiveMessage
                0x00000000080023e0      0x18a ./Core/Src/SX1262.o
                0x00000000080023e0                SX1262ReceiveMessage
 .text.SX1262dio1Interrupt
                0x000000000800256a       0xa4 ./Core/Src/SX1262.o
                0x000000000800256a                SX1262dio1Interrupt
 .text.SX1262dio2Interrupt
                0x000000000800260e       0x4a ./Core/Src/SX1262.o
                0x000000000800260e                SX1262dio2Interrupt
 .text.Gpio_init
                0x0000000008002658       0x26 ./Core/Src/SX1262_board.o
                0x0000000008002658                Gpio_init
 .text.SPI_init
                0x000000000800267e       0x2c ./Core/Src/SX1262_board.o
                0x000000000800267e                SPI_init
 .text.MCU_init
                0x00000000080026aa       0xe6 ./Core/Src/SX1262_board.o
                0x00000000080026aa                MCU_init
 .text.SX1262WriteCommand
                0x0000000008002790      0x248 ./Core/Src/SX1262_hal.o
                0x0000000008002790                SX1262WriteCommand
 .text.SX1262ReadCommand
                0x00000000080029d8      0x1f0 ./Core/Src/SX1262_hal.o
                0x00000000080029d8                SX1262ReadCommand
 .text.SX1262WriteRegister
                0x0000000008002bc8       0xde ./Core/Src/SX1262_hal.o
                0x0000000008002bc8                SX1262WriteRegister
 .text.SX1262ReadRegister
                0x0000000008002ca6      0x204 ./Core/Src/SX1262_hal.o
                0x0000000008002ca6                SX1262ReadRegister
 .text.SX1262SafeWriteRegister
                0x0000000008002eaa       0xde ./Core/Src/SX1262_hal.o
                0x0000000008002eaa                SX1262SafeWriteRegister
 .text.SX1262WriteBuffer
                0x0000000008002f88       0xe4 ./Core/Src/SX1262_hal.o
                0x0000000008002f88                SX1262WriteBuffer
 .text.SX1262ReadBuffer
                0x000000000800306c      0x1f6 ./Core/Src/SX1262_hal.o
                0x000000000800306c                SX1262ReadBuffer
 *fill*         0x0000000008003262        0x2 
 .text.TpmsStructsInit
                0x0000000008003264      0x110 ./Core/Src/TPMS.o
                0x0000000008003264                TpmsStructsInit
 .text.init_packet_types
                0x0000000008003374       0x84 ./Core/Src/TPMS.o
                0x0000000008003374                init_packet_types
 .text.SX1262CreateTpmsRequestMsg
                0x00000000080033f8       0x5c ./Core/Src/TPMS.o
                0x00000000080033f8                SX1262CreateTpmsRequestMsg
 .text.SX1262CreateTpmsCfgrMsg
                0x0000000008003454       0x4c ./Core/Src/TPMS.o
                0x0000000008003454                SX1262CreateTpmsCfgrMsg
 .text.SX1262SetFunction
                0x00000000080034a0       0x8c ./Core/Src/TPMS.o
                0x00000000080034a0                SX1262SetFunction
 *fill*         0x000000000800352c        0x4 
 .text.TpmsGetMessage
                0x0000000008003530      0x78c ./Core/Src/TPMS.o
                0x0000000008003530                TpmsGetMessage
 .text.process_can1_rx_msg
                0x0000000008003cbc      0xbdc ./Core/Src/TeleMsgs_USB.o
                0x0000000008003cbc                process_can1_rx_msg
 .text.process_can2_rx_msg
                0x0000000008004898      0x384 ./Core/Src/TeleMsgs_USB.o
                0x0000000008004898                process_can2_rx_msg
 .text.CreateTeleTxMsg
                0x0000000008004c1c      0xc88 ./Core/Src/TeleMsgs_USB.o
                0x0000000008004c1c                CreateTeleTxMsg
 .text.HAL_GPIO_EXTI_Callback
                0x00000000080058a4       0x40 ./Core/Src/main.o
                0x00000000080058a4                HAL_GPIO_EXTI_Callback
 .text.main     0x00000000080058e4      0x6a8 ./Core/Src/main.o
                0x00000000080058e4                main
 .text.SystemClock_Config
                0x0000000008005f8c       0xd4 ./Core/Src/main.o
                0x0000000008005f8c                SystemClock_Config
 .text.MX_ADC1_Init
                0x0000000008006060       0xdc ./Core/Src/main.o
 .text.MX_ADC2_Init
                0x000000000800613c       0xdc ./Core/Src/main.o
 .text.MX_CAN1_Init
                0x0000000008006218       0xd0 ./Core/Src/main.o
 .text.MX_CAN2_Init
                0x00000000080062e8       0xd0 ./Core/Src/main.o
 .text.MX_SPI1_Init
                0x00000000080063b8       0x6c ./Core/Src/main.o
 .text.MX_DMA_Init
                0x0000000008006424       0x50 ./Core/Src/main.o
 .text.MX_GPIO_Init
                0x0000000008006474      0x1d0 ./Core/Src/main.o
 .text.HAL_CAN_RxFifo0MsgPendingCallback
                0x0000000008006644       0x7c ./Core/Src/main.o
                0x0000000008006644                HAL_CAN_RxFifo0MsgPendingCallback
 .text.HAL_CAN_RxFifo1MsgPendingCallback
                0x00000000080066c0       0x7c ./Core/Src/main.o
                0x00000000080066c0                HAL_CAN_RxFifo1MsgPendingCallback
 *fill*         0x000000000800673c        0x4 
 .text.HAL_ADC_ConvCpltCallback
                0x0000000008006740      0x280 ./Core/Src/main.o
                0x0000000008006740                HAL_ADC_ConvCpltCallback
 .text.CanTxTPMSmessage
                0x00000000080069c0      0x160 ./Core/Src/main.o
                0x00000000080069c0                CanTxTPMSmessage
 .text.Error_Handler
                0x0000000008006b20        0xa ./Core/Src/main.o
                0x0000000008006b20                Error_Handler
 *fill*         0x0000000008006b2a        0x2 
 .text.HAL_MspInit
                0x0000000008006b2c       0x50 ./Core/Src/stm32f4xx_hal_msp.o
                0x0000000008006b2c                HAL_MspInit
 .text.HAL_ADC_MspInit
                0x0000000008006b7c      0x1bc ./Core/Src/stm32f4xx_hal_msp.o
                0x0000000008006b7c                HAL_ADC_MspInit
 .text.HAL_CAN_MspInit
                0x0000000008006d38      0x160 ./Core/Src/stm32f4xx_hal_msp.o
                0x0000000008006d38                HAL_CAN_MspInit
 .text.HAL_SPI_MspInit
                0x0000000008006e98       0x90 ./Core/Src/stm32f4xx_hal_msp.o
                0x0000000008006e98                HAL_SPI_MspInit
 .text.NMI_Handler
                0x0000000008006f28        0x6 ./Core/Src/stm32f4xx_it.o
                0x0000000008006f28                NMI_Handler
 .text.HardFault_Handler
                0x0000000008006f2e        0x6 ./Core/Src/stm32f4xx_it.o
                0x0000000008006f2e                HardFault_Handler
 .text.MemManage_Handler
                0x0000000008006f34        0x6 ./Core/Src/stm32f4xx_it.o
                0x0000000008006f34                MemManage_Handler
 .text.BusFault_Handler
                0x0000000008006f3a        0x6 ./Core/Src/stm32f4xx_it.o
                0x0000000008006f3a                BusFault_Handler
 .text.UsageFault_Handler
                0x0000000008006f40        0x6 ./Core/Src/stm32f4xx_it.o
                0x0000000008006f40                UsageFault_Handler
 .text.SVC_Handler
                0x0000000008006f46        0xe ./Core/Src/stm32f4xx_it.o
                0x0000000008006f46                SVC_Handler
 .text.DebugMon_Handler
                0x0000000008006f54        0xe ./Core/Src/stm32f4xx_it.o
                0x0000000008006f54                DebugMon_Handler
 .text.PendSV_Handler
                0x0000000008006f62        0xe ./Core/Src/stm32f4xx_it.o
                0x0000000008006f62                PendSV_Handler
 .text.SysTick_Handler
                0x0000000008006f70        0xc ./Core/Src/stm32f4xx_it.o
                0x0000000008006f70                SysTick_Handler
 .text.EXTI2_IRQHandler
                0x0000000008006f7c        0xe ./Core/Src/stm32f4xx_it.o
                0x0000000008006f7c                EXTI2_IRQHandler
 *fill*         0x0000000008006f8a        0x2 
 .text.CAN1_RX0_IRQHandler
                0x0000000008006f8c       0x14 ./Core/Src/stm32f4xx_it.o
                0x0000000008006f8c                CAN1_RX0_IRQHandler
 .text.EXTI15_10_IRQHandler
                0x0000000008006fa0       0x10 ./Core/Src/stm32f4xx_it.o
                0x0000000008006fa0                EXTI15_10_IRQHandler
 .text.DMA2_Stream0_IRQHandler
                0x0000000008006fb0       0x14 ./Core/Src/stm32f4xx_it.o
                0x0000000008006fb0                DMA2_Stream0_IRQHandler
 .text.DMA2_Stream2_IRQHandler
                0x0000000008006fc4       0x14 ./Core/Src/stm32f4xx_it.o
                0x0000000008006fc4                DMA2_Stream2_IRQHandler
 .text.CAN2_RX1_IRQHandler
                0x0000000008006fd8       0x14 ./Core/Src/stm32f4xx_it.o
                0x0000000008006fd8                CAN2_RX1_IRQHandler
 .text.OTG_FS_IRQHandler
                0x0000000008006fec       0x14 ./Core/Src/stm32f4xx_it.o
                0x0000000008006fec                OTG_FS_IRQHandler
 .text._getpid  0x0000000008007000       0x10 ./Core/Src/syscalls.o
                0x0000000008007000                _getpid
 .text._kill    0x0000000008007010       0x20 ./Core/Src/syscalls.o
                0x0000000008007010                _kill
 .text._exit    0x0000000008007030       0x14 ./Core/Src/syscalls.o
                0x0000000008007030                _exit
 .text._read    0x0000000008007044       0x3a ./Core/Src/syscalls.o
                0x0000000008007044                _read
 .text._write   0x000000000800707e       0x38 ./Core/Src/syscalls.o
                0x000000000800707e                _write
 .text._close   0x00000000080070b6       0x18 ./Core/Src/syscalls.o
                0x00000000080070b6                _close
 .text._fstat   0x00000000080070ce       0x20 ./Core/Src/syscalls.o
                0x00000000080070ce                _fstat
 .text._isatty  0x00000000080070ee       0x16 ./Core/Src/syscalls.o
                0x00000000080070ee                _isatty
 .text._lseek   0x0000000008007104       0x1a ./Core/Src/syscalls.o
                0x0000000008007104                _lseek
 *fill*         0x000000000800711e        0x2 
 .text._sbrk    0x0000000008007120       0x6c ./Core/Src/sysmem.o
                0x0000000008007120                _sbrk
 .text.SystemInit
                0x000000000800718c       0x24 ./Core/Src/system_stm32f4xx.o
                0x000000000800718c                SystemInit
 .text.Reset_Handler
                0x00000000080071b0       0x50 ./Core/Startup/startup_stm32f415rgtx.o
                0x00000000080071b0                Reset_Handler
 .text.Default_Handler
                0x0000000008007200        0x2 ./Core/Startup/startup_stm32f415rgtx.o
                0x0000000008007200                RTC_Alarm_IRQHandler
                0x0000000008007200                HASH_RNG_IRQHandler
                0x0000000008007200                TIM8_CC_IRQHandler
                0x0000000008007200                TIM1_CC_IRQHandler
                0x0000000008007200                DMA2_Stream5_IRQHandler
                0x0000000008007200                DMA1_Stream5_IRQHandler
                0x0000000008007200                PVD_IRQHandler
                0x0000000008007200                SDIO_IRQHandler
                0x0000000008007200                TAMP_STAMP_IRQHandler
                0x0000000008007200                EXTI3_IRQHandler
                0x0000000008007200                TIM8_TRG_COM_TIM14_IRQHandler
                0x0000000008007200                TIM1_UP_TIM10_IRQHandler
                0x0000000008007200                TIM8_UP_TIM13_IRQHandler
                0x0000000008007200                I2C3_ER_IRQHandler
                0x0000000008007200                EXTI0_IRQHandler
                0x0000000008007200                I2C2_EV_IRQHandler
                0x0000000008007200                DMA1_Stream2_IRQHandler
                0x0000000008007200                FPU_IRQHandler
                0x0000000008007200                OTG_HS_WKUP_IRQHandler
                0x0000000008007200                CAN2_SCE_IRQHandler
                0x0000000008007200                SPI1_IRQHandler
                0x0000000008007200                TIM6_DAC_IRQHandler
                0x0000000008007200                TIM1_BRK_TIM9_IRQHandler
                0x0000000008007200                CAN2_RX0_IRQHandler
                0x0000000008007200                DMA2_Stream3_IRQHandler
                0x0000000008007200                USART6_IRQHandler
                0x0000000008007200                USART3_IRQHandler
                0x0000000008007200                CRYP_IRQHandler
                0x0000000008007200                CAN1_RX1_IRQHandler
                0x0000000008007200                UART5_IRQHandler
                0x0000000008007200                TIM4_IRQHandler
                0x0000000008007200                I2C1_EV_IRQHandler
                0x0000000008007200                DMA1_Stream6_IRQHandler
                0x0000000008007200                DMA1_Stream1_IRQHandler
                0x0000000008007200                UART4_IRQHandler
                0x0000000008007200                TIM3_IRQHandler
                0x0000000008007200                RCC_IRQHandler
                0x0000000008007200                TIM8_BRK_TIM12_IRQHandler
                0x0000000008007200                Default_Handler
                0x0000000008007200                ADC_IRQHandler
                0x0000000008007200                DMA1_Stream7_IRQHandler
                0x0000000008007200                TIM7_IRQHandler
                0x0000000008007200                CAN2_TX_IRQHandler
                0x0000000008007200                TIM5_IRQHandler
                0x0000000008007200                DMA2_Stream7_IRQHandler
                0x0000000008007200                I2C3_EV_IRQHandler
                0x0000000008007200                EXTI9_5_IRQHandler
                0x0000000008007200                RTC_WKUP_IRQHandler
                0x0000000008007200                SPI2_IRQHandler
                0x0000000008007200                OTG_HS_EP1_IN_IRQHandler
                0x0000000008007200                DMA1_Stream0_IRQHandler
                0x0000000008007200                CAN1_TX_IRQHandler
                0x0000000008007200                EXTI4_IRQHandler
                0x0000000008007200                FSMC_IRQHandler
                0x0000000008007200                OTG_HS_EP1_OUT_IRQHandler
                0x0000000008007200                WWDG_IRQHandler
                0x0000000008007200                TIM2_IRQHandler
                0x0000000008007200                OTG_FS_WKUP_IRQHandler
                0x0000000008007200                TIM1_TRG_COM_TIM11_IRQHandler
                0x0000000008007200                OTG_HS_IRQHandler
                0x0000000008007200                EXTI1_IRQHandler
                0x0000000008007200                USART2_IRQHandler
                0x0000000008007200                I2C2_ER_IRQHandler
                0x0000000008007200                DMA2_Stream1_IRQHandler
                0x0000000008007200                CAN1_SCE_IRQHandler
                0x0000000008007200                FLASH_IRQHandler
                0x0000000008007200                DMA2_Stream4_IRQHandler
                0x0000000008007200                USART1_IRQHandler
                0x0000000008007200                SPI3_IRQHandler
                0x0000000008007200                DMA1_Stream4_IRQHandler
                0x0000000008007200                I2C1_ER_IRQHandler
                0x0000000008007200                DMA2_Stream6_IRQHandler
                0x0000000008007200                DMA1_Stream3_IRQHandler
 *fill*         0x0000000008007202        0x2 
 .text.HAL_Init
                0x0000000008007204       0x44 ./Drivers/STM32F4xx_HAL_Driver/Src/stm32f4xx_hal.o
                0x0000000008007204                HAL_Init
 .text.HAL_InitTick
                0x0000000008007248       0x60 ./Drivers/STM32F4xx_HAL_Driver/Src/stm32f4xx_hal.o
                0x0000000008007248                HAL_InitTick
 .text.HAL_IncTick
                0x00000000080072a8       0x28 ./Drivers/STM32F4xx_HAL_Driver/Src/stm32f4xx_hal.o
                0x00000000080072a8                HAL_IncTick
 .text.HAL_GetTick
                0x00000000080072d0       0x18 ./Drivers/STM32F4xx_HAL_Driver/Src/stm32f4xx_hal.o
                0x00000000080072d0                HAL_GetTick
 .text.HAL_Delay
                0x00000000080072e8       0x48 ./Drivers/STM32F4xx_HAL_Driver/Src/stm32f4xx_hal.o
                0x00000000080072e8                HAL_Delay
 .text.HAL_ADC_Init
                0x0000000008007330       0x86 ./Drivers/STM32F4xx_HAL_Driver/Src/stm32f4xx_hal_adc.o
                0x0000000008007330                HAL_ADC_Init
 *fill*         0x00000000080073b6        0x2 
 .text.HAL_ADC_Start_DMA
                0x00000000080073b8      0x220 ./Drivers/STM32F4xx_HAL_Driver/Src/stm32f4xx_hal_adc.o
                0x00000000080073b8                HAL_ADC_Start_DMA
 .text.HAL_ADC_ConvHalfCpltCallback
                0x00000000080075d8       0x14 ./Drivers/STM32F4xx_HAL_Driver/Src/stm32f4xx_hal_adc.o
                0x00000000080075d8                HAL_ADC_ConvHalfCpltCallback
 .text.HAL_ADC_ErrorCallback
                0x00000000080075ec       0x14 ./Drivers/STM32F4xx_HAL_Driver/Src/stm32f4xx_hal_adc.o
                0x00000000080075ec                HAL_ADC_ErrorCallback
 .text.HAL_ADC_ConfigChannel
                0x0000000008007600      0x244 ./Drivers/STM32F4xx_HAL_Driver/Src/stm32f4xx_hal_adc.o
                0x0000000008007600                HAL_ADC_ConfigChannel
 .text.ADC_Init
                0x0000000008007844      0x1f8 ./Drivers/STM32F4xx_HAL_Driver/Src/stm32f4xx_hal_adc.o
 .text.ADC_DMAConvCplt
                0x0000000008007a3c       0xba ./Drivers/STM32F4xx_HAL_Driver/Src/stm32f4xx_hal_adc.o
 .text.ADC_DMAHalfConvCplt
                0x0000000008007af6       0x1c ./Drivers/STM32F4xx_HAL_Driver/Src/stm32f4xx_hal_adc.o
 .text.ADC_DMAError
                0x0000000008007b12       0x2e ./Drivers/STM32F4xx_HAL_Driver/Src/stm32f4xx_hal_adc.o
 .text.HAL_CAN_Init
                0x0000000008007b40      0x1f6 ./Drivers/STM32F4xx_HAL_Driver/Src/stm32f4xx_hal_can.o
                0x0000000008007b40                HAL_CAN_Init
 *fill*         0x0000000008007d36        0x2 
 .text.HAL_CAN_ConfigFilter
                0x0000000008007d38      0x1c0 ./Drivers/STM32F4xx_HAL_Driver/Src/stm32f4xx_hal_can.o
                0x0000000008007d38                HAL_CAN_ConfigFilter
 .text.HAL_CAN_Start
                0x0000000008007ef8       0x88 ./Drivers/STM32F4xx_HAL_Driver/Src/stm32f4xx_hal_can.o
                0x0000000008007ef8                HAL_CAN_Start
 .text.HAL_CAN_AddTxMessage
                0x0000000008007f80      0x1b6 ./Drivers/STM32F4xx_HAL_Driver/Src/stm32f4xx_hal_can.o
                0x0000000008007f80                HAL_CAN_AddTxMessage
 .text.HAL_CAN_GetRxMessage
                0x0000000008008136      0x224 ./Drivers/STM32F4xx_HAL_Driver/Src/stm32f4xx_hal_can.o
                0x0000000008008136                HAL_CAN_GetRxMessage
 .text.HAL_CAN_ActivateNotification
                0x000000000800835a       0x4c ./Drivers/STM32F4xx_HAL_Driver/Src/stm32f4xx_hal_can.o
                0x000000000800835a                HAL_CAN_ActivateNotification
 .text.HAL_CAN_IRQHandler
                0x00000000080083a6      0x36e ./Drivers/STM32F4xx_HAL_Driver/Src/stm32f4xx_hal_can.o
                0x00000000080083a6                HAL_CAN_IRQHandler
 .text.HAL_CAN_TxMailbox0CompleteCallback
                0x0000000008008714       0x14 ./Drivers/STM32F4xx_HAL_Driver/Src/stm32f4xx_hal_can.o
                0x0000000008008714                HAL_CAN_TxMailbox0CompleteCallback
 .text.HAL_CAN_TxMailbox1CompleteCallback
                0x0000000008008728       0x14 ./Drivers/STM32F4xx_HAL_Driver/Src/stm32f4xx_hal_can.o
                0x0000000008008728                HAL_CAN_TxMailbox1CompleteCallback
 .text.HAL_CAN_TxMailbox2CompleteCallback
                0x000000000800873c       0x14 ./Drivers/STM32F4xx_HAL_Driver/Src/stm32f4xx_hal_can.o
                0x000000000800873c                HAL_CAN_TxMailbox2CompleteCallback
 .text.HAL_CAN_TxMailbox0AbortCallback
                0x0000000008008750       0x14 ./Drivers/STM32F4xx_HAL_Driver/Src/stm32f4xx_hal_can.o
                0x0000000008008750                HAL_CAN_TxMailbox0AbortCallback
 .text.HAL_CAN_TxMailbox1AbortCallback
                0x0000000008008764       0x14 ./Drivers/STM32F4xx_HAL_Driver/Src/stm32f4xx_hal_can.o
                0x0000000008008764                HAL_CAN_TxMailbox1AbortCallback
 .text.HAL_CAN_TxMailbox2AbortCallback
                0x0000000008008778       0x14 ./Drivers/STM32F4xx_HAL_Driver/Src/stm32f4xx_hal_can.o
                0x0000000008008778                HAL_CAN_TxMailbox2AbortCallback
 .text.HAL_CAN_RxFifo0FullCallback
                0x000000000800878c       0x14 ./Drivers/STM32F4xx_HAL_Driver/Src/stm32f4xx_hal_can.o
                0x000000000800878c                HAL_CAN_RxFifo0FullCallback
 .text.HAL_CAN_RxFifo1FullCallback
                0x00000000080087a0       0x14 ./Drivers/STM32F4xx_HAL_Driver/Src/stm32f4xx_hal_can.o
                0x00000000080087a0                HAL_CAN_RxFifo1FullCallback
 .text.HAL_CAN_SleepCallback
                0x00000000080087b4       0x14 ./Drivers/STM32F4xx_HAL_Driver/Src/stm32f4xx_hal_can.o
                0x00000000080087b4                HAL_CAN_SleepCallback
 .text.HAL_CAN_WakeUpFromRxMsgCallback
                0x00000000080087c8       0x14 ./Drivers/STM32F4xx_HAL_Driver/Src/stm32f4xx_hal_can.o
                0x00000000080087c8                HAL_CAN_WakeUpFromRxMsgCallback
 .text.HAL_CAN_ErrorCallback
                0x00000000080087dc       0x14 ./Drivers/STM32F4xx_HAL_Driver/Src/stm32f4xx_hal_can.o
                0x00000000080087dc                HAL_CAN_ErrorCallback
 .text.__NVIC_SetPriorityGrouping
                0x00000000080087f0       0x48 ./Drivers/STM32F4xx_HAL_Driver/Src/stm32f4xx_hal_cortex.o
 .text.__NVIC_GetPriorityGrouping
                0x0000000008008838       0x1c ./Drivers/STM32F4xx_HAL_Driver/Src/stm32f4xx_hal_cortex.o
 .text.__NVIC_EnableIRQ
                0x0000000008008854       0x3c ./Drivers/STM32F4xx_HAL_Driver/Src/stm32f4xx_hal_cortex.o
 .text.__NVIC_SetPriority
                0x0000000008008890       0x54 ./Drivers/STM32F4xx_HAL_Driver/Src/stm32f4xx_hal_cortex.o
 .text.NVIC_EncodePriority
                0x00000000080088e4       0x66 ./Drivers/STM32F4xx_HAL_Driver/Src/stm32f4xx_hal_cortex.o
 *fill*         0x000000000800894a        0x2 
 .text.SysTick_Config
                0x000000000800894c       0x44 ./Drivers/STM32F4xx_HAL_Driver/Src/stm32f4xx_hal_cortex.o
 .text.HAL_NVIC_SetPriorityGrouping
                0x0000000008008990       0x16 ./Drivers/STM32F4xx_HAL_Driver/Src/stm32f4xx_hal_cortex.o
                0x0000000008008990                HAL_NVIC_SetPriorityGrouping
 .text.HAL_NVIC_SetPriority
                0x00000000080089a6       0x38 ./Drivers/STM32F4xx_HAL_Driver/Src/stm32f4xx_hal_cortex.o
                0x00000000080089a6                HAL_NVIC_SetPriority
 .text.HAL_NVIC_EnableIRQ
                0x00000000080089de       0x1c ./Drivers/STM32F4xx_HAL_Driver/Src/stm32f4xx_hal_cortex.o
                0x00000000080089de                HAL_NVIC_EnableIRQ
 .text.HAL_SYSTICK_Config
                0x00000000080089fa       0x18 ./Drivers/STM32F4xx_HAL_Driver/Src/stm32f4xx_hal_cortex.o
                0x00000000080089fa                HAL_SYSTICK_Config
 *fill*         0x0000000008008a12        0x2 
 .text.HAL_DMA_Init
                0x0000000008008a14      0x15c ./Drivers/STM32F4xx_HAL_Driver/Src/stm32f4xx_hal_dma.o
                0x0000000008008a14                HAL_DMA_Init
 .text.HAL_DMA_Start_IT
                0x0000000008008b70       0xb0 ./Drivers/STM32F4xx_HAL_Driver/Src/stm32f4xx_hal_dma.o
                0x0000000008008b70                HAL_DMA_Start_IT
 .text.HAL_DMA_IRQHandler
                0x0000000008008c20      0x314 ./Drivers/STM32F4xx_HAL_Driver/Src/stm32f4xx_hal_dma.o
                0x0000000008008c20                HAL_DMA_IRQHandler
 .text.DMA_SetConfig
                0x0000000008008f34       0x5c ./Drivers/STM32F4xx_HAL_Driver/Src/stm32f4xx_hal_dma.o
 .text.DMA_CalcBaseAndBitshift
                0x0000000008008f90       0x6c ./Drivers/STM32F4xx_HAL_Driver/Src/stm32f4xx_hal_dma.o
 .text.DMA_CheckFifoParam
                0x0000000008008ffc       0xf8 ./Drivers/STM32F4xx_HAL_Driver/Src/stm32f4xx_hal_dma.o
 .text.HAL_GPIO_Init
                0x00000000080090f4      0x338 ./Drivers/STM32F4xx_HAL_Driver/Src/stm32f4xx_hal_gpio.o
                0x00000000080090f4                HAL_GPIO_Init
 .text.HAL_GPIO_ReadPin
                0x000000000800942c       0x30 ./Drivers/STM32F4xx_HAL_Driver/Src/stm32f4xx_hal_gpio.o
                0x000000000800942c                HAL_GPIO_ReadPin
 .text.HAL_GPIO_WritePin
                0x000000000800945c       0x32 ./Drivers/STM32F4xx_HAL_Driver/Src/stm32f4xx_hal_gpio.o
                0x000000000800945c                HAL_GPIO_WritePin
 *fill*         0x000000000800948e        0x2 
 .text.HAL_GPIO_EXTI_IRQHandler
                0x0000000008009490       0x30 ./Drivers/STM32F4xx_HAL_Driver/Src/stm32f4xx_hal_gpio.o
                0x0000000008009490                HAL_GPIO_EXTI_IRQHandler
 .text.HAL_PCD_Init
                0x00000000080094c0      0x23a ./Drivers/STM32F4xx_HAL_Driver/Src/stm32f4xx_hal_pcd.o
                0x00000000080094c0                HAL_PCD_Init
 .text.HAL_PCD_Start
                0x00000000080096fa       0x66 ./Drivers/STM32F4xx_HAL_Driver/Src/stm32f4xx_hal_pcd.o
                0x00000000080096fa                HAL_PCD_Start
 .text.HAL_PCD_IRQHandler
                0x0000000008009760      0x93e ./Drivers/STM32F4xx_HAL_Driver/Src/stm32f4xx_hal_pcd.o
                0x0000000008009760                HAL_PCD_IRQHandler
 .text.HAL_PCD_SetAddress
                0x000000000800a09e       0x4a ./Drivers/STM32F4xx_HAL_Driver/Src/stm32f4xx_hal_pcd.o
                0x000000000800a09e                HAL_PCD_SetAddress
 .text.HAL_PCD_EP_Open
                0x000000000800a0e8       0xd0 ./Drivers/STM32F4xx_HAL_Driver/Src/stm32f4xx_hal_pcd.o
                0x000000000800a0e8                HAL_PCD_EP_Open
 .text.HAL_PCD_EP_Close
                0x000000000800a1b8       0x94 ./Drivers/STM32F4xx_HAL_Driver/Src/stm32f4xx_hal_pcd.o
                0x000000000800a1b8                HAL_PCD_EP_Close
 .text.HAL_PCD_EP_Receive
                0x000000000800a24c       0x96 ./Drivers/STM32F4xx_HAL_Driver/Src/stm32f4xx_hal_pcd.o
                0x000000000800a24c                HAL_PCD_EP_Receive
 .text.HAL_PCD_EP_GetRxCount
                0x000000000800a2e2       0x30 ./Drivers/STM32F4xx_HAL_Driver/Src/stm32f4xx_hal_pcd.o
                0x000000000800a2e2                HAL_PCD_EP_GetRxCount
 .text.HAL_PCD_EP_Transmit
                0x000000000800a312       0x94 ./Drivers/STM32F4xx_HAL_Driver/Src/stm32f4xx_hal_pcd.o
                0x000000000800a312                HAL_PCD_EP_Transmit
 .text.HAL_PCD_EP_SetStall
                0x000000000800a3a6       0xc8 ./Drivers/STM32F4xx_HAL_Driver/Src/stm32f4xx_hal_pcd.o
                0x000000000800a3a6                HAL_PCD_EP_SetStall
 .text.HAL_PCD_EP_ClrStall
                0x000000000800a46e       0xac ./Drivers/STM32F4xx_HAL_Driver/Src/stm32f4xx_hal_pcd.o
                0x000000000800a46e                HAL_PCD_EP_ClrStall
 .text.HAL_PCD_EP_Abort
                0x000000000800a51a       0x62 ./Drivers/STM32F4xx_HAL_Driver/Src/stm32f4xx_hal_pcd.o
                0x000000000800a51a                HAL_PCD_EP_Abort
 .text.PCD_WriteEmptyTxFifo
                0x000000000800a57c      0x11a ./Drivers/STM32F4xx_HAL_Driver/Src/stm32f4xx_hal_pcd.o
 *fill*         0x000000000800a696        0x2 
 .text.PCD_EP_OutXfrComplete_int
                0x000000000800a698      0x1d0 ./Drivers/STM32F4xx_HAL_Driver/Src/stm32f4xx_hal_pcd.o
 .text.PCD_EP_OutSetupPacket_int
                0x000000000800a868       0x8c ./Drivers/STM32F4xx_HAL_Driver/Src/stm32f4xx_hal_pcd.o
 .text.HAL_PCDEx_SetTxFiFo
                0x000000000800a8f4       0x8e ./Drivers/STM32F4xx_HAL_Driver/Src/stm32f4xx_hal_pcd_ex.o
                0x000000000800a8f4                HAL_PCDEx_SetTxFiFo
 .text.HAL_PCDEx_SetRxFiFo
                0x000000000800a982       0x22 ./Drivers/STM32F4xx_HAL_Driver/Src/stm32f4xx_hal_pcd_ex.o
                0x000000000800a982                HAL_PCDEx_SetRxFiFo
 .text.HAL_PCDEx_LPM_Callback
                0x000000000800a9a4       0x18 ./Drivers/STM32F4xx_HAL_Driver/Src/stm32f4xx_hal_pcd_ex.o
                0x000000000800a9a4                HAL_PCDEx_LPM_Callback
 .text.HAL_RCC_OscConfig
                0x000000000800a9bc      0x4f0 ./Drivers/STM32F4xx_HAL_Driver/Src/stm32f4xx_hal_rcc.o
                0x000000000800a9bc                HAL_RCC_OscConfig
 .text.HAL_RCC_ClockConfig
                0x000000000800aeac      0x1cc ./Drivers/STM32F4xx_HAL_Driver/Src/stm32f4xx_hal_rcc.o
                0x000000000800aeac                HAL_RCC_ClockConfig
 .text.HAL_RCC_GetSysClockFreq
                0x000000000800b078      0x20c ./Drivers/STM32F4xx_HAL_Driver/Src/stm32f4xx_hal_rcc.o
                0x000000000800b078                HAL_RCC_GetSysClockFreq
 .text.HAL_RCC_GetHCLKFreq
                0x000000000800b284       0x18 ./Drivers/STM32F4xx_HAL_Driver/Src/stm32f4xx_hal_rcc.o
                0x000000000800b284                HAL_RCC_GetHCLKFreq
 .text.HAL_SPI_Init
                0x000000000800b29c      0x112 ./Drivers/STM32F4xx_HAL_Driver/Src/stm32f4xx_hal_spi.o
                0x000000000800b29c                HAL_SPI_Init
 .text.HAL_SPI_TransmitReceive
                0x000000000800b3ae      0x344 ./Drivers/STM32F4xx_HAL_Driver/Src/stm32f4xx_hal_spi.o
                0x000000000800b3ae                HAL_SPI_TransmitReceive
 *fill*         0x000000000800b6f2        0x2 
 .text.SPI_WaitFlagStateUntilTimeout
                0x000000000800b6f4      0x110 ./Drivers/STM32F4xx_HAL_Driver/Src/stm32f4xx_hal_spi.o
 .text.SPI_EndRxTxTransaction
                0x000000000800b804       0x84 ./Drivers/STM32F4xx_HAL_Driver/Src/stm32f4xx_hal_spi.o
 .text.USB_CoreInit
                0x000000000800b888       0xc2 ./Drivers/STM32F4xx_HAL_Driver/Src/stm32f4xx_ll_usb.o
                0x000000000800b888                USB_CoreInit
 *fill*         0x000000000800b94a        0x2 
 .text.USB_SetTurnaroundTime
                0x000000000800b94c      0x144 ./Drivers/STM32F4xx_HAL_Driver/Src/stm32f4xx_ll_usb.o
                0x000000000800b94c                USB_SetTurnaroundTime
 .text.USB_EnableGlobalInt
                0x000000000800ba90       0x22 ./Drivers/STM32F4xx_HAL_Driver/Src/stm32f4xx_ll_usb.o
                0x000000000800ba90                USB_EnableGlobalInt
 .text.USB_DisableGlobalInt
                0x000000000800bab2       0x22 ./Drivers/STM32F4xx_HAL_Driver/Src/stm32f4xx_ll_usb.o
                0x000000000800bab2                USB_DisableGlobalInt
 .text.USB_SetCurrentMode
                0x000000000800bad4       0x98 ./Drivers/STM32F4xx_HAL_Driver/Src/stm32f4xx_ll_usb.o
                0x000000000800bad4                USB_SetCurrentMode
 .text.USB_DevInit
                0x000000000800bb6c      0x2c8 ./Drivers/STM32F4xx_HAL_Driver/Src/stm32f4xx_ll_usb.o
                0x000000000800bb6c                USB_DevInit
 .text.USB_FlushTxFifo
                0x000000000800be34       0x68 ./Drivers/STM32F4xx_HAL_Driver/Src/stm32f4xx_ll_usb.o
                0x000000000800be34                USB_FlushTxFifo
 .text.USB_FlushRxFifo
                0x000000000800be9c       0x60 ./Drivers/STM32F4xx_HAL_Driver/Src/stm32f4xx_ll_usb.o
                0x000000000800be9c                USB_FlushRxFifo
 .text.USB_SetDevSpeed
                0x000000000800befc       0x32 ./Drivers/STM32F4xx_HAL_Driver/Src/stm32f4xx_ll_usb.o
                0x000000000800befc                USB_SetDevSpeed
 .text.USB_GetDevSpeed
                0x000000000800bf2e       0x4a ./Drivers/STM32F4xx_HAL_Driver/Src/stm32f4xx_ll_usb.o
                0x000000000800bf2e                USB_GetDevSpeed
 .text.USB_ActivateEndpoint
                0x000000000800bf78      0x10e ./Drivers/STM32F4xx_HAL_Driver/Src/stm32f4xx_ll_usb.o
                0x000000000800bf78                USB_ActivateEndpoint
 *fill*         0x000000000800c086        0x2 
 .text.USB_DeactivateEndpoint
                0x000000000800c088      0x1b8 ./Drivers/STM32F4xx_HAL_Driver/Src/stm32f4xx_ll_usb.o
                0x000000000800c088                USB_DeactivateEndpoint
 .text.USB_EPStartXfer
                0x000000000800c240      0x490 ./Drivers/STM32F4xx_HAL_Driver/Src/stm32f4xx_ll_usb.o
                0x000000000800c240                USB_EPStartXfer
 .text.USB_EP0StartXfer
                0x000000000800c6d0      0x2b0 ./Drivers/STM32F4xx_HAL_Driver/Src/stm32f4xx_ll_usb.o
                0x000000000800c6d0                USB_EP0StartXfer
 .text.USB_EPStopXfer
                0x000000000800c980      0x154 ./Drivers/STM32F4xx_HAL_Driver/Src/stm32f4xx_ll_usb.o
                0x000000000800c980                USB_EPStopXfer
 .text.USB_WritePacket
                0x000000000800cad4       0x7c ./Drivers/STM32F4xx_HAL_Driver/Src/stm32f4xx_ll_usb.o
                0x000000000800cad4                USB_WritePacket
 .text.USB_ReadPacket
                0x000000000800cb50       0xb0 ./Drivers/STM32F4xx_HAL_Driver/Src/stm32f4xx_ll_usb.o
                0x000000000800cb50                USB_ReadPacket
 .text.USB_EPSetStall
                0x000000000800cc00       0xdc ./Drivers/STM32F4xx_HAL_Driver/Src/stm32f4xx_ll_usb.o
                0x000000000800cc00                USB_EPSetStall
 .text.USB_EPClearStall
                0x000000000800ccdc       0xcc ./Drivers/STM32F4xx_HAL_Driver/Src/stm32f4xx_ll_usb.o
                0x000000000800ccdc                USB_EPClearStall
 .text.USB_SetDevAddress
                0x000000000800cda8       0x4c ./Drivers/STM32F4xx_HAL_Driver/Src/stm32f4xx_ll_usb.o
                0x000000000800cda8                USB_SetDevAddress
 .text.USB_DevConnect
                0x000000000800cdf4       0x42 ./Drivers/STM32F4xx_HAL_Driver/Src/stm32f4xx_ll_usb.o
                0x000000000800cdf4                USB_DevConnect
 .text.USB_DevDisconnect
                0x000000000800ce36       0x42 ./Drivers/STM32F4xx_HAL_Driver/Src/stm32f4xx_ll_usb.o
                0x000000000800ce36                USB_DevDisconnect
 .text.USB_ReadInterrupts
                0x000000000800ce78       0x26 ./Drivers/STM32F4xx_HAL_Driver/Src/stm32f4xx_ll_usb.o
                0x000000000800ce78                USB_ReadInterrupts
 .text.USB_ReadDevAllOutEpInterrupt
                0x000000000800ce9e       0x34 ./Drivers/STM32F4xx_HAL_Driver/Src/stm32f4xx_ll_usb.o
                0x000000000800ce9e                USB_ReadDevAllOutEpInterrupt
 .text.USB_ReadDevAllInEpInterrupt
                0x000000000800ced2       0x34 ./Drivers/STM32F4xx_HAL_Driver/Src/stm32f4xx_ll_usb.o
                0x000000000800ced2                USB_ReadDevAllInEpInterrupt
 .text.USB_ReadDevOutEPInterrupt
                0x000000000800cf06       0x3c ./Drivers/STM32F4xx_HAL_Driver/Src/stm32f4xx_ll_usb.o
                0x000000000800cf06                USB_ReadDevOutEPInterrupt
 .text.USB_ReadDevInEPInterrupt
                0x000000000800cf42       0x5c ./Drivers/STM32F4xx_HAL_Driver/Src/stm32f4xx_ll_usb.o
                0x000000000800cf42                USB_ReadDevInEPInterrupt
 .text.USB_GetMode
                0x000000000800cf9e       0x1c ./Drivers/STM32F4xx_HAL_Driver/Src/stm32f4xx_ll_usb.o
                0x000000000800cf9e                USB_GetMode
 .text.USB_ActivateSetup
                0x000000000800cfba       0x46 ./Drivers/STM32F4xx_HAL_Driver/Src/stm32f4xx_ll_usb.o
                0x000000000800cfba                USB_ActivateSetup
 .text.USB_EP0_OutStart
                0x000000000800d000       0xbc ./Drivers/STM32F4xx_HAL_Driver/Src/stm32f4xx_ll_usb.o
                0x000000000800d000                USB_EP0_OutStart
 .text.USB_CoreReset
                0x000000000800d0bc       0x68 ./Drivers/STM32F4xx_HAL_Driver/Src/stm32f4xx_ll_usb.o
 .text.USBD_CDC_Init
                0x000000000800d124      0x1f0 ./Middlewares/ST/STM32_USB_Device_Library/Class/CDC/Src/usbd_cdc.o
 .text.USBD_CDC_DeInit
                0x000000000800d314      0x104 ./Middlewares/ST/STM32_USB_Device_Library/Class/CDC/Src/usbd_cdc.o
 .text.USBD_CDC_Setup
                0x000000000800d418      0x1b8 ./Middlewares/ST/STM32_USB_Device_Library/Class/CDC/Src/usbd_cdc.o
 .text.USBD_CDC_DataIn
                0x000000000800d5d0       0xfe ./Middlewares/ST/STM32_USB_Device_Library/Class/CDC/Src/usbd_cdc.o
 .text.USBD_CDC_DataOut
                0x000000000800d6ce       0x70 ./Middlewares/ST/STM32_USB_Device_Library/Class/CDC/Src/usbd_cdc.o
 .text.USBD_CDC_EP0_RxReady
                0x000000000800d73e       0x76 ./Middlewares/ST/STM32_USB_Device_Library/Class/CDC/Src/usbd_cdc.o
 .text.USBD_CDC_GetFSCfgDesc
                0x000000000800d7b4       0x70 ./Middlewares/ST/STM32_USB_Device_Library/Class/CDC/Src/usbd_cdc.o
 .text.USBD_CDC_GetHSCfgDesc
                0x000000000800d824       0x70 ./Middlewares/ST/STM32_USB_Device_Library/Class/CDC/Src/usbd_cdc.o
 .text.USBD_CDC_GetOtherSpeedCfgDesc
                0x000000000800d894       0x70 ./Middlewares/ST/STM32_USB_Device_Library/Class/CDC/Src/usbd_cdc.o
 .text.USBD_CDC_GetDeviceQualifierDescriptor
                0x000000000800d904       0x20 ./Middlewares/ST/STM32_USB_Device_Library/Class/CDC/Src/usbd_cdc.o
                0x000000000800d904                USBD_CDC_GetDeviceQualifierDescriptor
 .text.USBD_CDC_RegisterInterface
                0x000000000800d924       0x34 ./Middlewares/ST/STM32_USB_Device_Library/Class/CDC/Src/usbd_cdc.o
                0x000000000800d924                USBD_CDC_RegisterInterface
 .text.USBD_CDC_SetTxBuffer
                0x000000000800d958       0x44 ./Middlewares/ST/STM32_USB_Device_Library/Class/CDC/Src/usbd_cdc.o
                0x000000000800d958                USBD_CDC_SetTxBuffer
 .text.USBD_CDC_SetRxBuffer
                0x000000000800d99c       0x3a ./Middlewares/ST/STM32_USB_Device_Library/Class/CDC/Src/usbd_cdc.o
                0x000000000800d99c                USBD_CDC_SetRxBuffer
 *fill*         0x000000000800d9d6        0x2 
 .text.USBD_CDC_ReceivePacket
                0x000000000800d9d8       0x6c ./Middlewares/ST/STM32_USB_Device_Library/Class/CDC/Src/usbd_cdc.o
                0x000000000800d9d8                USBD_CDC_ReceivePacket
 .text.USBD_Init
                0x000000000800da44       0x60 ./Middlewares/ST/STM32_USB_Device_Library/Core/Src/usbd_core.o
                0x000000000800da44                USBD_Init
 .text.USBD_RegisterClass
                0x000000000800daa4       0x6c ./Middlewares/ST/STM32_USB_Device_Library/Core/Src/usbd_core.o
                0x000000000800daa4                USBD_RegisterClass
 .text.USBD_Start
                0x000000000800db10       0x18 ./Middlewares/ST/STM32_USB_Device_Library/Core/Src/usbd_core.o
                0x000000000800db10                USBD_Start
 .text.USBD_RunTestMode
                0x000000000800db28       0x16 ./Middlewares/ST/STM32_USB_Device_Library/Core/Src/usbd_core.o
                0x000000000800db28                USBD_RunTestMode
 .text.USBD_SetClassConfig
                0x000000000800db3e       0x38 ./Middlewares/ST/STM32_USB_Device_Library/Core/Src/usbd_core.o
                0x000000000800db3e                USBD_SetClassConfig
 .text.USBD_ClrClassConfig
                0x000000000800db76       0x34 ./Middlewares/ST/STM32_USB_Device_Library/Core/Src/usbd_core.o
                0x000000000800db76                USBD_ClrClassConfig
 .text.USBD_LL_SetupStage
                0x000000000800dbaa       0xaa ./Middlewares/ST/STM32_USB_Device_Library/Core/Src/usbd_core.o
                0x000000000800dbaa                USBD_LL_SetupStage
 .text.USBD_LL_DataOutStage
                0x000000000800dc54      0x166 ./Middlewares/ST/STM32_USB_Device_Library/Core/Src/usbd_core.o
                0x000000000800dc54                USBD_LL_DataOutStage
 .text.USBD_LL_DataInStage
                0x000000000800ddba      0x164 ./Middlewares/ST/STM32_USB_Device_Library/Core/Src/usbd_core.o
                0x000000000800ddba                USBD_LL_DataInStage
 .text.USBD_LL_Reset
                0x000000000800df1e       0xa4 ./Middlewares/ST/STM32_USB_Device_Library/Core/Src/usbd_core.o
                0x000000000800df1e                USBD_LL_Reset
 .text.USBD_LL_SetSpeed
                0x000000000800dfc2       0x20 ./Middlewares/ST/STM32_USB_Device_Library/Core/Src/usbd_core.o
                0x000000000800dfc2                USBD_LL_SetSpeed
 .text.USBD_LL_Suspend
                0x000000000800dfe2       0x2c ./Middlewares/ST/STM32_USB_Device_Library/Core/Src/usbd_core.o
                0x000000000800dfe2                USBD_LL_Suspend
 .text.USBD_LL_Resume
                0x000000000800e00e       0x30 ./Middlewares/ST/STM32_USB_Device_Library/Core/Src/usbd_core.o
                0x000000000800e00e                USBD_LL_Resume
 .text.USBD_LL_SOF
                0x000000000800e03e       0x40 ./Middlewares/ST/STM32_USB_Device_Library/Core/Src/usbd_core.o
                0x000000000800e03e                USBD_LL_SOF
 .text.USBD_LL_IsoINIncomplete
                0x000000000800e07e       0x64 ./Middlewares/ST/STM32_USB_Device_Library/Core/Src/usbd_core.o
                0x000000000800e07e                USBD_LL_IsoINIncomplete
 .text.USBD_LL_IsoOUTIncomplete
                0x000000000800e0e2       0x64 ./Middlewares/ST/STM32_USB_Device_Library/Core/Src/usbd_core.o
                0x000000000800e0e2                USBD_LL_IsoOUTIncomplete
 .text.USBD_LL_DevConnected
                0x000000000800e146       0x16 ./Middlewares/ST/STM32_USB_Device_Library/Core/Src/usbd_core.o
                0x000000000800e146                USBD_LL_DevConnected
 .text.USBD_LL_DevDisconnected
                0x000000000800e15c       0x46 ./Middlewares/ST/STM32_USB_Device_Library/Core/Src/usbd_core.o
                0x000000000800e15c                USBD_LL_DevDisconnected
 .text.USBD_CoreFindIF
                0x000000000800e1a2       0x1a ./Middlewares/ST/STM32_USB_Device_Library/Core/Src/usbd_core.o
                0x000000000800e1a2                USBD_CoreFindIF
 .text.USBD_CoreFindEP
                0x000000000800e1bc       0x1a ./Middlewares/ST/STM32_USB_Device_Library/Core/Src/usbd_core.o
                0x000000000800e1bc                USBD_CoreFindEP
 .text.USBD_GetEpDesc
                0x000000000800e1d6       0x74 ./Middlewares/ST/STM32_USB_Device_Library/Core/Src/usbd_core.o
                0x000000000800e1d6                USBD_GetEpDesc
 .text.USBD_GetNextDesc
                0x000000000800e24a       0x3a ./Middlewares/ST/STM32_USB_Device_Library/Core/Src/usbd_core.o
                0x000000000800e24a                USBD_GetNextDesc
 .text.SWAPBYTE
                0x000000000800e284       0x3c ./Middlewares/ST/STM32_USB_Device_Library/Core/Src/usbd_ctlreq.o
 .text.USBD_StdDevReq
                0x000000000800e2c0       0xe4 ./Middlewares/ST/STM32_USB_Device_Library/Core/Src/usbd_ctlreq.o
                0x000000000800e2c0                USBD_StdDevReq
 .text.USBD_StdItfReq
                0x000000000800e3a4       0xd8 ./Middlewares/ST/STM32_USB_Device_Library/Core/Src/usbd_ctlreq.o
                0x000000000800e3a4                USBD_StdItfReq
 .text.USBD_StdEPReq
                0x000000000800e47c      0x33a ./Middlewares/ST/STM32_USB_Device_Library/Core/Src/usbd_ctlreq.o
                0x000000000800e47c                USBD_StdEPReq
 *fill*         0x000000000800e7b6        0x2 
 .text.USBD_GetDescriptor
                0x000000000800e7b8      0x2d4 ./Middlewares/ST/STM32_USB_Device_Library/Core/Src/usbd_ctlreq.o
 .text.USBD_SetAddress
                0x000000000800ea8c       0x88 ./Middlewares/ST/STM32_USB_Device_Library/Core/Src/usbd_ctlreq.o
 .text.USBD_SetConfig
                0x000000000800eb14      0x154 ./Middlewares/ST/STM32_USB_Device_Library/Core/Src/usbd_ctlreq.o
 .text.USBD_GetConfig
                0x000000000800ec68       0x6c ./Middlewares/ST/STM32_USB_Device_Library/Core/Src/usbd_ctlreq.o
 .text.USBD_GetStatus
                0x000000000800ecd4       0x68 ./Middlewares/ST/STM32_USB_Device_Library/Core/Src/usbd_ctlreq.o
 .text.USBD_SetFeature
                0x000000000800ed3c       0x52 ./Middlewares/ST/STM32_USB_Device_Library/Core/Src/usbd_ctlreq.o
 .text.USBD_ClrFeature
                0x000000000800ed8e       0x44 ./Middlewares/ST/STM32_USB_Device_Library/Core/Src/usbd_ctlreq.o
 .text.USBD_ParseSetupRequest
                0x000000000800edd2       0x74 ./Middlewares/ST/STM32_USB_Device_Library/Core/Src/usbd_ctlreq.o
                0x000000000800edd2                USBD_ParseSetupRequest
 .text.USBD_CtlError
                0x000000000800ee46       0x22 ./Middlewares/ST/STM32_USB_Device_Library/Core/Src/usbd_ctlreq.o
                0x000000000800ee46                USBD_CtlError
 .text.USBD_GetString
                0x000000000800ee68       0x8c ./Middlewares/ST/STM32_USB_Device_Library/Core/Src/usbd_ctlreq.o
                0x000000000800ee68                USBD_GetString
 .text.USBD_GetLen
                0x000000000800eef4       0x34 ./Middlewares/ST/STM32_USB_Device_Library/Core/Src/usbd_ctlreq.o
 .text.USBD_CtlSendData
                0x000000000800ef28       0x36 ./Middlewares/ST/STM32_USB_Device_Library/Core/Src/usbd_ioreq.o
                0x000000000800ef28                USBD_CtlSendData
 .text.USBD_CtlContinueSendData
                0x000000000800ef5e       0x22 ./Middlewares/ST/STM32_USB_Device_Library/Core/Src/usbd_ioreq.o
                0x000000000800ef5e                USBD_CtlContinueSendData
 .text.USBD_CtlPrepareRx
                0x000000000800ef80       0x3a ./Middlewares/ST/STM32_USB_Device_Library/Core/Src/usbd_ioreq.o
                0x000000000800ef80                USBD_CtlPrepareRx
 .text.USBD_CtlContinueRx
                0x000000000800efba       0x22 ./Middlewares/ST/STM32_USB_Device_Library/Core/Src/usbd_ioreq.o
                0x000000000800efba                USBD_CtlContinueRx
 .text.USBD_CtlSendStatus
                0x000000000800efdc       0x26 ./Middlewares/ST/STM32_USB_Device_Library/Core/Src/usbd_ioreq.o
                0x000000000800efdc                USBD_CtlSendStatus
 .text.USBD_CtlReceiveStatus
                0x000000000800f002       0x26 ./Middlewares/ST/STM32_USB_Device_Library/Core/Src/usbd_ioreq.o
                0x000000000800f002                USBD_CtlReceiveStatus
 .text.MX_USB_DEVICE_Init
                0x000000000800f028       0x60 ./USB_DEVICE/App/usb_device.o
                0x000000000800f028                MX_USB_DEVICE_Init
 .text.CDC_Init_FS
                0x000000000800f088       0x28 ./USB_DEVICE/App/usbd_cdc_if.o
 .text.CDC_DeInit_FS
                0x000000000800f0b0       0x10 ./USB_DEVICE/App/usbd_cdc_if.o
 .text.CDC_Control_FS
                0x000000000800f0c0      0x144 ./USB_DEVICE/App/usbd_cdc_if.o
 .text.CDC_Receive_FS
                0x000000000800f204       0x28 ./USB_DEVICE/App/usbd_cdc_if.o
 .text.CDC_TransmitCplt_FS
                0x000000000800f22c       0x22 ./USB_DEVICE/App/usbd_cdc_if.o
 *fill*         0x000000000800f24e        0x2 
 .text.USBD_FS_DeviceDescriptor
                0x000000000800f250       0x24 ./USB_DEVICE/App/usbd_desc.o
                0x000000000800f250                USBD_FS_DeviceDescriptor
 .text.USBD_FS_LangIDStrDescriptor
                0x000000000800f274       0x24 ./USB_DEVICE/App/usbd_desc.o
                0x000000000800f274                USBD_FS_LangIDStrDescriptor
 .text.USBD_FS_ProductStrDescriptor
                0x000000000800f298       0x3c ./USB_DEVICE/App/usbd_desc.o
                0x000000000800f298                USBD_FS_ProductStrDescriptor
 .text.USBD_FS_ManufacturerStrDescriptor
                0x000000000800f2d4       0x28 ./USB_DEVICE/App/usbd_desc.o
                0x000000000800f2d4                USBD_FS_ManufacturerStrDescriptor
 .text.USBD_FS_SerialStrDescriptor
                0x000000000800f2fc       0x24 ./USB_DEVICE/App/usbd_desc.o
                0x000000000800f2fc                USBD_FS_SerialStrDescriptor
 .text.USBD_FS_ConfigStrDescriptor
                0x000000000800f320       0x3c ./USB_DEVICE/App/usbd_desc.o
                0x000000000800f320                USBD_FS_ConfigStrDescriptor
 .text.USBD_FS_InterfaceStrDescriptor
                0x000000000800f35c       0x3c ./USB_DEVICE/App/usbd_desc.o
                0x000000000800f35c                USBD_FS_InterfaceStrDescriptor
 .text.Get_SerialNum
                0x000000000800f398       0x58 ./USB_DEVICE/App/usbd_desc.o
 .text.IntToUnicode
                0x000000000800f3f0       0x7e ./USB_DEVICE/App/usbd_desc.o
 *fill*         0x000000000800f46e        0x2 
 .text.HAL_PCD_MspInit
                0x000000000800f470       0xa8 ./USB_DEVICE/Target/usbd_conf.o
                0x000000000800f470                HAL_PCD_MspInit
 .text.HAL_PCD_SetupStageCallback
                0x000000000800f518       0x24 ./USB_DEVICE/Target/usbd_conf.o
                0x000000000800f518                HAL_PCD_SetupStageCallback
 .text.HAL_PCD_DataOutStageCallback
                0x000000000800f53c       0x36 ./USB_DEVICE/Target/usbd_conf.o
                0x000000000800f53c                HAL_PCD_DataOutStageCallback
 .text.HAL_PCD_DataInStageCallback
                0x000000000800f572       0x34 ./USB_DEVICE/Target/usbd_conf.o
                0x000000000800f572                HAL_PCD_DataInStageCallback
 .text.HAL_PCD_SOFCallback
                0x000000000800f5a6       0x1c ./USB_DEVICE/Target/usbd_conf.o
                0x000000000800f5a6                HAL_PCD_SOFCallback
 .text.HAL_PCD_ResetCallback
                0x000000000800f5c2       0x50 ./USB_DEVICE/Target/usbd_conf.o
                0x000000000800f5c2                HAL_PCD_ResetCallback
 *fill*         0x000000000800f612        0x2 
 .text.HAL_PCD_SuspendCallback
                0x000000000800f614       0x4c ./USB_DEVICE/Target/usbd_conf.o
                0x000000000800f614                HAL_PCD_SuspendCallback
 .text.HAL_PCD_ResumeCallback
                0x000000000800f660       0x1c ./USB_DEVICE/Target/usbd_conf.o
                0x000000000800f660                HAL_PCD_ResumeCallback
 .text.HAL_PCD_ISOOUTIncompleteCallback
                0x000000000800f67c       0x24 ./USB_DEVICE/Target/usbd_conf.o
                0x000000000800f67c                HAL_PCD_ISOOUTIncompleteCallback
 .text.HAL_PCD_ISOINIncompleteCallback
                0x000000000800f6a0       0x24 ./USB_DEVICE/Target/usbd_conf.o
                0x000000000800f6a0                HAL_PCD_ISOINIncompleteCallback
 .text.HAL_PCD_ConnectCallback
                0x000000000800f6c4       0x1c ./USB_DEVICE/Target/usbd_conf.o
                0x000000000800f6c4                HAL_PCD_ConnectCallback
 .text.HAL_PCD_DisconnectCallback
                0x000000000800f6e0       0x1c ./USB_DEVICE/Target/usbd_conf.o
                0x000000000800f6e0                HAL_PCD_DisconnectCallback
 .text.USBD_LL_Init
                0x000000000800f6fc       0x98 ./USB_DEVICE/Target/usbd_conf.o
                0x000000000800f6fc                USBD_LL_Init
 .text.USBD_LL_Start
                0x000000000800f794       0x36 ./USB_DEVICE/Target/usbd_conf.o
                0x000000000800f794                USBD_LL_Start
 .text.USBD_LL_OpenEP
                0x000000000800f7ca       0x4c ./USB_DEVICE/Target/usbd_conf.o
                0x000000000800f7ca                USBD_LL_OpenEP
 .text.USBD_LL_CloseEP
                0x000000000800f816       0x3e ./USB_DEVICE/Target/usbd_conf.o
                0x000000000800f816                USBD_LL_CloseEP
 .text.USBD_LL_StallEP
                0x000000000800f854       0x3e ./USB_DEVICE/Target/usbd_conf.o
                0x000000000800f854                USBD_LL_StallEP
 .text.USBD_LL_ClearStallEP
                0x000000000800f892       0x3e ./USB_DEVICE/Target/usbd_conf.o
                0x000000000800f892                USBD_LL_ClearStallEP
 .text.USBD_LL_IsStallEP
                0x000000000800f8d0       0x58 ./USB_DEVICE/Target/usbd_conf.o
                0x000000000800f8d0                USBD_LL_IsStallEP
 .text.USBD_LL_SetUSBAddress
                0x000000000800f928       0x3e ./USB_DEVICE/Target/usbd_conf.o
                0x000000000800f928                USBD_LL_SetUSBAddress
 .text.USBD_LL_Transmit
                0x000000000800f966       0x42 ./USB_DEVICE/Target/usbd_conf.o
                0x000000000800f966                USBD_LL_Transmit
 .text.USBD_LL_PrepareReceive
                0x000000000800f9a8       0x42 ./USB_DEVICE/Target/usbd_conf.o
                0x000000000800f9a8                USBD_LL_PrepareReceive
 .text.USBD_LL_GetRxDataSize
                0x000000000800f9ea       0x26 ./USB_DEVICE/Target/usbd_conf.o
                0x000000000800f9ea                USBD_LL_GetRxDataSize
 .text.USBD_static_malloc
                0x000000000800fa10       0x1c ./USB_DEVICE/Target/usbd_conf.o
                0x000000000800fa10                USBD_static_malloc
 .text.USBD_static_free
                0x000000000800fa2c       0x14 ./USB_DEVICE/Target/usbd_conf.o
                0x000000000800fa2c                USBD_static_free
 .text.USBD_Get_USB_Status
                0x000000000800fa40       0x58 ./USB_DEVICE/Target/usbd_conf.o
                0x000000000800fa40                USBD_Get_USB_Status
 .text.malloc   0x000000000800fa98       0x10 C:/ST/STM32CubeIDE_1.11.2/STM32CubeIDE/plugins/com.st.stm32cube.ide.mcu.externaltools.gnu-tools-for-stm32.11.3.rel1.win32_1.1.0.202305231506/tools/bin/../lib/gcc/arm-none-eabi/11.3.1/../../../../arm-none-eabi/lib/thumb/v7e-m+fp/hard\libc_nano.a(libc_a-malloc.o)
                0x000000000800fa98                malloc
 .text.sbrk_aligned
                0x000000000800faa8       0x40 C:/ST/STM32CubeIDE_1.11.2/STM32CubeIDE/plugins/com.st.stm32cube.ide.mcu.externaltools.gnu-tools-for-stm32.11.3.rel1.win32_1.1.0.202305231506/tools/bin/../lib/gcc/arm-none-eabi/11.3.1/../../../../arm-none-eabi/lib/thumb/v7e-m+fp/hard\libc_nano.a(libc_a-mallocr.o)
 .text._malloc_r
                0x000000000800fae8      0x100 C:/ST/STM32CubeIDE_1.11.2/STM32CubeIDE/plugins/com.st.stm32cube.ide.mcu.externaltools.gnu-tools-for-stm32.11.3.rel1.win32_1.1.0.202305231506/tools/bin/../lib/gcc/arm-none-eabi/11.3.1/../../../../arm-none-eabi/lib/thumb/v7e-m+fp/hard\libc_nano.a(libc_a-mallocr.o)
                0x000000000800fae8                _malloc_r
 .text.__malloc_lock
                0x000000000800fbe8        0xc C:/ST/STM32CubeIDE_1.11.2/STM32CubeIDE/plugins/com.st.stm32cube.ide.mcu.externaltools.gnu-tools-for-stm32.11.3.rel1.win32_1.1.0.202305231506/tools/bin/../lib/gcc/arm-none-eabi/11.3.1/../../../../arm-none-eabi/lib/thumb/v7e-m+fp/hard\libc_nano.a(libc_a-mlock.o)
                0x000000000800fbe8                __malloc_lock
 .text.__malloc_unlock
                0x000000000800fbf4        0xc C:/ST/STM32CubeIDE_1.11.2/STM32CubeIDE/plugins/com.st.stm32cube.ide.mcu.externaltools.gnu-tools-for-stm32.11.3.rel1.win32_1.1.0.202305231506/tools/bin/../lib/gcc/arm-none-eabi/11.3.1/../../../../arm-none-eabi/lib/thumb/v7e-m+fp/hard\libc_nano.a(libc_a-mlock.o)
                0x000000000800fbf4                __malloc_unlock
 .text._realloc_r
                0x000000000800fc00       0x5e C:/ST/STM32CubeIDE_1.11.2/STM32CubeIDE/plugins/com.st.stm32cube.ide.mcu.externaltools.gnu-tools-for-stm32.11.3.rel1.win32_1.1.0.202305231506/tools/bin/../lib/gcc/arm-none-eabi/11.3.1/../../../../arm-none-eabi/lib/thumb/v7e-m+fp/hard\libc_nano.a(libc_a-reallocr.o)
                0x000000000800fc00                _realloc_r
 .text.sulp     0x000000000800fc5e       0x38 C:/ST/STM32CubeIDE_1.11.2/STM32CubeIDE/plugins/com.st.stm32cube.ide.mcu.externaltools.gnu-tools-for-stm32.11.3.rel1.win32_1.1.0.202305231506/tools/bin/../lib/gcc/arm-none-eabi/11.3.1/../../../../arm-none-eabi/lib/thumb/v7e-m+fp/hard\libc_nano.a(libc_a-strtod.o)
 *fill*         0x000000000800fc96        0x2 
 .text._strtod_l
                0x000000000800fc98      0xbe0 C:/ST/STM32CubeIDE_1.11.2/STM32CubeIDE/plugins/com.st.stm32cube.ide.mcu.externaltools.gnu-tools-for-stm32.11.3.rel1.win32_1.1.0.202305231506/tools/bin/../lib/gcc/arm-none-eabi/11.3.1/../../../../arm-none-eabi/lib/thumb/v7e-m+fp/hard\libc_nano.a(libc_a-strtod.o)
                0x000000000800fc98                _strtod_l
 .text._strtod_r
                0x0000000008010878        0xc C:/ST/STM32CubeIDE_1.11.2/STM32CubeIDE/plugins/com.st.stm32cube.ide.mcu.externaltools.gnu-tools-for-stm32.11.3.rel1.win32_1.1.0.202305231506/tools/bin/../lib/gcc/arm-none-eabi/11.3.1/../../../../arm-none-eabi/lib/thumb/v7e-m+fp/hard\libc_nano.a(libc_a-strtod.o)
                0x0000000008010878                _strtod_r
 .text.__cvt    0x0000000008010884       0xc4 C:/ST/STM32CubeIDE_1.11.2/STM32CubeIDE/plugins/com.st.stm32cube.ide.mcu.externaltools.gnu-tools-for-stm32.11.3.rel1.win32_1.1.0.202305231506/tools/bin/../lib/gcc/arm-none-eabi/11.3.1/../../../../arm-none-eabi/lib/thumb/v7e-m+fp/hard\libc_nano.a(libc_a-nano-vfprintf_float.o)
                0x0000000008010884                __cvt
 .text.__exponent
                0x0000000008010948       0x7c C:/ST/STM32CubeIDE_1.11.2/STM32CubeIDE/plugins/com.st.stm32cube.ide.mcu.externaltools.gnu-tools-for-stm32.11.3.rel1.win32_1.1.0.202305231506/tools/bin/../lib/gcc/arm-none-eabi/11.3.1/../../../../arm-none-eabi/lib/thumb/v7e-m+fp/hard\libc_nano.a(libc_a-nano-vfprintf_float.o)
                0x0000000008010948                __exponent
 .text._printf_float
                0x00000000080109c4      0x46c C:/ST/STM32CubeIDE_1.11.2/STM32CubeIDE/plugins/com.st.stm32cube.ide.mcu.externaltools.gnu-tools-for-stm32.11.3.rel1.win32_1.1.0.202305231506/tools/bin/../lib/gcc/arm-none-eabi/11.3.1/../../../../arm-none-eabi/lib/thumb/v7e-m+fp/hard\libc_nano.a(libc_a-nano-vfprintf_float.o)
                0x00000000080109c4                _printf_float
 .text._printf_common
                0x0000000008010e30       0xda C:/ST/STM32CubeIDE_1.11.2/STM32CubeIDE/plugins/com.st.stm32cube.ide.mcu.externaltools.gnu-tools-for-stm32.11.3.rel1.win32_1.1.0.202305231506/tools/bin/../lib/gcc/arm-none-eabi/11.3.1/../../../../arm-none-eabi/lib/thumb/v7e-m+fp/hard\libc_nano.a(libc_a-nano-vfprintf_i.o)
                0x0000000008010e30                _printf_common
 *fill*         0x0000000008010f0a        0x2 
 .text._printf_i
                0x0000000008010f0c      0x244 C:/ST/STM32CubeIDE_1.11.2/STM32CubeIDE/plugins/com.st.stm32cube.ide.mcu.externaltools.gnu-tools-for-stm32.11.3.rel1.win32_1.1.0.202305231506/tools/bin/../lib/gcc/arm-none-eabi/11.3.1/../../../../arm-none-eabi/lib/thumb/v7e-m+fp/hard\libc_nano.a(libc_a-nano-vfprintf_i.o)
                0x0000000008010f0c                _printf_i
 .text._scanf_float
                0x0000000008011150      0x420 C:/ST/STM32CubeIDE_1.11.2/STM32CubeIDE/plugins/com.st.stm32cube.ide.mcu.externaltools.gnu-tools-for-stm32.11.3.rel1.win32_1.1.0.202305231506/tools/bin/../lib/gcc/arm-none-eabi/11.3.1/../../../../arm-none-eabi/lib/thumb/v7e-m+fp/hard\libc_nano.a(libc_a-nano-vfscanf_float.o)
                0x0000000008011150                _scanf_float
 .text.std      0x0000000008011570       0x48 C:/ST/STM32CubeIDE_1.11.2/STM32CubeIDE/plugins/com.st.stm32cube.ide.mcu.externaltools.gnu-tools-for-stm32.11.3.rel1.win32_1.1.0.202305231506/tools/bin/../lib/gcc/arm-none-eabi/11.3.1/../../../../arm-none-eabi/lib/thumb/v7e-m+fp/hard\libc_nano.a(libc_a-findfp.o)
 .text.stdio_exit_handler
                0x00000000080115b8       0x18 C:/ST/STM32CubeIDE_1.11.2/STM32CubeIDE/plugins/com.st.stm32cube.ide.mcu.externaltools.gnu-tools-for-stm32.11.3.rel1.win32_1.1.0.202305231506/tools/bin/../lib/gcc/arm-none-eabi/11.3.1/../../../../arm-none-eabi/lib/thumb/v7e-m+fp/hard\libc_nano.a(libc_a-findfp.o)
 .text.cleanup_stdio
                0x00000000080115d0       0x40 C:/ST/STM32CubeIDE_1.11.2/STM32CubeIDE/plugins/com.st.stm32cube.ide.mcu.externaltools.gnu-tools-for-stm32.11.3.rel1.win32_1.1.0.202305231506/tools/bin/../lib/gcc/arm-none-eabi/11.3.1/../../../../arm-none-eabi/lib/thumb/v7e-m+fp/hard\libc_nano.a(libc_a-findfp.o)
 .text.global_stdio_init.part.0
                0x0000000008011610       0x3c C:/ST/STM32CubeIDE_1.11.2/STM32CubeIDE/plugins/com.st.stm32cube.ide.mcu.externaltools.gnu-tools-for-stm32.11.3.rel1.win32_1.1.0.202305231506/tools/bin/../lib/gcc/arm-none-eabi/11.3.1/../../../../arm-none-eabi/lib/thumb/v7e-m+fp/hard\libc_nano.a(libc_a-findfp.o)
 .text.__sfp_lock_acquire
                0x000000000801164c        0xc C:/ST/STM32CubeIDE_1.11.2/STM32CubeIDE/plugins/com.st.stm32cube.ide.mcu.externaltools.gnu-tools-for-stm32.11.3.rel1.win32_1.1.0.202305231506/tools/bin/../lib/gcc/arm-none-eabi/11.3.1/../../../../arm-none-eabi/lib/thumb/v7e-m+fp/hard\libc_nano.a(libc_a-findfp.o)
                0x000000000801164c                __sfp_lock_acquire
 .text.__sfp_lock_release
                0x0000000008011658        0xc C:/ST/STM32CubeIDE_1.11.2/STM32CubeIDE/plugins/com.st.stm32cube.ide.mcu.externaltools.gnu-tools-for-stm32.11.3.rel1.win32_1.1.0.202305231506/tools/bin/../lib/gcc/arm-none-eabi/11.3.1/../../../../arm-none-eabi/lib/thumb/v7e-m+fp/hard\libc_nano.a(libc_a-findfp.o)
                0x0000000008011658                __sfp_lock_release
 .text.__sinit  0x0000000008011664       0x30 C:/ST/STM32CubeIDE_1.11.2/STM32CubeIDE/plugins/com.st.stm32cube.ide.mcu.externaltools.gnu-tools-for-stm32.11.3.rel1.win32_1.1.0.202305231506/tools/bin/../lib/gcc/arm-none-eabi/11.3.1/../../../../arm-none-eabi/lib/thumb/v7e-m+fp/hard\libc_nano.a(libc_a-findfp.o)
                0x0000000008011664                __sinit
 .text._fwalk_sglue
                0x0000000008011694       0x3c C:/ST/STM32CubeIDE_1.11.2/STM32CubeIDE/plugins/com.st.stm32cube.ide.mcu.externaltools.gnu-tools-for-stm32.11.3.rel1.win32_1.1.0.202305231506/tools/bin/../lib/gcc/arm-none-eabi/11.3.1/../../../../arm-none-eabi/lib/thumb/v7e-m+fp/hard\libc_nano.a(libc_a-fwalk.o)
                0x0000000008011694                _fwalk_sglue
 .text.sprintf  0x00000000080116d0       0x40 C:/ST/STM32CubeIDE_1.11.2/STM32CubeIDE/plugins/com.st.stm32cube.ide.mcu.externaltools.gnu-tools-for-stm32.11.3.rel1.win32_1.1.0.202305231506/tools/bin/../lib/gcc/arm-none-eabi/11.3.1/../../../../arm-none-eabi/lib/thumb/v7e-m+fp/hard\libc_nano.a(libc_a-sprintf.o)
                0x00000000080116d0                siprintf
                0x00000000080116d0                sprintf
 .text.__sread  0x0000000008011710       0x22 C:/ST/STM32CubeIDE_1.11.2/STM32CubeIDE/plugins/com.st.stm32cube.ide.mcu.externaltools.gnu-tools-for-stm32.11.3.rel1.win32_1.1.0.202305231506/tools/bin/../lib/gcc/arm-none-eabi/11.3.1/../../../../arm-none-eabi/lib/thumb/v7e-m+fp/hard\libc_nano.a(libc_a-stdio.o)
                0x0000000008011710                __sread
 .text.__swrite
                0x0000000008011732       0x38 C:/ST/STM32CubeIDE_1.11.2/STM32CubeIDE/plugins/com.st.stm32cube.ide.mcu.externaltools.gnu-tools-for-stm32.11.3.rel1.win32_1.1.0.202305231506/tools/bin/../lib/gcc/arm-none-eabi/11.3.1/../../../../arm-none-eabi/lib/thumb/v7e-m+fp/hard\libc_nano.a(libc_a-stdio.o)
                0x0000000008011732                __swrite
 .text.__sseek  0x000000000801176a       0x24 C:/ST/STM32CubeIDE_1.11.2/STM32CubeIDE/plugins/com.st.stm32cube.ide.mcu.externaltools.gnu-tools-for-stm32.11.3.rel1.win32_1.1.0.202305231506/tools/bin/../lib/gcc/arm-none-eabi/11.3.1/../../../../arm-none-eabi/lib/thumb/v7e-m+fp/hard\libc_nano.a(libc_a-stdio.o)
                0x000000000801176a                __sseek
 .text.__sclose
                0x000000000801178e        0x8 C:/ST/STM32CubeIDE_1.11.2/STM32CubeIDE/plugins/com.st.stm32cube.ide.mcu.externaltools.gnu-tools-for-stm32.11.3.rel1.win32_1.1.0.202305231506/tools/bin/../lib/gcc/arm-none-eabi/11.3.1/../../../../arm-none-eabi/lib/thumb/v7e-m+fp/hard\libc_nano.a(libc_a-stdio.o)
                0x000000000801178e                __sclose
 .text.memset   0x0000000008011796       0x10 C:/ST/STM32CubeIDE_1.11.2/STM32CubeIDE/plugins/com.st.stm32cube.ide.mcu.externaltools.gnu-tools-for-stm32.11.3.rel1.win32_1.1.0.202305231506/tools/bin/../lib/gcc/arm-none-eabi/11.3.1/../../../../arm-none-eabi/lib/thumb/v7e-m+fp/hard\libc_nano.a(libc_a-memset.o)
                0x0000000008011796                memset
 .text.strncmp  0x00000000080117a6       0x24 C:/ST/STM32CubeIDE_1.11.2/STM32CubeIDE/plugins/com.st.stm32cube.ide.mcu.externaltools.gnu-tools-for-stm32.11.3.rel1.win32_1.1.0.202305231506/tools/bin/../lib/gcc/arm-none-eabi/11.3.1/../../../../arm-none-eabi/lib/thumb/v7e-m+fp/hard\libc_nano.a(libc_a-strncmp.o)
                0x00000000080117a6                strncmp
 *fill*         0x00000000080117ca        0x2 
 .text._localeconv_r
                0x00000000080117cc        0x8 C:/ST/STM32CubeIDE_1.11.2/STM32CubeIDE/plugins/com.st.stm32cube.ide.mcu.externaltools.gnu-tools-for-stm32.11.3.rel1.win32_1.1.0.202305231506/tools/bin/../lib/gcc/arm-none-eabi/11.3.1/../../../../arm-none-eabi/lib/thumb/v7e-m+fp/hard\libc_nano.a(libc_a-localeconv.o)
                0x00000000080117cc                _localeconv_r
 .text._close_r
                0x00000000080117d4       0x20 C:/ST/STM32CubeIDE_1.11.2/STM32CubeIDE/plugins/com.st.stm32cube.ide.mcu.externaltools.gnu-tools-for-stm32.11.3.rel1.win32_1.1.0.202305231506/tools/bin/../lib/gcc/arm-none-eabi/11.3.1/../../../../arm-none-eabi/lib/thumb/v7e-m+fp/hard\libc_nano.a(libc_a-closer.o)
                0x00000000080117d4                _close_r
 .text._lseek_r
                0x00000000080117f4       0x24 C:/ST/STM32CubeIDE_1.11.2/STM32CubeIDE/plugins/com.st.stm32cube.ide.mcu.externaltools.gnu-tools-for-stm32.11.3.rel1.win32_1.1.0.202305231506/tools/bin/../lib/gcc/arm-none-eabi/11.3.1/../../../../arm-none-eabi/lib/thumb/v7e-m+fp/hard\libc_nano.a(libc_a-lseekr.o)
                0x00000000080117f4                _lseek_r
 .text._read_r  0x0000000008011818       0x24 C:/ST/STM32CubeIDE_1.11.2/STM32CubeIDE/plugins/com.st.stm32cube.ide.mcu.externaltools.gnu-tools-for-stm32.11.3.rel1.win32_1.1.0.202305231506/tools/bin/../lib/gcc/arm-none-eabi/11.3.1/../../../../arm-none-eabi/lib/thumb/v7e-m+fp/hard\libc_nano.a(libc_a-readr.o)
                0x0000000008011818                _read_r
 .text._sbrk_r  0x000000000801183c       0x20 C:/ST/STM32CubeIDE_1.11.2/STM32CubeIDE/plugins/com.st.stm32cube.ide.mcu.externaltools.gnu-tools-for-stm32.11.3.rel1.win32_1.1.0.202305231506/tools/bin/../lib/gcc/arm-none-eabi/11.3.1/../../../../arm-none-eabi/lib/thumb/v7e-m+fp/hard\libc_nano.a(libc_a-sbrkr.o)
                0x000000000801183c                _sbrk_r
 .text._write_r
                0x000000000801185c       0x24 C:/ST/STM32CubeIDE_1.11.2/STM32CubeIDE/plugins/com.st.stm32cube.ide.mcu.externaltools.gnu-tools-for-stm32.11.3.rel1.win32_1.1.0.202305231506/tools/bin/../lib/gcc/arm-none-eabi/11.3.1/../../../../arm-none-eabi/lib/thumb/v7e-m+fp/hard\libc_nano.a(libc_a-writer.o)
                0x000000000801185c                _write_r
 .text.__errno  0x0000000008011880        0xc C:/ST/STM32CubeIDE_1.11.2/STM32CubeIDE/plugins/com.st.stm32cube.ide.mcu.externaltools.gnu-tools-for-stm32.11.3.rel1.win32_1.1.0.202305231506/tools/bin/../lib/gcc/arm-none-eabi/11.3.1/../../../../arm-none-eabi/lib/thumb/v7e-m+fp/hard\libc_nano.a(libc_a-errno.o)
                0x0000000008011880                __errno
 .text.__libc_init_array
                0x000000000801188c       0x48 C:/ST/STM32CubeIDE_1.11.2/STM32CubeIDE/plugins/com.st.stm32cube.ide.mcu.externaltools.gnu-tools-for-stm32.11.3.rel1.win32_1.1.0.202305231506/tools/bin/../lib/gcc/arm-none-eabi/11.3.1/../../../../arm-none-eabi/lib/thumb/v7e-m+fp/hard\libc_nano.a(libc_a-init.o)
                0x000000000801188c                __libc_init_array
 .text.__retarget_lock_acquire_recursive
                0x00000000080118d4        0x2 C:/ST/STM32CubeIDE_1.11.2/STM32CubeIDE/plugins/com.st.stm32cube.ide.mcu.externaltools.gnu-tools-for-stm32.11.3.rel1.win32_1.1.0.202305231506/tools/bin/../lib/gcc/arm-none-eabi/11.3.1/../../../../arm-none-eabi/lib/thumb/v7e-m+fp/hard\libc_nano.a(libc_a-lock.o)
                0x00000000080118d4                __retarget_lock_acquire_recursive
 .text.__retarget_lock_release_recursive
                0x00000000080118d6        0x2 C:/ST/STM32CubeIDE_1.11.2/STM32CubeIDE/plugins/com.st.stm32cube.ide.mcu.externaltools.gnu-tools-for-stm32.11.3.rel1.win32_1.1.0.202305231506/tools/bin/../lib/gcc/arm-none-eabi/11.3.1/../../../../arm-none-eabi/lib/thumb/v7e-m+fp/hard\libc_nano.a(libc_a-lock.o)
                0x00000000080118d6                __retarget_lock_release_recursive
 .text.memcpy   0x00000000080118d8       0x1c C:/ST/STM32CubeIDE_1.11.2/STM32CubeIDE/plugins/com.st.stm32cube.ide.mcu.externaltools.gnu-tools-for-stm32.11.3.rel1.win32_1.1.0.202305231506/tools/bin/../lib/gcc/arm-none-eabi/11.3.1/../../../../arm-none-eabi/lib/thumb/v7e-m+fp/hard\libc_nano.a(libc_a-memcpy-stub.o)
                0x00000000080118d8                memcpy
 *fill*         0x00000000080118f4        0x4 
 .text.nan      0x00000000080118f8       0x10 C:/ST/STM32CubeIDE_1.11.2/STM32CubeIDE/plugins/com.st.stm32cube.ide.mcu.externaltools.gnu-tools-for-stm32.11.3.rel1.win32_1.1.0.202305231506/tools/bin/../lib/gcc/arm-none-eabi/11.3.1/../../../../arm-none-eabi/lib/thumb/v7e-m+fp/hard\libc_nano.a(libm_a-s_nan.o)
                0x00000000080118f8                nan
 .text.nanf     0x0000000008011908        0xc C:/ST/STM32CubeIDE_1.11.2/STM32CubeIDE/plugins/com.st.stm32cube.ide.mcu.externaltools.gnu-tools-for-stm32.11.3.rel1.win32_1.1.0.202305231506/tools/bin/../lib/gcc/arm-none-eabi/11.3.1/../../../../arm-none-eabi/lib/thumb/v7e-m+fp/hard\libc_nano.a(libm_a-sf_nan.o)
                0x0000000008011908                nanf
 .text.quorem   0x0000000008011914      0x110 C:/ST/STM32CubeIDE_1.11.2/STM32CubeIDE/plugins/com.st.stm32cube.ide.mcu.externaltools.gnu-tools-for-stm32.11.3.rel1.win32_1.1.0.202305231506/tools/bin/../lib/gcc/arm-none-eabi/11.3.1/../../../../arm-none-eabi/lib/thumb/v7e-m+fp/hard\libc_nano.a(libc_a-dtoa.o)
 *fill*         0x0000000008011a24        0x4 
 .text._dtoa_r  0x0000000008011a28      0xbe4 C:/ST/STM32CubeIDE_1.11.2/STM32CubeIDE/plugins/com.st.stm32cube.ide.mcu.externaltools.gnu-tools-for-stm32.11.3.rel1.win32_1.1.0.202305231506/tools/bin/../lib/gcc/arm-none-eabi/11.3.1/../../../../arm-none-eabi/lib/thumb/v7e-m+fp/hard\libc_nano.a(libc_a-dtoa.o)
                0x0000000008011a28                _dtoa_r
 .text._free_r  0x000000000801260c       0x98 C:/ST/STM32CubeIDE_1.11.2/STM32CubeIDE/plugins/com.st.stm32cube.ide.mcu.externaltools.gnu-tools-for-stm32.11.3.rel1.win32_1.1.0.202305231506/tools/bin/../lib/gcc/arm-none-eabi/11.3.1/../../../../arm-none-eabi/lib/thumb/v7e-m+fp/hard\libc_nano.a(libc_a-freer.o)
                0x000000000801260c                _free_r
 .text.rshift   0x00000000080126a4       0xa4 C:/ST/STM32CubeIDE_1.11.2/STM32CubeIDE/plugins/com.st.stm32cube.ide.mcu.externaltools.gnu-tools-for-stm32.11.3.rel1.win32_1.1.0.202305231506/tools/bin/../lib/gcc/arm-none-eabi/11.3.1/../../../../arm-none-eabi/lib/thumb/v7e-m+fp/hard\libc_nano.a(libc_a-gdtoa-gethex.o)
 .text.__hexdig_fun
                0x0000000008012748       0x2a C:/ST/STM32CubeIDE_1.11.2/STM32CubeIDE/plugins/com.st.stm32cube.ide.mcu.externaltools.gnu-tools-for-stm32.11.3.rel1.win32_1.1.0.202305231506/tools/bin/../lib/gcc/arm-none-eabi/11.3.1/../../../../arm-none-eabi/lib/thumb/v7e-m+fp/hard\libc_nano.a(libc_a-gdtoa-gethex.o)
                0x0000000008012748                __hexdig_fun
 *fill*         0x0000000008012772        0x2 
 .text.__gethex
                0x0000000008012774      0x45c C:/ST/STM32CubeIDE_1.11.2/STM32CubeIDE/plugins/com.st.stm32cube.ide.mcu.externaltools.gnu-tools-for-stm32.11.3.rel1.win32_1.1.0.202305231506/tools/bin/../lib/gcc/arm-none-eabi/11.3.1/../../../../arm-none-eabi/lib/thumb/v7e-m+fp/hard\libc_nano.a(libc_a-gdtoa-gethex.o)
                0x0000000008012774                __gethex
 .text.L_shift  0x0000000008012bd0       0x24 C:/ST/STM32CubeIDE_1.11.2/STM32CubeIDE/plugins/com.st.stm32cube.ide.mcu.externaltools.gnu-tools-for-stm32.11.3.rel1.win32_1.1.0.202305231506/tools/bin/../lib/gcc/arm-none-eabi/11.3.1/../../../../arm-none-eabi/lib/thumb/v7e-m+fp/hard\libc_nano.a(libc_a-gdtoa-hexnan.o)
 .text.__match  0x0000000008012bf4       0x28 C:/ST/STM32CubeIDE_1.11.2/STM32CubeIDE/plugins/com.st.stm32cube.ide.mcu.externaltools.gnu-tools-for-stm32.11.3.rel1.win32_1.1.0.202305231506/tools/bin/../lib/gcc/arm-none-eabi/11.3.1/../../../../arm-none-eabi/lib/thumb/v7e-m+fp/hard\libc_nano.a(libc_a-gdtoa-hexnan.o)
                0x0000000008012bf4                __match
 .text.__hexnan
                0x0000000008012c1c      0x136 C:/ST/STM32CubeIDE_1.11.2/STM32CubeIDE/plugins/com.st.stm32cube.ide.mcu.externaltools.gnu-tools-for-stm32.11.3.rel1.win32_1.1.0.202305231506/tools/bin/../lib/gcc/arm-none-eabi/11.3.1/../../../../arm-none-eabi/lib/thumb/v7e-m+fp/hard\libc_nano.a(libc_a-gdtoa-hexnan.o)
                0x0000000008012c1c                __hexnan
 .text.__ascii_mbtowc
                0x0000000008012d52       0x24 C:/ST/STM32CubeIDE_1.11.2/STM32CubeIDE/plugins/com.st.stm32cube.ide.mcu.externaltools.gnu-tools-for-stm32.11.3.rel1.win32_1.1.0.202305231506/tools/bin/../lib/gcc/arm-none-eabi/11.3.1/../../../../arm-none-eabi/lib/thumb/v7e-m+fp/hard\libc_nano.a(libc_a-mbtowc_r.o)
                0x0000000008012d52                __ascii_mbtowc
 *fill*         0x0000000008012d76        0x2 
 .text._Balloc  0x0000000008012d78       0x80 C:/ST/STM32CubeIDE_1.11.2/STM32CubeIDE/plugins/com.st.stm32cube.ide.mcu.externaltools.gnu-tools-for-stm32.11.3.rel1.win32_1.1.0.202305231506/tools/bin/../lib/gcc/arm-none-eabi/11.3.1/../../../../arm-none-eabi/lib/thumb/v7e-m+fp/hard\libc_nano.a(libc_a-mprec.o)
                0x0000000008012d78                _Balloc
 .text._Bfree   0x0000000008012df8       0x44 C:/ST/STM32CubeIDE_1.11.2/STM32CubeIDE/plugins/com.st.stm32cube.ide.mcu.externaltools.gnu-tools-for-stm32.11.3.rel1.win32_1.1.0.202305231506/tools/bin/../lib/gcc/arm-none-eabi/11.3.1/../../../../arm-none-eabi/lib/thumb/v7e-m+fp/hard\libc_nano.a(libc_a-mprec.o)
                0x0000000008012df8                _Bfree
 .text.__multadd
                0x0000000008012e3c       0x8c C:/ST/STM32CubeIDE_1.11.2/STM32CubeIDE/plugins/com.st.stm32cube.ide.mcu.externaltools.gnu-tools-for-stm32.11.3.rel1.win32_1.1.0.202305231506/tools/bin/../lib/gcc/arm-none-eabi/11.3.1/../../../../arm-none-eabi/lib/thumb/v7e-m+fp/hard\libc_nano.a(libc_a-mprec.o)
                0x0000000008012e3c                __multadd