Archive member included to satisfy reference by file (symbol)

c:/st/stm32cubeide_1.12.1/stm32cubeide/plugins/com.st.stm32cube.ide.mcu.externaltools.gnu-tools-for-stm32.10.3-2021.10.win32_1.0.200.202301161003/tools/bin/../lib/gcc/arm-none-eabi/10.3.1/../../../../arm-none-eabi/lib/thumb/v7e-m+fp/hard\libc_nano.a(lib_a-errno.o)
                              ./Core/Src/syscalls.o (__errno)
c:/st/stm32cubeide_1.12.1/stm32cubeide/plugins/com.st.stm32cube.ide.mcu.externaltools.gnu-tools-for-stm32.10.3-2021.10.win32_1.0.200.202301161003/tools/bin/../lib/gcc/arm-none-eabi/10.3.1/../../../../arm-none-eabi/lib/thumb/v7e-m+fp/hard\libc_nano.a(lib_a-exit.o)
                              c:/st/stm32cubeide_1.12.1/stm32cubeide/plugins/com.st.stm32cube.ide.mcu.externaltools.gnu-tools-for-stm32.10.3-2021.10.win32_1.0.200.202301161003/tools/bin/../lib/gcc/arm-none-eabi/10.3.1/../../../../arm-none-eabi/lib/thumb/v7e-m+fp/hard/crt0.o (exit)
c:/st/stm32cubeide_1.12.1/stm32cubeide/plugins/com.st.stm32cube.ide.mcu.externaltools.gnu-tools-for-stm32.10.3-2021.10.win32_1.0.200.202301161003/tools/bin/../lib/gcc/arm-none-eabi/10.3.1/../../../../arm-none-eabi/lib/thumb/v7e-m+fp/hard\libc_nano.a(lib_a-impure.o)
                              c:/st/stm32cubeide_1.12.1/stm32cubeide/plugins/com.st.stm32cube.ide.mcu.externaltools.gnu-tools-for-stm32.10.3-2021.10.win32_1.0.200.202301161003/tools/bin/../lib/gcc/arm-none-eabi/10.3.1/../../../../arm-none-eabi/lib/thumb/v7e-m+fp/hard\libc_nano.a(lib_a-exit.o) (_global_impure_ptr)
c:/st/stm32cubeide_1.12.1/stm32cubeide/plugins/com.st.stm32cube.ide.mcu.externaltools.gnu-tools-for-stm32.10.3-2021.10.win32_1.0.200.202301161003/tools/bin/../lib/gcc/arm-none-eabi/10.3.1/../../../../arm-none-eabi/lib/thumb/v7e-m+fp/hard\libc_nano.a(lib_a-init.o)
                              c:/st/stm32cubeide_1.12.1/stm32cubeide/plugins/com.st.stm32cube.ide.mcu.externaltools.gnu-tools-for-stm32.10.3-2021.10.win32_1.0.200.202301161003/tools/bin/../lib/gcc/arm-none-eabi/10.3.1/../../../../arm-none-eabi/lib/thumb/v7e-m+fp/hard/crt0.o (__libc_init_array)
c:/st/stm32cubeide_1.12.1/stm32cubeide/plugins/com.st.stm32cube.ide.mcu.externaltools.gnu-tools-for-stm32.10.3-2021.10.win32_1.0.200.202301161003/tools/bin/../lib/gcc/arm-none-eabi/10.3.1/../../../../arm-none-eabi/lib/thumb/v7e-m+fp/hard\libc_nano.a(lib_a-memset.o)
                              c:/st/stm32cubeide_1.12.1/stm32cubeide/plugins/com.st.stm32cube.ide.mcu.externaltools.gnu-tools-for-stm32.10.3-2021.10.win32_1.0.200.202301161003/tools/bin/../lib/gcc/arm-none-eabi/10.3.1/../../../../arm-none-eabi/lib/thumb/v7e-m+fp/hard/crt0.o (memset)
c:/st/stm32cubeide_1.12.1/stm32cubeide/plugins/com.st.stm32cube.ide.mcu.externaltools.gnu-tools-for-stm32.10.3-2021.10.win32_1.0.200.202301161003/tools/bin/../lib/gcc/arm-none-eabi/10.3.1/thumb/v7e-m+fp/hard\libgcc.a(_arm_muldf3.o)
                              ./Core/Src/PressSens.o (__aeabi_dmul)
c:/st/stm32cubeide_1.12.1/stm32cubeide/plugins/com.st.stm32cube.ide.mcu.externaltools.gnu-tools-for-stm32.10.3-2021.10.win32_1.0.200.202301161003/tools/bin/../lib/gcc/arm-none-eabi/10.3.1/thumb/v7e-m+fp/hard\libgcc.a(_arm_addsubdf3.o)
                              ./Core/Src/SX1262.o (__aeabi_ui2d)
c:/st/stm32cubeide_1.12.1/stm32cubeide/plugins/com.st.stm32cube.ide.mcu.externaltools.gnu-tools-for-stm32.10.3-2021.10.win32_1.0.200.202301161003/tools/bin/../lib/gcc/arm-none-eabi/10.3.1/thumb/v7e-m+fp/hard\libgcc.a(_arm_muldivdf3.o)
                              ./Core/Src/SX1262.o (__aeabi_ddiv)
c:/st/stm32cubeide_1.12.1/stm32cubeide/plugins/com.st.stm32cube.ide.mcu.externaltools.gnu-tools-for-stm32.10.3-2021.10.win32_1.0.200.202301161003/tools/bin/../lib/gcc/arm-none-eabi/10.3.1/thumb/v7e-m+fp/hard\libgcc.a(_arm_fixunsdfsi.o)
                              ./Core/Src/SX1262.o (__aeabi_d2uiz)
c:/st/stm32cubeide_1.12.1/stm32cubeide/plugins/com.st.stm32cube.ide.mcu.externaltools.gnu-tools-for-stm32.10.3-2021.10.win32_1.0.200.202301161003/tools/bin/../lib/gcc/arm-none-eabi/10.3.1/thumb/v7e-m+fp/hard\libgcc.a(_arm_truncdfsf2.o)
                              ./Core/Src/PressSens.o (__aeabi_d2f)

Discarded input sections

 .text          0x0000000000000000        0x0 c:/st/stm32cubeide_1.12.1/stm32cubeide/plugins/com.st.stm32cube.ide.mcu.externaltools.gnu-tools-for-stm32.10.3-2021.10.win32_1.0.200.202301161003/tools/bin/../lib/gcc/arm-none-eabi/10.3.1/thumb/v7e-m+fp/hard/crti.o
 .data          0x0000000000000000        0x0 c:/st/stm32cubeide_1.12.1/stm32cubeide/plugins/com.st.stm32cube.ide.mcu.externaltools.gnu-tools-for-stm32.10.3-2021.10.win32_1.0.200.202301161003/tools/bin/../lib/gcc/arm-none-eabi/10.3.1/thumb/v7e-m+fp/hard/crti.o
 .bss           0x0000000000000000        0x0 c:/st/stm32cubeide_1.12.1/stm32cubeide/plugins/com.st.stm32cube.ide.mcu.externaltools.gnu-tools-for-stm32.10.3-2021.10.win32_1.0.200.202301161003/tools/bin/../lib/gcc/arm-none-eabi/10.3.1/thumb/v7e-m+fp/hard/crti.o
[...]
Memory Configuration

Name             Origin             Length             Attributes
RAM              0x0000000020000000 0x000000000000a000 xrw
RAM2             0x0000000010000000 0x0000000000002000 xrw
FLASH            0x0000000008000000 0x0000000000020000 xr
*default*        0x0000000000000000 0xffffffffffffffff

Linker script and memory map

LOAD c:/st/stm32cubeide_1.12.1/stm32cubeide/plugins/com.st.stm32cube.ide.mcu.externaltools.gnu-tools-for-stm32.10.3-2021.10.win32_1.0.200.202301161003/tools/bin/../lib/gcc/arm-none-eabi/10.3.1/thumb/v7e-m+fp/hard/crti.o
LOAD c:/st/stm32cubeide_1.12.1/stm32cubeide/plugins/com.st.stm32cube.ide.mcu.externaltools.gnu-tools-for-stm32.10.3-2021.10.win32_1.0.200.202301161003/tools/bin/../lib/gcc/arm-none-eabi/10.3.1/thumb/v7e-m+fp/hard/crtbegin.o
LOAD c:/st/stm32cubeide_1.12.1/stm32cubeide/plugins/com.st.stm32cube.ide.mcu.externaltools.gnu-tools-for-stm32.10.3-2021.10.win32_1.0.200.202301161003/tools/bin/../lib/gcc/arm-none-eabi/10.3.1/../../../../arm-none-eabi/lib/thumb/v7e-m+fp/hard/crt0.o
LOAD ./Core/Src/PressSens.o
LOAD ./Core/Src/SX1262.o
LOAD ./Core/Src/SX1262_board.o
LOAD ./Core/Src/SX1262_hal.o
LOAD ./Core/Src/main.o
LOAD ./Core/Src/stm32l4xx_hal_msp.o
LOAD ./Core/Src/stm32l4xx_it.o
LOAD ./Core/Src/syscalls.o
LOAD ./Core/Src/sysmem.o
LOAD ./Core/Src/system_stm32l4xx.o
LOAD ./Core/Startup/startup_stm32l412rbtxp.o
LOAD ./Drivers/STM32L4xx_HAL_Driver/Src/stm32l4xx_hal.o
LOAD ./Drivers/STM32L4xx_HAL_Driver/Src/stm32l4xx_hal_cortex.o
LOAD ./Drivers/STM32L4xx_HAL_Driver/Src/stm32l4xx_hal_dma.o
LOAD ./Drivers/STM32L4xx_HAL_Driver/Src/stm32l4xx_hal_dma_ex.o
LOAD ./Drivers/STM32L4xx_HAL_Driver/Src/stm32l4xx_hal_exti.o
LOAD ./Drivers/STM32L4xx_HAL_Driver/Src/stm32l4xx_hal_flash.o
LOAD ./Drivers/STM32L4xx_HAL_Driver/Src/stm32l4xx_hal_flash_ex.o
LOAD ./Drivers/STM32L4xx_HAL_Driver/Src/stm32l4xx_hal_flash_ramfunc.o
LOAD ./Drivers/STM32L4xx_HAL_Driver/Src/stm32l4xx_hal_gpio.o
LOAD ./Drivers/STM32L4xx_HAL_Driver/Src/stm32l4xx_hal_i2c.o
LOAD ./Drivers/STM32L4xx_HAL_Driver/Src/stm32l4xx_hal_i2c_ex.o
LOAD ./Drivers/STM32L4xx_HAL_Driver/Src/stm32l4xx_hal_lptim.o
LOAD ./Drivers/STM32L4xx_HAL_Driver/Src/stm32l4xx_hal_pwr.o
LOAD ./Drivers/STM32L4xx_HAL_Driver/Src/stm32l4xx_hal_pwr_ex.o
LOAD ./Drivers/STM32L4xx_HAL_Driver/Src/stm32l4xx_hal_rcc.o
LOAD ./Drivers/STM32L4xx_HAL_Driver/Src/stm32l4xx_hal_rcc_ex.o
LOAD ./Drivers/STM32L4xx_HAL_Driver/Src/stm32l4xx_hal_rtc.o
LOAD ./Drivers/STM32L4xx_HAL_Driver/Src/stm32l4xx_hal_rtc_ex.o
LOAD ./Drivers/STM32L4xx_HAL_Driver/Src/stm32l4xx_hal_spi.o
LOAD ./Drivers/STM32L4xx_HAL_Driver/Src/stm32l4xx_hal_spi_ex.o
LOAD ./Drivers/STM32L4xx_HAL_Driver/Src/stm32l4xx_hal_tim.o
LOAD ./Drivers/STM32L4xx_HAL_Driver/Src/stm32l4xx_hal_tim_ex.o
START GROUP
LOAD c:/st/stm32cubeide_1.12.1/stm32cubeide/plugins/com.st.stm32cube.ide.mcu.externaltools.gnu-tools-for-stm32.10.3-2021.10.win32_1.0.200.202301161003/tools/bin/../lib/gcc/arm-none-eabi/10.3.1/../../../../arm-none-eabi/lib/thumb/v7e-m+fp/hard\libc_nano.a
LOAD c:/st/stm32cubeide_1.12.1/stm32cubeide/plugins/com.st.stm32cube.ide.mcu.externaltools.gnu-tools-for-stm32.10.3-2021.10.win32_1.0.200.202301161003/tools/bin/../lib/gcc/arm-none-eabi/10.3.1/../../../../arm-none-eabi/lib/thumb/v7e-m+fp/hard\libm.a
END GROUP
START GROUP
LOAD c:/st/stm32cubeide_1.12.1/stm32cubeide/plugins/com.st.stm32cube.ide.mcu.externaltools.gnu-tools-for-stm32.10.3-2021.10.win32_1.0.200.202301161003/tools/bin/../lib/gcc/arm-none-eabi/10.3.1/thumb/v7e-m+fp/hard\libgcc.a
LOAD c:/st/stm32cubeide_1.12.1/stm32cubeide/plugins/com.st.stm32cube.ide.mcu.externaltools.gnu-tools-for-stm32.10.3-2021.10.win32_1.0.200.202301161003/tools/bin/../lib/gcc/arm-none-eabi/10.3.1/../../../../arm-none-eabi/lib/thumb/v7e-m+fp/hard\libc_nano.a
END GROUP
START GROUP
LOAD c:/st/stm32cubeide_1.12.1/stm32cubeide/plugins/com.st.stm32cube.ide.mcu.externaltools.gnu-tools-for-stm32.10.3-2021.10.win32_1.0.200.202301161003/tools/bin/../lib/gcc/arm-none-eabi/10.3.1/thumb/v7e-m+fp/hard\libgcc.a
LOAD c:/st/stm32cubeide_1.12.1/stm32cubeide/plugins/com.st.stm32cube.ide.mcu.externaltools.gnu-tools-for-stm32.10.3-2021.10.win32_1.0.200.202301161003/tools/bin/../lib/gcc/arm-none-eabi/10.3.1/../../../../arm-none-eabi/lib/thumb/v7e-m+fp/hard\libc_nano.a
LOAD c:/st/stm32cubeide_1.12.1/stm32cubeide/plugins/com.st.stm32cube.ide.mcu.externaltools.gnu-tools-for-stm32.10.3-2021.10.win32_1.0.200.202301161003/tools/bin/../lib/gcc/arm-none-eabi/10.3.1/../../../../arm-none-eabi/lib/thumb/v7e-m+fp/hard\libnosys.a
END GROUP
START GROUP
LOAD c:/st/stm32cubeide_1.12.1/stm32cubeide/plugins/com.st.stm32cube.ide.mcu.externaltools.gnu-tools-for-stm32.10.3-2021.10.win32_1.0.200.202301161003/tools/bin/../lib/gcc/arm-none-eabi/10.3.1/thumb/v7e-m+fp/hard\libgcc.a
LOAD c:/st/stm32cubeide_1.12.1/stm32cubeide/plugins/com.st.stm32cube.ide.mcu.externaltools.gnu-tools-for-stm32.10.3-2021.10.win32_1.0.200.202301161003/tools/bin/../lib/gcc/arm-none-eabi/10.3.1/../../../../arm-none-eabi/lib/thumb/v7e-m+fp/hard\libc_nano.a
LOAD c:/st/stm32cubeide_1.12.1/stm32cubeide/plugins/com.st.stm32cube.ide.mcu.externaltools.gnu-tools-for-stm32.10.3-2021.10.win32_1.0.200.202301161003/tools/bin/../lib/gcc/arm-none-eabi/10.3.1/../../../../arm-none-eabi/lib/thumb/v7e-m+fp/hard\libnosys.a
END GROUP
LOAD c:/st/stm32cubeide_1.12.1/stm32cubeide/plugins/com.st.stm32cube.ide.mcu.externaltools.gnu-tools-for-stm32.10.3-2021.10.win32_1.0.200.202301161003/tools/bin/../lib/gcc/arm-none-eabi/10.3.1/thumb/v7e-m+fp/hard/crtend.o
LOAD c:/st/stm32cubeide_1.12.1/stm32cubeide/plugins/com.st.stm32cube.ide.mcu.externaltools.gnu-tools-for-stm32.10.3-2021.10.win32_1.0.200.202301161003/tools/bin/../lib/gcc/arm-none-eabi/10.3.1/thumb/v7e-m+fp/hard/crtn.o
                0x000000002000a000                _estack = (ORIGIN (RAM) + LENGTH (RAM))
                0x0000000000000200                _Min_Heap_Size = 0x200
                0x0000000000000400                _Min_Stack_Size = 0x400

.isr_vector     0x0000000008000000      0x18c
                0x0000000008000000                . = ALIGN (0x4)
 *(.isr_vector)
 .isr_vector    0x0000000008000000      0x18c ./Core/Startup/startup_stm32l412rbtxp.o
                0x0000000008000000                g_pfnVectors
                0x000000000800018c                . = ALIGN (0x4)

.text           0x0000000008000190     0x7b80
                0x0000000008000190                . = ALIGN (0x4)
 *(.text)
 .text          0x0000000008000190       0x40 c:/st/stm32cubeide_1.12.1/stm32cubeide/plugins/com.st.stm32cube.ide.mcu.externaltools.gnu-tools-for-stm32.10.3-2021.10.win32_1.0.200.202301161003/tools/bin/../lib/gcc/arm-none-eabi/10.3.1/thumb/v7e-m+fp/hard/crtbegin.o
 .text          0x00000000080001d0      0x378 c:/st/stm32cubeide_1.12.1/stm32cubeide/plugins/com.st.stm32cube.ide.mcu.externaltools.gnu-tools-for-stm32.10.3-2021.10.win32_1.0.200.202301161003/tools/bin/../lib/gcc/arm-none-eabi/10.3.1/thumb/v7e-m+fp/hard\libgcc.a(_arm_addsubdf3.o)
                0x00000000080001d0                __aeabi_drsub
                0x00000000080001d8                __aeabi_dsub
                0x00000000080001d8                __subdf3
                0x00000000080001dc                __aeabi_dadd
                0x00000000080001dc                __adddf3
                0x0000000008000454                __floatunsidf
                0x0000000008000454                __aeabi_ui2d
                0x0000000008000474                __floatsidf
                0x0000000008000474                __aeabi_i2d
                0x0000000008000498                __aeabi_f2d
                0x0000000008000498                __extendsfdf2
                0x00000000080004dc                __floatundidf
                0x00000000080004dc                __aeabi_ul2d
                0x00000000080004ec                __floatdidf
                0x00000000080004ec                __aeabi_l2d
 .text          0x0000000008000548      0x424 c:/st/stm32cubeide_1.12.1/stm32cubeide/plugins/com.st.stm32cube.ide.mcu.externaltools.gnu-tools-for-stm32.10.3-2021.10.win32_1.0.200.202301161003/tools/bin/../lib/gcc/arm-none-eabi/10.3.1/thumb/v7e-m+fp/hard\libgcc.a(_arm_muldivdf3.o)
                0x0000000008000548                __aeabi_dmul
                0x0000000008000548                __muldf3
                0x000000000800079c                __divdf3
                0x000000000800079c                __aeabi_ddiv
 .text          0x000000000800096c       0x40 c:/st/stm32cubeide_1.12.1/stm32cubeide/plugins/com.st.stm32cube.ide.mcu.externaltools.gnu-tools-for-stm32.10.3-2021.10.win32_1.0.200.202301161003/tools/bin/../lib/gcc/arm-none-eabi/10.3.1/thumb/v7e-m+fp/hard\libgcc.a(_arm_fixunsdfsi.o)
                0x000000000800096c                __aeabi_d2uiz
                0x000000000800096c                __fixunsdfsi
 *(.text*)
 .text.pressure_sensor_struct_init
                0x00000000080009ac       0x78 ./Core/Src/PressSens.o
                0x00000000080009ac                pressure_sensor_struct_init
 .text.reset    0x0000000008000a24       0x34 ./Core/Src/PressSens.o
                0x0000000008000a24                reset
 .text.read_prom
                0x0000000008000a58       0x80 ./Core/Src/PressSens.o
                0x0000000008000a58                read_prom
 .text.get_temperatures
                0x0000000008000ad8       0x2a ./Core/Src/PressSens.o
                0x0000000008000ad8                get_temperatures
 .text.read_pressure_register
                0x0000000008000b02       0x2a ./Core/Src/PressSens.o
                0x0000000008000b02                read_pressure_register
 .text.check_crc
                0x0000000008000b2c       0x4a ./Core/Src/PressSens.o
                0x0000000008000b2c                check_crc
 .text.sensor_init
                0x0000000008000b76       0x80 ./Core/Src/PressSens.o
                0x0000000008000b76                sensor_init
 .text.sensor_measure
                0x0000000008000bf6       0x58 ./Core/Src/PressSens.o
                0x0000000008000bf6                sensor_measure
 .text.get_adc_conversion
                0x0000000008000c4e       0xc2 ./Core/Src/PressSens.o
                0x0000000008000c4e                get_adc_conversion
 .text.crc4     0x0000000008000d10       0xba ./Core/Src/PressSens.o
                0x0000000008000d10                crc4
 .text.delay    0x0000000008000dca       0x54 ./Core/Src/PressSens.o
                0x0000000008000dca                delay
 .text.SX1262SetStandby
                0x0000000008000e1e       0x2e ./Core/Src/SX1262.o
                0x0000000008000e1e                SX1262SetStandby
 .text.SX1262SetPacketType
                0x0000000008000e4c       0x26 ./Core/Src/SX1262.o
                0x0000000008000e4c                SX1262SetPacketType
 *fill*         0x0000000008000e72        0x6 
 .text.SX1262SetRfFrequency
                0x0000000008000e78       0x98 ./Core/Src/SX1262.o
                0x0000000008000e78                SX1262SetRfFrequency
 .text.SX1262SetPaConfig
                0x0000000008000f10       0x86 ./Core/Src/SX1262.o
                0x0000000008000f10                SX1262SetPaConfig
 .text.SX1262SetTxParams
                0x0000000008000f96       0xa6 ./Core/Src/SX1262.o
                0x0000000008000f96                SX1262SetTxParams
 .text.SX1262SetBufferBaseAddress
                0x000000000800103c       0x48 ./Core/Src/SX1262.o
                0x000000000800103c                SX1262SetBufferBaseAddress
 .text.SX1262SetPacketParams
                0x0000000008001084      0x188 ./Core/Src/SX1262.o
                0x0000000008001084                SX1262SetPacketParams
 *fill*         0x000000000800120c        0x4 
 .text.SX1262SetModulationParams
                0x0000000008001210      0x1ac ./Core/Src/SX1262.o
                0x0000000008001210                SX1262SetModulationParams
 .text.SX1262SetDioIrqParams
                0x00000000080013bc       0x90 ./Core/Src/SX1262.o
                0x00000000080013bc                SX1262SetDioIrqParams
 .text.SX1262SetGfskSyncWord
                0x000000000800144c       0x2a ./Core/Src/SX1262.o
                0x000000000800144c                SX1262SetGfskSyncWord
 .text.SX1262SetTx
                0x0000000008001476       0xe6 ./Core/Src/SX1262.o
                0x0000000008001476                SX1262SetTx
 .text.SX1262SetSleep
                0x000000000800155c       0x40 ./Core/Src/SX1262.o
                0x000000000800155c                SX1262SetSleep
 .text.SX1262SetRx
                0x000000000800159c       0x8a ./Core/Src/SX1262.o
                0x000000000800159c                SX1262SetRx
 .text.SX1262ClearIrqStatus
                0x0000000008001626       0xcc ./Core/Src/SX1262.o
                0x0000000008001626                SX1262ClearIrqStatus
 .text.SX1262GetIrqStatus
                0x00000000080016f2      0x1c2 ./Core/Src/SX1262.o
                0x00000000080016f2                SX1262GetIrqStatus
 .text.SX1262GetRxBufferStatus
                0x00000000080018b4       0x32 ./Core/Src/SX1262.o
                0x00000000080018b4                SX1262GetRxBufferStatus
 .text.SX1262Calibrate
                0x00000000080018e6       0x94 ./Core/Src/SX1262.o
                0x00000000080018e6                SX1262Calibrate
 .text.SX1262SetDio2AsRfSwitchCtrl
                0x000000000800197a       0x36 ./Core/Src/SX1262.o
                0x000000000800197a                SX1262SetDio2AsRfSwitchCtrl
 .text.SX1262SetDio3AsTcxoCtrl
                0x00000000080019b0       0x76 ./Core/Src/SX1262.o
                0x00000000080019b0                SX1262SetDio3AsTcxoCtrl
 *fill*         0x0000000008001a26        0x2 
 .text.SX1262CalibrateImage
                0x0000000008001a28       0x9c ./Core/Src/SX1262.o
                0x0000000008001a28                SX1262CalibrateImage
 .text.SX1262SetRegulatorMode
                0x0000000008001ac4       0x2e ./Core/Src/SX1262.o
                0x0000000008001ac4                SX1262SetRegulatorMode
 .text.SX1262SetRxTxFallbackMode
                0x0000000008001af2       0x2e ./Core/Src/SX1262.o
                0x0000000008001af2                SX1262SetRxTxFallbackMode
 .text.SX1262SetPayload
                0x0000000008001b20       0x26 ./Core/Src/SX1262.o
                0x0000000008001b20                SX1262SetPayload
 .text.SX1262SendPayload
                0x0000000008001b46       0x30 ./Core/Src/SX1262.o
                0x0000000008001b46                SX1262SendPayload
 .text.SX1262GetPacketType
                0x0000000008001b76       0x28 ./Core/Src/SX1262.o
                0x0000000008001b76                SX1262GetPacketType
 .text.SX1262GetPacketStatus
                0x0000000008001b9e       0xa6 ./Core/Src/SX1262.o
                0x0000000008001b9e                SX1262GetPacketStatus
 .text.SX1262GetDeviceErrors
                0x0000000008001c44       0xea ./Core/Src/SX1262.o
                0x0000000008001c44                SX1262GetDeviceErrors
 .text.SX1262ClearDeviceErrors
                0x0000000008001d2e       0x98 ./Core/Src/SX1262.o
                0x0000000008001d2e                SX1262ClearDeviceErrors
 *fill*         0x0000000008001dc6        0x2 
 .text.SX1262GetStatus
                0x0000000008001dc8       0x8c ./Core/Src/SX1262.o
                0x0000000008001dc8                SX1262GetStatus
 .text.SX1262Reset
                0x0000000008001e54       0x50 ./Core/Src/SX1262.o
                0x0000000008001e54                SX1262Reset
 .text.SX1262SetOCP
                0x0000000008001ea4       0x2e ./Core/Src/SX1262.o
                0x0000000008001ea4                SX1262SetOCP
 .text.SX1262RfSwitchInit
                0x0000000008001ed2       0x32 ./Core/Src/SX1262.o
                0x0000000008001ed2                SX1262RfSwitchInit
 .text.SX1262GfskInit
                0x0000000008001f04      0x258 ./Core/Src/SX1262.o
                0x0000000008001f04                SX1262GfskInit
 .text.Radio_struct_init
                0x000000000800215c       0xa4 ./Core/Src/SX1262.o
                0x000000000800215c                Radio_struct_init
 .text.SX1262ReceiveMessage
                0x0000000008002200      0x18a ./Core/Src/SX1262.o
                0x0000000008002200                SX1262ReceiveMessage
 .text.SX1262dio1Interrupt
                0x000000000800238a       0x80 ./Core/Src/SX1262.o
                0x000000000800238a                SX1262dio1Interrupt
 .text.SX1262dio2Interrupt
                0x000000000800240a       0x4a ./Core/Src/SX1262.o
                0x000000000800240a                SX1262dio2Interrupt
 .text.Gpio_init
                0x0000000008002454       0x26 ./Core/Src/SX1262_board.o
                0x0000000008002454                Gpio_init
 .text.SPI_init
                0x000000000800247a       0x2c ./Core/Src/SX1262_board.o
                0x000000000800247a                SPI_init
 .text.MCU_init
                0x00000000080024a6       0xa6 ./Core/Src/SX1262_board.o
                0x00000000080024a6                MCU_init
 .text.SX1262WriteCommand
                0x000000000800254c      0x248 ./Core/Src/SX1262_hal.o
                0x000000000800254c                SX1262WriteCommand
 .text.SX1262ReadCommand
                0x0000000008002794      0x1f0 ./Core/Src/SX1262_hal.o
                0x0000000008002794                SX1262ReadCommand
 .text.SX1262WriteRegister
                0x0000000008002984       0xde ./Core/Src/SX1262_hal.o
                0x0000000008002984                SX1262WriteRegister
 .text.SX1262ReadRegister
                0x0000000008002a62      0x204 ./Core/Src/SX1262_hal.o
                0x0000000008002a62                SX1262ReadRegister
 .text.SX1262SafeWriteRegister
                0x0000000008002c66       0xde ./Core/Src/SX1262_hal.o
                0x0000000008002c66                SX1262SafeWriteRegister
 .text.SX1262WriteBuffer
                0x0000000008002d44       0xe4 ./Core/Src/SX1262_hal.o
                0x0000000008002d44                SX1262WriteBuffer
 .text.SX1262ReadBuffer
                0x0000000008002e28      0x1f6 ./Core/Src/SX1262_hal.o
                0x0000000008002e28                SX1262ReadBuffer
 *fill*         0x000000000800301e        0x2 
 .text.HAL_GPIO_EXTI_Callback
                0x0000000008003020       0x40 ./Core/Src/main.o
                0x0000000008003020                HAL_GPIO_EXTI_Callback
 .text.main     0x0000000008003060      0x554 ./Core/Src/main.o
                0x0000000008003060                main
 .text.SystemClock_Config
                0x00000000080035b4       0x90 ./Core/Src/main.o
                0x00000000080035b4                SystemClock_Config
 .text.MX_I2C1_Init
                0x0000000008003644       0x7c ./Core/Src/main.o
 .text.MX_LPTIM1_Init
                0x00000000080036c0       0x60 ./Core/Src/main.o
 .text.MX_RTC_Init
                0x0000000008003720       0x70 ./Core/Src/main.o
 .text.MX_SPI1_Init
                0x0000000008003790       0x7c ./Core/Src/main.o
 .text.MX_GPIO_Init
                0x000000000800380c      0x190 ./Core/Src/main.o
 .text.DeInitializeTPMS
                0x000000000800399c       0xd4 ./Core/Src/main.o
                0x000000000800399c                DeInitializeTPMS
 .text.InitializeTPMS
                0x0000000008003a70       0xd8 ./Core/Src/main.o
                0x0000000008003a70                InitializeTPMS
 .text.TPMS_sleep
                0x0000000008003b48       0x48 ./Core/Src/main.o
                0x0000000008003b48                TPMS_sleep
 .text.Error_Handler
                0x0000000008003b90        0xa ./Core/Src/main.o
                0x0000000008003b90                Error_Handler
 *fill*         0x0000000008003b9a        0x2 
 .text.HAL_MspInit
                0x0000000008003b9c       0x64 ./Core/Src/stm32l4xx_hal_msp.o
                0x0000000008003b9c                HAL_MspInit
 .text.HAL_I2C_MspInit
                0x0000000008003c00       0xb4 ./Core/Src/stm32l4xx_hal_msp.o
                0x0000000008003c00                HAL_I2C_MspInit
 .text.HAL_I2C_MspDeInit
                0x0000000008003cb4       0x48 ./Core/Src/stm32l4xx_hal_msp.o
                0x0000000008003cb4                HAL_I2C_MspDeInit
 .text.HAL_LPTIM_MspInit
                0x0000000008003cfc       0x78 ./Core/Src/stm32l4xx_hal_msp.o
                0x0000000008003cfc                HAL_LPTIM_MspInit
 .text.HAL_RTC_MspInit
                0x0000000008003d74       0x70 ./Core/Src/stm32l4xx_hal_msp.o
                0x0000000008003d74                HAL_RTC_MspInit
 .text.HAL_SPI_MspInit
                0x0000000008003de4       0x84 ./Core/Src/stm32l4xx_hal_msp.o
                0x0000000008003de4                HAL_SPI_MspInit
 .text.HAL_SPI_MspDeInit
                0x0000000008003e68       0x38 ./Core/Src/stm32l4xx_hal_msp.o
                0x0000000008003e68                HAL_SPI_MspDeInit
 .text.NMI_Handler
                0x0000000008003ea0        0x6 ./Core/Src/stm32l4xx_it.o
                0x0000000008003ea0                NMI_Handler
 .text.HardFault_Handler
                0x0000000008003ea6        0x6 ./Core/Src/stm32l4xx_it.o
                0x0000000008003ea6                HardFault_Handler
 .text.MemManage_Handler
                0x0000000008003eac        0x6 ./Core/Src/stm32l4xx_it.o
                0x0000000008003eac                MemManage_Handler
 .text.BusFault_Handler
                0x0000000008003eb2        0x6 ./Core/Src/stm32l4xx_it.o
                0x0000000008003eb2                BusFault_Handler
 .text.UsageFault_Handler
                0x0000000008003eb8        0x6 ./Core/Src/stm32l4xx_it.o
                0x0000000008003eb8                UsageFault_Handler
 .text.SVC_Handler
                0x0000000008003ebe        0xe ./Core/Src/stm32l4xx_it.o
                0x0000000008003ebe                SVC_Handler
 .text.DebugMon_Handler
                0x0000000008003ecc        0xe ./Core/Src/stm32l4xx_it.o
                0x0000000008003ecc                DebugMon_Handler
 .text.PendSV_Handler
                0x0000000008003eda        0xe ./Core/Src/stm32l4xx_it.o
                0x0000000008003eda                PendSV_Handler
 .text.SysTick_Handler
                0x0000000008003ee8        0xc ./Core/Src/stm32l4xx_it.o
                0x0000000008003ee8                SysTick_Handler
 .text.RTC_WKUP_IRQHandler
                0x0000000008003ef4       0x14 ./Core/Src/stm32l4xx_it.o
                0x0000000008003ef4                RTC_WKUP_IRQHandler
 .text.EXTI0_IRQHandler
                0x0000000008003f08        0xe ./Core/Src/stm32l4xx_it.o
                0x0000000008003f08                EXTI0_IRQHandler
 .text.EXTI15_10_IRQHandler
                0x0000000008003f16       0x10 ./Core/Src/stm32l4xx_it.o
                0x0000000008003f16                EXTI15_10_IRQHandler
 *fill*         0x0000000008003f26        0x2 
 .text.LPTIM1_IRQHandler
                0x0000000008003f28       0x14 ./Core/Src/stm32l4xx_it.o
                0x0000000008003f28                LPTIM1_IRQHandler
 .text.SystemInit
                0x0000000008003f3c       0x24 ./Core/Src/system_stm32l4xx.o
                0x0000000008003f3c                SystemInit
 .text.Reset_Handler
                0x0000000008003f60       0x50 ./Core/Startup/startup_stm32l412rbtxp.o
                0x0000000008003f60                Reset_Handler
 .text.Default_Handler
                0x0000000008003fb0        0x2 ./Core/Startup/startup_stm32l412rbtxp.o
                0x0000000008003fb0                RTC_Alarm_IRQHandler
                0x0000000008003fb0                EXTI2_IRQHandler
                0x0000000008003fb0                TIM1_CC_IRQHandler
                0x0000000008003fb0                TSC_IRQHandler
                0x0000000008003fb0                TIM6_IRQHandler
                0x0000000008003fb0                TAMP_STAMP_IRQHandler
                0x0000000008003fb0                EXTI3_IRQHandler
                0x0000000008003fb0                LPTIM2_IRQHandler
                0x0000000008003fb0                I2C3_ER_IRQHandler
                0x0000000008003fb0                I2C2_EV_IRQHandler
                0x0000000008003fb0                FPU_IRQHandler
                0x0000000008003fb0                TIM1_UP_TIM16_IRQHandler
                0x0000000008003fb0                ADC1_2_IRQHandler
                0x0000000008003fb0                SPI1_IRQHandler
                0x0000000008003fb0                DMA2_Channel2_IRQHandler
                0x0000000008003fb0                DMA1_Channel4_IRQHandler
                0x0000000008003fb0                USART3_IRQHandler
                0x0000000008003fb0                DMA1_Channel7_IRQHandler
                0x0000000008003fb0                DMA2_Channel1_IRQHandler
                0x0000000008003fb0                QUADSPI_IRQHandler
                0x0000000008003fb0                I2C1_EV_IRQHandler
                0x0000000008003fb0                DMA1_Channel6_IRQHandler
                0x0000000008003fb0                DMA2_Channel4_IRQHandler
                0x0000000008003fb0                RCC_IRQHandler
                0x0000000008003fb0                TIM1_TRG_COM_IRQHandler
                0x0000000008003fb0                DMA1_Channel1_IRQHandler
                0x0000000008003fb0                Default_Handler
                0x0000000008003fb0                DMA2_Channel7_IRQHandler
                0x0000000008003fb0                I2C3_EV_IRQHandler
                0x0000000008003fb0                USB_IRQHandler
                0x0000000008003fb0                EXTI9_5_IRQHandler
                0x0000000008003fb0                PVD_PVM_IRQHandler
                0x0000000008003fb0                SPI2_IRQHandler
                0x0000000008003fb0                DMA2_Channel5_IRQHandler
                0x0000000008003fb0                CRS_IRQHandler
                0x0000000008003fb0                DMA1_Channel5_IRQHandler
                0x0000000008003fb0                EXTI4_IRQHandler
                0x0000000008003fb0                RNG_IRQHandler
                0x0000000008003fb0                DMA1_Channel3_IRQHandler
                0x0000000008003fb0                COMP_IRQHandler
                0x0000000008003fb0                WWDG_IRQHandler
                0x0000000008003fb0                LPUART1_IRQHandler
                0x0000000008003fb0                DMA2_Channel6_IRQHandler
                0x0000000008003fb0                TIM2_IRQHandler
                0x0000000008003fb0                EXTI1_IRQHandler
                0x0000000008003fb0                USART2_IRQHandler
                0x0000000008003fb0                I2C2_ER_IRQHandler
                0x0000000008003fb0                DMA1_Channel2_IRQHandler
                0x0000000008003fb0                FLASH_IRQHandler
                0x0000000008003fb0                USART1_IRQHandler
                0x0000000008003fb0                I2C1_ER_IRQHandler
                0x0000000008003fb0                DMA2_Channel3_IRQHandler
                0x0000000008003fb0                TIM1_BRK_TIM15_IRQHandler
 *fill*         0x0000000008003fb2        0x2 
 .text.HAL_Init
                0x0000000008003fb4       0x40 ./Drivers/STM32L4xx_HAL_Driver/Src/stm32l4xx_hal.o
                0x0000000008003fb4                HAL_Init
 .text.HAL_InitTick
                0x0000000008003ff4       0x78 ./Drivers/STM32L4xx_HAL_Driver/Src/stm32l4xx_hal.o
                0x0000000008003ff4                HAL_InitTick
 .text.HAL_IncTick
                0x000000000800406c       0x28 ./Drivers/STM32L4xx_HAL_Driver/Src/stm32l4xx_hal.o
                0x000000000800406c                HAL_IncTick
 .text.HAL_GetTick
                0x0000000008004094       0x18 ./Drivers/STM32L4xx_HAL_Driver/Src/stm32l4xx_hal.o
                0x0000000008004094                HAL_GetTick
 .text.HAL_Delay
                0x00000000080040ac       0x48 ./Drivers/STM32L4xx_HAL_Driver/Src/stm32l4xx_hal.o
                0x00000000080040ac                HAL_Delay
 .text.HAL_SuspendTick
                0x00000000080040f4       0x20 ./Drivers/STM32L4xx_HAL_Driver/Src/stm32l4xx_hal.o
                0x00000000080040f4                HAL_SuspendTick
 .text.HAL_ResumeTick
                0x0000000008004114       0x20 ./Drivers/STM32L4xx_HAL_Driver/Src/stm32l4xx_hal.o
                0x0000000008004114                HAL_ResumeTick
 .text.__NVIC_SetPriorityGrouping
                0x0000000008004134       0x48 ./Drivers/STM32L4xx_HAL_Driver/Src/stm32l4xx_hal_cortex.o
 .text.__NVIC_GetPriorityGrouping
                0x000000000800417c       0x1c ./Drivers/STM32L4xx_HAL_Driver/Src/stm32l4xx_hal_cortex.o
 .text.__NVIC_EnableIRQ
                0x0000000008004198       0x3c ./Drivers/STM32L4xx_HAL_Driver/Src/stm32l4xx_hal_cortex.o
 .text.__NVIC_DisableIRQ
                0x00000000080041d4       0x48 ./Drivers/STM32L4xx_HAL_Driver/Src/stm32l4xx_hal_cortex.o
 .text.__NVIC_SetPriority
                0x000000000800421c       0x54 ./Drivers/STM32L4xx_HAL_Driver/Src/stm32l4xx_hal_cortex.o
 .text.NVIC_EncodePriority
                0x0000000008004270       0x66 ./Drivers/STM32L4xx_HAL_Driver/Src/stm32l4xx_hal_cortex.o
 *fill*         0x00000000080042d6        0x2 
 .text.__NVIC_SystemReset
                0x00000000080042d8       0x2c ./Drivers/STM32L4xx_HAL_Driver/Src/stm32l4xx_hal_cortex.o
 .text.SysTick_Config
                0x0000000008004304       0x44 ./Drivers/STM32L4xx_HAL_Driver/Src/stm32l4xx_hal_cortex.o
 .text.HAL_NVIC_SetPriorityGrouping
                0x0000000008004348       0x16 ./Drivers/STM32L4xx_HAL_Driver/Src/stm32l4xx_hal_cortex.o
                0x0000000008004348                HAL_NVIC_SetPriorityGrouping
 .text.HAL_NVIC_SetPriority
                0x000000000800435e       0x38 ./Drivers/STM32L4xx_HAL_Driver/Src/stm32l4xx_hal_cortex.o
                0x000000000800435e                HAL_NVIC_SetPriority
 .text.HAL_NVIC_EnableIRQ
                0x0000000008004396       0x1c ./Drivers/STM32L4xx_HAL_Driver/Src/stm32l4xx_hal_cortex.o
                0x0000000008004396                HAL_NVIC_EnableIRQ
 .text.HAL_NVIC_DisableIRQ
                0x00000000080043b2       0x1c ./Drivers/STM32L4xx_HAL_Driver/Src/stm32l4xx_hal_cortex.o
                0x00000000080043b2                HAL_NVIC_DisableIRQ
 .text.HAL_NVIC_SystemReset
                0x00000000080043ce        0x8 ./Drivers/STM32L4xx_HAL_Driver/Src/stm32l4xx_hal_cortex.o
                0x00000000080043ce                HAL_NVIC_SystemReset
 .text.HAL_SYSTICK_Config
                0x00000000080043d6       0x18 ./Drivers/STM32L4xx_HAL_Driver/Src/stm32l4xx_hal_cortex.o
                0x00000000080043d6                HAL_SYSTICK_Config
 *fill*         0x00000000080043ee        0x2 
 .text.HAL_GPIO_Init
                0x00000000080043f0      0x2e4 ./Drivers/STM32L4xx_HAL_Driver/Src/stm32l4xx_hal_gpio.o
                0x00000000080043f0                HAL_GPIO_Init
 .text.HAL_GPIO_DeInit
                0x00000000080046d4      0x1a4 ./Drivers/STM32L4xx_HAL_Driver/Src/stm32l4xx_hal_gpio.o
                0x00000000080046d4                HAL_GPIO_DeInit
 .text.HAL_GPIO_ReadPin
                0x0000000008004878       0x30 ./Drivers/STM32L4xx_HAL_Driver/Src/stm32l4xx_hal_gpio.o
                0x0000000008004878                HAL_GPIO_ReadPin
 .text.HAL_GPIO_WritePin
                0x00000000080048a8       0x30 ./Drivers/STM32L4xx_HAL_Driver/Src/stm32l4xx_hal_gpio.o
                0x00000000080048a8                HAL_GPIO_WritePin
 .text.HAL_GPIO_EXTI_IRQHandler
                0x00000000080048d8       0x30 ./Drivers/STM32L4xx_HAL_Driver/Src/stm32l4xx_hal_gpio.o
                0x00000000080048d8                HAL_GPIO_EXTI_IRQHandler
 .text.HAL_I2C_Init
                0x0000000008004908      0x11e ./Drivers/STM32L4xx_HAL_Driver/Src/stm32l4xx_hal_i2c.o
                0x0000000008004908                HAL_I2C_Init
 .text.HAL_I2C_DeInit
                0x0000000008004a26       0x5e ./Drivers/STM32L4xx_HAL_Driver/Src/stm32l4xx_hal_i2c.o
                0x0000000008004a26                HAL_I2C_DeInit
 .text.HAL_I2C_Master_Transmit
                0x0000000008004a84      0x1e8 ./Drivers/STM32L4xx_HAL_Driver/Src/stm32l4xx_hal_i2c.o
                0x0000000008004a84                HAL_I2C_Master_Transmit
 .text.HAL_I2C_Master_Receive
                0x0000000008004c6c      0x1ec ./Drivers/STM32L4xx_HAL_Driver/Src/stm32l4xx_hal_i2c.o
                0x0000000008004c6c                HAL_I2C_Master_Receive
 .text.I2C_Flush_TXDR
                0x0000000008004e58       0x48 ./Drivers/STM32L4xx_HAL_Driver/Src/stm32l4xx_hal_i2c.o
 .text.I2C_WaitOnFlagUntilTimeout
                0x0000000008004ea0       0x80 ./Drivers/STM32L4xx_HAL_Driver/Src/stm32l4xx_hal_i2c.o
 .text.I2C_WaitOnTXISFlagUntilTimeout
                0x0000000008004f20       0x80 ./Drivers/STM32L4xx_HAL_Driver/Src/stm32l4xx_hal_i2c.o
 .text.I2C_WaitOnSTOPFlagUntilTimeout
                0x0000000008004fa0       0x78 ./Drivers/STM32L4xx_HAL_Driver/Src/stm32l4xx_hal_i2c.o
 .text.I2C_WaitOnRXNEFlagUntilTimeout
                0x0000000008005018       0xf4 ./Drivers/STM32L4xx_HAL_Driver/Src/stm32l4xx_hal_i2c.o
 .text.I2C_IsErrorOccurred
                0x000000000800510c      0x1d8 ./Drivers/STM32L4xx_HAL_Driver/Src/stm32l4xx_hal_i2c.o
 .text.I2C_TransferConfig
                0x00000000080052e4       0x64 ./Drivers/STM32L4xx_HAL_Driver/Src/stm32l4xx_hal_i2c.o
 .text.HAL_I2CEx_ConfigAnalogFilter
                0x0000000008005348       0x96 ./Drivers/STM32L4xx_HAL_Driver/Src/stm32l4xx_hal_i2c_ex.o
                0x0000000008005348                HAL_I2CEx_ConfigAnalogFilter
 .text.HAL_I2CEx_ConfigDigitalFilter
                0x00000000080053de       0x98 ./Drivers/STM32L4xx_HAL_Driver/Src/stm32l4xx_hal_i2c_ex.o
                0x00000000080053de                HAL_I2CEx_ConfigDigitalFilter
 *fill*         0x0000000008005476        0x2 
 .text.HAL_LPTIM_Init
                0x0000000008005478      0x190 ./Drivers/STM32L4xx_HAL_Driver/Src/stm32l4xx_hal_lptim.o
                0x0000000008005478                HAL_LPTIM_Init
 .text.HAL_LPTIM_TimeOut_Start_IT
                0x0000000008005608       0xfc ./Drivers/STM32L4xx_HAL_Driver/Src/stm32l4xx_hal_lptim.o
                0x0000000008005608                HAL_LPTIM_TimeOut_Start_IT
 .text.HAL_LPTIM_TimeOut_Stop_IT
                0x0000000008005704       0x84 ./Drivers/STM32L4xx_HAL_Driver/Src/stm32l4xx_hal_lptim.o
                0x0000000008005704                HAL_LPTIM_TimeOut_Stop_IT
 .text.HAL_LPTIM_Counter_Start
                0x0000000008005788       0x88 ./Drivers/STM32L4xx_HAL_Driver/Src/stm32l4xx_hal_lptim.o
                0x0000000008005788                HAL_LPTIM_Counter_Start
 .text.HAL_LPTIM_Counter_Stop
                0x0000000008005810       0x38 ./Drivers/STM32L4xx_HAL_Driver/Src/stm32l4xx_hal_lptim.o
                0x0000000008005810                HAL_LPTIM_Counter_Stop
 .text.HAL_LPTIM_IRQHandler
                0x0000000008005848      0x190 ./Drivers/STM32L4xx_HAL_Driver/Src/stm32l4xx_hal_lptim.o
                0x0000000008005848                HAL_LPTIM_IRQHandler
 .text.HAL_LPTIM_CompareMatchCallback
                0x00000000080059d8       0x14 ./Drivers/STM32L4xx_HAL_Driver/Src/stm32l4xx_hal_lptim.o
                0x00000000080059d8                HAL_LPTIM_CompareMatchCallback
 .text.HAL_LPTIM_AutoReloadMatchCallback
                0x00000000080059ec       0x14 ./Drivers/STM32L4xx_HAL_Driver/Src/stm32l4xx_hal_lptim.o
                0x00000000080059ec                HAL_LPTIM_AutoReloadMatchCallback
 .text.HAL_LPTIM_TriggerCallback
                0x0000000008005a00       0x14 ./Drivers/STM32L4xx_HAL_Driver/Src/stm32l4xx_hal_lptim.o
                0x0000000008005a00                HAL_LPTIM_TriggerCallback
 .text.HAL_LPTIM_CompareWriteCallback
                0x0000000008005a14       0x14 ./Drivers/STM32L4xx_HAL_Driver/Src/stm32l4xx_hal_lptim.o
                0x0000000008005a14                HAL_LPTIM_CompareWriteCallback
 .text.HAL_LPTIM_AutoReloadWriteCallback
                0x0000000008005a28       0x14 ./Drivers/STM32L4xx_HAL_Driver/Src/stm32l4xx_hal_lptim.o
                0x0000000008005a28                HAL_LPTIM_AutoReloadWriteCallback
 .text.HAL_LPTIM_DirectionUpCallback
                0x0000000008005a3c       0x14 ./Drivers/STM32L4xx_HAL_Driver/Src/stm32l4xx_hal_lptim.o
                0x0000000008005a3c                HAL_LPTIM_DirectionUpCallback
 .text.HAL_LPTIM_DirectionDownCallback
                0x0000000008005a50       0x14 ./Drivers/STM32L4xx_HAL_Driver/Src/stm32l4xx_hal_lptim.o
                0x0000000008005a50                HAL_LPTIM_DirectionDownCallback
 .text.HAL_LPTIM_UpdateEventCallback
                0x0000000008005a64       0x14 ./Drivers/STM32L4xx_HAL_Driver/Src/stm32l4xx_hal_lptim.o
                0x0000000008005a64                HAL_LPTIM_UpdateEventCallback
 .text.HAL_LPTIM_RepCounterWriteCallback
                0x0000000008005a78       0x14 ./Drivers/STM32L4xx_HAL_Driver/Src/stm32l4xx_hal_lptim.o
                0x0000000008005a78                HAL_LPTIM_RepCounterWriteCallback
 .text.HAL_LPTIM_GetState
                0x0000000008005a8c       0x1c ./Drivers/STM32L4xx_HAL_Driver/Src/stm32l4xx_hal_lptim.o
                0x0000000008005a8c                HAL_LPTIM_GetState
 .text.LPTIM_WaitForFlag
                0x0000000008005aa8       0x60 ./Drivers/STM32L4xx_HAL_Driver/Src/stm32l4xx_hal_lptim.o
 .text.LPTIM_Disable
                0x0000000008005b08      0x250 ./Drivers/STM32L4xx_HAL_Driver/Src/stm32l4xx_hal_lptim.o
                0x0000000008005b08                LPTIM_Disable
 .text.HAL_PWR_ConfigPVD
                0x0000000008005d58       0xc0 ./Drivers/STM32L4xx_HAL_Driver/Src/stm32l4xx_hal_pwr.o
                0x0000000008005d58                HAL_PWR_ConfigPVD
 .text.HAL_PWR_EnablePVD
                0x0000000008005e18       0x20 ./Drivers/STM32L4xx_HAL_Driver/Src/stm32l4xx_hal_pwr.o
                0x0000000008005e18                HAL_PWR_EnablePVD
 .text.HAL_PWR_EnterSTANDBYMode
                0x0000000008005e38       0x30 ./Drivers/STM32L4xx_HAL_Driver/Src/stm32l4xx_hal_pwr.o
                0x0000000008005e38                HAL_PWR_EnterSTANDBYMode
 .text.HAL_PWREx_GetVoltageRange
                0x0000000008005e68       0x1c ./Drivers/STM32L4xx_HAL_Driver/Src/stm32l4xx_hal_pwr_ex.o
                0x0000000008005e68                HAL_PWREx_GetVoltageRange
 .text.HAL_PWREx_ControlVoltageScaling
                0x0000000008005e84       0xac ./Drivers/STM32L4xx_HAL_Driver/Src/stm32l4xx_hal_pwr_ex.o
                0x0000000008005e84                HAL_PWREx_ControlVoltageScaling
 .text.HAL_PWREx_EnableSRAM2ContentRetention
                0x0000000008005f30       0x10 ./Drivers/STM32L4xx_HAL_Driver/Src/stm32l4xx_hal_pwr_ex.o
                0x0000000008005f30                HAL_PWREx_EnableSRAM2ContentRetention
 .text.HAL_PWREx_SetSRAM2ContentRetention
                0x0000000008005f40       0x48 ./Drivers/STM32L4xx_HAL_Driver/Src/stm32l4xx_hal_pwr_ex.o
                0x0000000008005f40                HAL_PWREx_SetSRAM2ContentRetention
 .text.HAL_PWREx_EnableLowPowerRunMode
                0x0000000008005f88       0x20 ./Drivers/STM32L4xx_HAL_Driver/Src/stm32l4xx_hal_pwr_ex.o
                0x0000000008005f88                HAL_PWREx_EnableLowPowerRunMode
 .text.HAL_PWREx_EnterSTOP2Mode
                0x0000000008005fa8       0x58 ./Drivers/STM32L4xx_HAL_Driver/Src/stm32l4xx_hal_pwr_ex.o
                0x0000000008005fa8                HAL_PWREx_EnterSTOP2Mode
 .text.HAL_RCC_OscConfig
                0x0000000008006000      0x8bc ./Drivers/STM32L4xx_HAL_Driver/Src/stm32l4xx_hal_rcc.o
                0x0000000008006000                HAL_RCC_OscConfig
 .text.HAL_RCC_ClockConfig
                0x00000000080068bc      0x200 ./Drivers/STM32L4xx_HAL_Driver/Src/stm32l4xx_hal_rcc.o
                0x00000000080068bc                HAL_RCC_ClockConfig
 .text.HAL_RCC_GetSysClockFreq
                0x0000000008006abc      0x118 ./Drivers/STM32L4xx_HAL_Driver/Src/stm32l4xx_hal_rcc.o
                0x0000000008006abc                HAL_RCC_GetSysClockFreq
 .text.RCC_SetFlashLatencyFromMSIRange
                0x0000000008006bd4       0xc0 ./Drivers/STM32L4xx_HAL_Driver/Src/stm32l4xx_hal_rcc.o
 .text.HAL_RCCEx_PeriphCLKConfig
                0x0000000008006c94      0x308 ./Drivers/STM32L4xx_HAL_Driver/Src/stm32l4xx_hal_rcc_ex.o
                0x0000000008006c94                HAL_RCCEx_PeriphCLKConfig
 .text.HAL_RTC_Init
                0x0000000008006f9c      0x104 ./Drivers/STM32L4xx_HAL_Driver/Src/stm32l4xx_hal_rtc.o
                0x0000000008006f9c                HAL_RTC_Init
 .text.HAL_RTC_WaitForSynchro
                0x00000000080070a0       0x4c ./Drivers/STM32L4xx_HAL_Driver/Src/stm32l4xx_hal_rtc.o
                0x00000000080070a0                HAL_RTC_WaitForSynchro
 .text.RTC_EnterInitMode
                0x00000000080070ec       0x6c ./Drivers/STM32L4xx_HAL_Driver/Src/stm32l4xx_hal_rtc.o
                0x00000000080070ec                RTC_EnterInitMode
 .text.RTC_ExitInitMode
                0x0000000008007158       0x7c ./Drivers/STM32L4xx_HAL_Driver/Src/stm32l4xx_hal_rtc.o
                0x0000000008007158                RTC_ExitInitMode
 .text.HAL_RTCEx_SetWakeUpTimer_IT
                0x00000000080071d4      0x138 ./Drivers/STM32L4xx_HAL_Driver/Src/stm32l4xx_hal_rtc_ex.o
                0x00000000080071d4                HAL_RTCEx_SetWakeUpTimer_IT
 .text.HAL_RTCEx_DeactivateWakeUpTimer
                0x000000000800730c       0xba ./Drivers/STM32L4xx_HAL_Driver/Src/stm32l4xx_hal_rtc_ex.o
                0x000000000800730c                HAL_RTCEx_DeactivateWakeUpTimer
 *fill*         0x00000000080073c6        0x2 
 .text.HAL_RTCEx_WakeUpTimerIRQHandler
                0x00000000080073c8       0x40 ./Drivers/STM32L4xx_HAL_Driver/Src/stm32l4xx_hal_rtc_ex.o
                0x00000000080073c8                HAL_RTCEx_WakeUpTimerIRQHandler
 .text.HAL_RTCEx_WakeUpTimerEventCallback
                0x0000000008007408       0x14 ./Drivers/STM32L4xx_HAL_Driver/Src/stm32l4xx_hal_rtc_ex.o
                0x0000000008007408                HAL_RTCEx_WakeUpTimerEventCallback
 .text.HAL_SPI_Init
                0x000000000800741c      0x146 ./Drivers/STM32L4xx_HAL_Driver/Src/stm32l4xx_hal_spi.o
                0x000000000800741c                HAL_SPI_Init
 .text.HAL_SPI_DeInit
                0x0000000008007562       0x50 ./Drivers/STM32L4xx_HAL_Driver/Src/stm32l4xx_hal_spi.o
                0x0000000008007562                HAL_SPI_DeInit
 .text.HAL_SPI_TransmitReceive
                0x00000000080075b2      0x426 ./Drivers/STM32L4xx_HAL_Driver/Src/stm32l4xx_hal_spi.o
                0x00000000080075b2                HAL_SPI_TransmitReceive
 .text.SPI_WaitFlagStateUntilTimeout
                0x00000000080079d8      0x110 ./Drivers/STM32L4xx_HAL_Driver/Src/stm32l4xx_hal_spi.o
 .text.SPI_WaitFifoStateUntilTimeout
                0x0000000008007ae8      0x12c ./Drivers/STM32L4xx_HAL_Driver/Src/stm32l4xx_hal_spi.o
 .text.SPI_EndRxTxTransaction
                0x0000000008007c14       0x8c ./Drivers/STM32L4xx_HAL_Driver/Src/stm32l4xx_hal_spi.o
 .text.__libc_init_array
                0x0000000008007ca0       0x48 c:/st/stm32cubeide_1.12.1/stm32cubeide/plugins/com.st.stm32cube.ide.mcu.externaltools.gnu-tools-for-stm32.10.3-2021.10.win32_1.0.200.202301161003/tools/bin/../lib/gcc/arm-none-eabi/10.3.1/../../../../arm-none-eabi/lib/thumb/v7e-m+fp/hard\libc_nano.a(lib_a-init.o)
                0x0000000008007ca0                __libc_init_array
 .text.memset   0x0000000008007ce8       0x10 c:/st/stm32cubeide_1.12.1/stm32cubeide/plugins/com.st.stm32cube.ide.mcu.externaltools.gnu-tools-for-stm32.10.3-2021.10.win32_1.0.200.202301161003/tools/bin/../lib/gcc/arm-none-eabi/10.3.1/../../../../arm-none-eabi/lib/thumb/v7e-m+fp/hard\libc_nano.a(lib_a-memset.o)
                0x0000000008007ce8                memset
 *(.glue_7)
 .glue_7        0x0000000008007cf8        0x0 linker stubs
 *(.glue_7t)
 .glue_7t       0x0000000008007cf8        0x0 linker stubs
 *(.eh_frame)
 .eh_frame      0x0000000008007cf8        0x0 c:/st/stm32cubeide_1.12.1/stm32cubeide/plugins/com.st.stm32cube.ide.mcu.externaltools.gnu-tools-for-stm32.10.3-2021.10.win32_1.0.200.202301161003/tools/bin/../lib/gcc/arm-none-eabi/10.3.1/thumb/v7e-m+fp/hard/crtbegin.o
 *(.init)
 .init          0x0000000008007cf8        0x4 c:/st/stm32cubeide_1.12.1/stm32cubeide/plugins/com.st.stm32cube.ide.mcu.externaltools.gnu-tools-for-stm32.10.3-2021.10.win32_1.0.200.202301161003/tools/bin/../lib/gcc/arm-none-eabi/10.3.1/thumb/v7e-m+fp/hard/crti.o
                0x0000000008007cf8                _init
 .init          0x0000000008007cfc        0x8 c:/st/stm32cubeide_1.12.1/stm32cubeide/plugins/com.st.stm32cube.ide.mcu.externaltools.gnu-tools-for-stm32.10.3-2021.10.win32_1.0.200.202301161003/tools/bin/../lib/gcc/arm-none-eabi/10.3.1/thumb/v7e-m+fp/hard/crtn.o
 *(.fini)
 .fini          0x0000000008007d04        0x4 c:/st/stm32cubeide_1.12.1/stm32cubeide/plugins/com.st.stm32cube.ide.mcu.externaltools.gnu-tools-for-stm32.10.3-2021.10.win32_1.0.200.202301161003/tools/bin/../lib/gcc/arm-none-eabi/10.3.1/thumb/v7e-m+fp/hard/crti.o
                0x0000000008007d04                _fini
 .fini          0x0000000008007d08        0x8 c:/st/stm32cubeide_1.12.1/stm32cubeide/plugins/com.st.stm32cube.ide.mcu.externaltools.gnu-tools-for-stm32.10.3-2021.10.win32_1.0.200.202301161003/tools/bin/../lib/gcc/arm-none-eabi/10.3.1/thumb/v7e-m+fp/hard/crtn.o
                0x0000000008007d10                . = ALIGN (0x4)
                0x0000000008007d10                _etext = .

.vfp11_veneer   0x0000000008007d10        0x0
 .vfp11_veneer  0x0000000008007d10        0x0 linker stubs

.v4_bx          0x0000000008007d10        0x0
 .v4_bx         0x0000000008007d10        0x0 linker stubs

.iplt           0x0000000008007d10        0x0
 .iplt          0x0000000008007d10        0x0 c:/st/stm32cubeide_1.12.1/stm32cubeide/plugins/com.st.stm32cube.ide.mcu.externaltools.gnu-tools-for-stm32.10.3-2021.10.win32_1.0.200.202301161003/tools/bin/../lib/gcc/arm-none-eabi/10.3.1/thumb/v7e-m+fp/hard/crtbegin.o

.rodata         0x0000000008007d10       0x60
                0x0000000008007d10                . = ALIGN (0x4)
 *(.rodata)
 .rodata        0x0000000008007d10       0x1f ./Core/Src/SX1262.o
 *(.rodata*)
 *fill*         0x0000000008007d2f        0x1 
 .rodata.AHBPrescTable
                0x0000000008007d30       0x10 ./Core/Src/system_stm32l4xx.o
                0x0000000008007d30                AHBPrescTable
 .rodata.MSIRangeTable
                0x0000000008007d40       0x30 ./Core/Src/system_stm32l4xx.o
                0x0000000008007d40                MSIRangeTable
                0x0000000008007d70                . = ALIGN (0x4)

.rel.dyn        0x0000000008007d70        0x0
 .rel.iplt      0x0000000008007d70        0x0 c:/st/stm32cubeide_1.12.1/stm32cubeide/plugins/com.st.stm32cube.ide.mcu.externaltools.gnu-tools-for-stm32.10.3-2021.10.win32_1.0.200.202301161003/tools/bin/../lib/gcc/arm-none-eabi/10.3.1/thumb/v7e-m+fp/hard/crtbegin.o

.ARM.extab      0x0000000008007d70        0x0
                0x0000000008007d70                . = ALIGN (0x4)
 *(.ARM.extab* .gnu.linkonce.armextab.*)
                0x0000000008007d70                . = ALIGN (0x4)

.ARM            0x0000000008007d70        0x0
                0x0000000008007d70                . = ALIGN (0x4)
                0x0000000008007d70                __exidx_start = .
 *(.ARM.exidx*)
                0x0000000008007d70                __exidx_end = .
                0x0000000008007d70                . = ALIGN (0x4)

.preinit_array  0x0000000008007d70        0x0
                0x0000000008007d70                . = ALIGN (0x4)
                0x0000000008007d70                PROVIDE (__preinit_array_start = .)
 *(.preinit_array*)
                0x0000000008007d70                PROVIDE (__preinit_array_end = .)
                0x0000000008007d70                . = ALIGN (0x4)

.init_array     0x0000000008007d70        0x4
                0x0000000008007d70                . = ALIGN (0x4)
                0x0000000008007d70                PROVIDE (__init_array_start = .)
 *(SORT_BY_NAME(.init_array.*))
 *(.init_array*)
 .init_array    0x0000000008007d70        0x4 c:/st/stm32cubeide_1.12.1/stm32cubeide/plugins/com.st.stm32cube.ide.mcu.externaltools.gnu-tools-for-stm32.10.3-2021.10.win32_1.0.200.202301161003/tools/bin/../lib/gcc/arm-none-eabi/10.3.1/thumb/v7e-m+fp/hard/crtbegin.o
                0x0000000008007d74                PROVIDE (__init_array_end = .)
                0x0000000008007d74                . = ALIGN (0x4)

.fini_array     0x0000000008007d74        0x4
                0x0000000008007d74                . = ALIGN (0x4)
                [!provide]                        PROVIDE (__fini_array_start = .)
 *(SORT_BY_NAME(.fini_array.*))
 *(.fini_array*)
 .fini_array    0x0000000008007d74        0x4 c:/st/stm32cubeide_1.12.1/stm32cubeide/plugins/com.st.stm32cube.ide.mcu.externaltools.gnu-tools-for-stm32.10.3-2021.10.win32_1.0.200.202301161003/tools/bin/../lib/gcc/arm-none-eabi/10.3.1/thumb/v7e-m+fp/hard/crtbegin.o
                [!provide]                        PROVIDE (__fini_array_end = .)
                0x0000000008007d78                . = ALIGN (0x4)
                0x0000000008007d78                _sidata = LOADADDR (.data)

.data           0x0000000020000000       0x10 load address 0x0000000008007d78
                0x0000000020000000                . = ALIGN (0x4)
                0x0000000020000000                _sdata = .
 *(.data)
 *(.data*)
 .data.sleep_time
                0x0000000020000000        0x4 ./Core/Src/main.o
                0x0000000020000000                sleep_time
 .data.SystemCoreClock
                0x0000000020000004        0x4 ./Core/Src/system_stm32l4xx.o
                0x0000000020000004                SystemCoreClock
 .data.uwTickPrio
                0x0000000020000008        0x4 ./Drivers/STM32L4xx_HAL_Driver/Src/stm32l4xx_hal.o
                0x0000000020000008                uwTickPrio
 .data.uwTickFreq
                0x000000002000000c        0x1 ./Drivers/STM32L4xx_HAL_Driver/Src/stm32l4xx_hal.o
                0x000000002000000c                uwTickFreq
 *(.RamFunc)
 *(.RamFunc*)
                0x0000000020000010                . = ALIGN (0x4)
 *fill*         0x000000002000000d        0x3 
                0x0000000020000010                _edata = .

.igot.plt       0x0000000020000010        0x0 load address 0x0000000008007d88
 .igot.plt      0x0000000020000010        0x0 c:/st/stm32cubeide_1.12.1/stm32cubeide/plugins/com.st.stm32cube.ide.mcu.externaltools.gnu-tools-for-stm32.10.3-2021.10.win32_1.0.200.202301161003/tools/bin/../lib/gcc/arm-none-eabi/10.3.1/thumb/v7e-m+fp/hard/crtbegin.o
                0x0000000020000010                . = ALIGN (0x4)

.bss            0x0000000020000010      0x65c load address 0x0000000008007d88
                0x0000000020000010                _sbss = .
                0x0000000020000010                __bss_start__ = _sbss
 *(.bss)
 .bss           0x0000000020000010       0x1c c:/st/stm32cubeide_1.12.1/stm32cubeide/plugins/com.st.stm32cube.ide.mcu.externaltools.gnu-tools-for-stm32.10.3-2021.10.win32_1.0.200.202301161003/tools/bin/../lib/gcc/arm-none-eabi/10.3.1/thumb/v7e-m+fp/hard/crtbegin.o
 *(.bss*)
 .bss.test      0x000000002000002c        0x1 ./Core/Src/SX1262_hal.o
                0x000000002000002c                test
 *fill*         0x000000002000002d        0x3 
 .bss.mcu       0x0000000020000030       0x44 ./Core/Src/main.o
                0x0000000020000030                mcu
 .bss.radio     0x0000000020000074      0x478 ./Core/Src/main.o
                0x0000000020000074                radio
 .bss.pr        0x00000000200004ec       0x30 ./Core/Src/main.o
                0x00000000200004ec                pr
 .bss.hi2c1     0x000000002000051c       0x54 ./Core/Src/main.o
                0x000000002000051c                hi2c1
 .bss.hlptim1   0x0000000020000570       0x3c ./Core/Src/main.o
                0x0000000020000570                hlptim1
 .bss.hrtc      0x00000000200005ac       0x2c ./Core/Src/main.o
                0x00000000200005ac                hrtc
 .bss.hspi1     0x00000000200005d8       0x64 ./Core/Src/main.o
                0x00000000200005d8                hspi1
 .bss.i2c_status
                0x000000002000063c        0x1 ./Core/Src/main.o
                0x000000002000063c                i2c_status
 .bss.counter   0x000000002000063d        0x1 ./Core/Src/main.o
                0x000000002000063d                counter
 *fill*         0x000000002000063e        0x2 
 .bss.last_message_time
                0x0000000020000640        0x8 ./Core/Src/main.o
                0x0000000020000640                last_message_time
 .bss.tpms_msg  0x0000000020000648        0x5 ./Core/Src/main.o
                0x0000000020000648                tpms_msg
 *fill*         0x000000002000064d        0x1 
 .bss.wait_time
                0x000000002000064e        0x2 ./Core/Src/main.o
                0x000000002000064e                wait_time
 .bss.tst       0x0000000020000650        0x4 ./Core/Src/main.o
                0x0000000020000650                tst
 .bss.i         0x0000000020000654        0x4 ./Core/Src/main.o
                0x0000000020000654                i
 .bss.active    0x0000000020000658        0x1 ./Core/Src/main.o
                0x0000000020000658                active
 .bss.active1   0x0000000020000659        0x1 ./Core/Src/main.o
                0x0000000020000659                active1
 .bss.first_rx  0x000000002000065a        0x1 ./Core/Src/main.o
                0x000000002000065a                first_rx
 .bss.first_wakeup
                0x000000002000065b        0x1 ./Core/Src/main.o
                0x000000002000065b                first_wakeup
 .bss.wake_rx_tick
                0x000000002000065c        0x4 ./Core/Src/main.o
                0x000000002000065c                wake_rx_tick
 .bss.tx_counter
                0x0000000020000660        0x1 ./Core/Src/main.o
                0x0000000020000660                tx_counter
 *fill*         0x0000000020000661        0x3 
 .bss.rtc_reset_counter
                0x0000000020000664        0x4 ./Core/Src/main.o
                0x0000000020000664                rtc_reset_counter
 .bss.uwTick    0x0000000020000668        0x4 ./Drivers/STM32L4xx_HAL_Driver/Src/stm32l4xx_hal.o
                0x0000000020000668                uwTick
 *(COMMON)
                0x000000002000066c                . = ALIGN (0x4)
                0x000000002000066c                _ebss = .
                0x000000002000066c                __bss_end__ = _ebss

._user_heap_stack
                0x000000002000066c      0x604 load address 0x0000000008007d88
                0x0000000020000670                . = ALIGN (0x8)
 *fill*         0x000000002000066c        0x4 
                [!provide]                        PROVIDE (end = .)
                0x0000000020000670                PROVIDE (_end = .)
                0x0000000020000870                . = (. + _Min_Heap_Size)
 *fill*         0x0000000020000670      0x200 
                0x0000000020000c70                . = (. + _Min_Stack_Size)
 *fill*         0x0000000020000870      0x400 
                0x0000000020000c70                . = ALIGN (0x8)

/DISCARD/
 libc.a(*)
 libm.a(*)
 libgcc.a(*)

.ARM.attributes
                0x0000000000000000       0x30
 *(.ARM.attributes)
 .ARM.attributes
                0x0000000000000000       0x1e c:/st/stm32cubeide_1.12.1/stm32cubeide/plugins/com.st.stm32cube.ide.mcu.externaltools.gnu-tools-for-stm32.10.3-2021.10.win32_1.0.200.202301161003/tools/bin/../lib/gcc/arm-none-eabi/10.3.1/thumb/v7e-m+fp/hard/crti.o
 .ARM.attributes
                0x000000000000001e       0x34 c:/st/stm32cubeide_1.12.1/stm32cubeide/plugins/com.st.stm32cube.ide.mcu.externaltools.gnu-tools-for-stm32.10.3-2021.10.win32_1.0.200.202301161003/tools/bin/../lib/gcc/arm-none-eabi/10.3.1/thumb/v7e-m+fp/hard/crtbegin.o
 .ARM.attributes
                0x0000000000000052       0x34 ./Core/Src/PressSens.o
 .ARM.attributes
                0x0000000000000086       0x34 ./Core/Src/SX1262.o
 .ARM.attributes
                0x00000000000000ba       0x34 ./Core/Src/SX1262_board.o
 .ARM.attributes
                0x00000000000000ee       0x34 ./Core/Src/SX1262_hal.o
 .ARM.attributes
                0x0000000000000122       0x34 ./Core/Src/main.o
 .ARM.attributes
                0x0000000000000156       0x34 ./Core/Src/stm32l4xx_hal_msp.o
 .ARM.attributes
                0x000000000000018a       0x34 ./Core/Src/stm32l4xx_it.o
 .ARM.attributes
                0x00000000000001be       0x34 ./Core/Src/system_stm32l4xx.o
 .ARM.attributes
                0x00000000000001f2       0x21 ./Core/Startup/startup_stm32l412rbtxp.o
 .ARM.attributes
                0x0000000000000213       0x34 ./Drivers/STM32L4xx_HAL_Driver/Src/stm32l4xx_hal.o
 .ARM.attributes
                0x0000000000000247       0x34 ./Drivers/STM32L4xx_HAL_Driver/Src/stm32l4xx_hal_cortex.o
 .ARM.attributes
                0x000000000000027b       0x34 ./Drivers/STM32L4xx_HAL_Driver/Src/stm32l4xx_hal_gpio.o
 .ARM.attributes
                0x00000000000002af       0x34 ./Drivers/STM32L4xx_HAL_Driver/Src/stm32l4xx_hal_i2c.o
 .ARM.attributes
                0x00000000000002e3       0x34 ./Drivers/STM32L4xx_HAL_Driver/Src/stm32l4xx_hal_i2c_ex.o
 .ARM.attributes
                0x0000000000000317       0x34 ./Drivers/STM32L4xx_HAL_Driver/Src/stm32l4xx_hal_lptim.o
 .ARM.attributes
                0x000000000000034b       0x34 ./Drivers/STM32L4xx_HAL_Driver/Src/stm32l4xx_hal_pwr.o
 .ARM.attributes
                0x000000000000037f       0x34 ./Drivers/STM32L4xx_HAL_Driver/Src/stm32l4xx_hal_pwr_ex.o
 .ARM.attributes
                0x00000000000003b3       0x34 ./Drivers/STM32L4xx_HAL_Driver/Src/stm32l4xx_hal_rcc.o
 .ARM.attributes
                0x00000000000003e7       0x34 ./Drivers/STM32L4xx_HAL_Driver/Src/stm32l4xx_hal_rcc_ex.o
 .ARM.attributes
                0x000000000000041b       0x34 ./Drivers/STM32L4xx_HAL_Driver/Src/stm32l4xx_hal_rtc.o
 .ARM.attributes
                0x000000000000044f       0x34 ./Drivers/STM32L4xx_HAL_Driver/Src/stm32l4xx_hal_rtc_ex.o
 .ARM.attributes
                0x0000000000000483       0x34 ./Drivers/STM32L4xx_HAL_Driver/Src/stm32l4xx_hal_spi.o
 .ARM.attributes
                0x00000000000004b7       0x34 c:/st/stm32cubeide_1.12.1/stm32cubeide/plugins/com.st.stm32cube.ide.mcu.externaltools.gnu-tools-for-stm32.10.3-2021.10.win32_1.0.200.202301161003/tools/bin/../lib/gcc/arm-none-eabi/10.3.1/../../../../arm-none-eabi/lib/thumb/v7e-m+fp/hard\libc_nano.a(lib_a-init.o)
 .ARM.attributes
                0x00000000000004eb       0x34 c:/st/stm32cubeide_1.12.1/stm32cubeide/plugins/com.st.stm32cube.ide.mcu.externaltools.gnu-tools-for-stm32.10.3-2021.10.win32_1.0.200.202301161003/tools/bin/../lib/gcc/arm-none-eabi/10.3.1/../../../../arm-none-eabi/lib/thumb/v7e-m+fp/hard\libc_nano.a(lib_a-memset.o)
 .ARM.attributes
                0x000000000000051f       0x1e c:/st/stm32cubeide_1.12.1/stm32cubeide/plugins/com.st.stm32cube.ide.mcu.externaltools.gnu-tools-for-stm32.10.3-2021.10.win32_1.0.200.202301161003/tools/bin/../lib/gcc/arm-none-eabi/10.3.1/thumb/v7e-m+fp/hard\libgcc.a(_arm_addsubdf3.o)
 .ARM.attributes
                0x000000000000053d       0x1e c:/st/stm32cubeide_1.12.1/stm32cubeide/plugins/com.st.stm32cube.ide.mcu.externaltools.gnu-tools-for-stm32.10.3-2021.10.win32_1.0.200.202301161003/tools/bin/../lib/gcc/arm-none-eabi/10.3.1/thumb/v7e-m+fp/hard\libgcc.a(_arm_muldivdf3.o)
 .ARM.attributes
                0x000000000000055b       0x1e c:/st/stm32cubeide_1.12.1/stm32cubeide/plugins/com.st.stm32cube.ide.mcu.externaltools.gnu-tools-for-stm32.10.3-2021.10.win32_1.0.200.202301161003/tools/bin/../lib/gcc/arm-none-eabi/10.3.1/thumb/v7e-m+fp/hard\libgcc.a(_arm_fixunsdfsi.o)
 .ARM.attributes
                0x0000000000000579       0x1e c:/st/stm32cubeide_1.12.1/stm32cubeide/plugins/com.st.stm32cube.ide.mcu.externaltools.gnu-tools-for-stm32.10.3-2021.10.win32_1.0.200.202301161003/tools/bin/../lib/gcc/arm-none-eabi/10.3.1/thumb/v7e-m+fp/hard/crtn.o
OUTPUT(TPMS_Tx.elf elf32-littlearm)
LOAD linker stubs
LOAD c:/st/stm32cubeide_1.12.1/stm32cubeide/plugins/com.st.stm32cube.ide.mcu.externaltools.gnu-tools-for-stm32.10.3-2021.10.win32_1.0.200.202301161003/tools/bin/../lib/gcc/arm-none-eabi/10.3.1/../../../../arm-none-eabi/lib/thumb/v7e-m+fp/hard\libc.a
LOAD c:/st/stm32cubeide_1.12.1/stm32cubeide/plugins/com.st.stm32cube.ide.mcu.externaltools.gnu-tools-for-stm32.10.3-2021.10.win32_1.0.200.202301161003/tools/bin/../lib/gcc/arm-none-eabi/10.3.1/../../../../arm-none-eabi/lib/thumb/v7e-m+fp/hard\libm.a
LOAD c:/st/stm32cubeide_1.12.1/stm32cubeide/plugins/com.st.stm32cube.ide.mcu.externaltools.gnu-tools-for-stm32.10.3-2021.10.win32_1.0.200.202301161003/tools/bin/../lib/gcc/arm-none-eabi/10.3.1/thumb/v7e-m+fp/hard\libgcc.a

.debug_info     0x0000000000000000    0x17f66
 .debug_info    0x0000000000000000      0xd78 ./Core/Src/PressSens.o
 .debug_info    0x0000000000000d78     0x2ee1 ./Core/Src/SX1262.o
 .debug_info    0x0000000000003c59      0x97c ./Core/Src/SX1262_board.o
 .debug_info    0x00000000000045d5     0x1fc5 ./Core/Src/SX1262_hal.o
 .debug_info    0x000000000000659a     0x3190 ./Core/Src/main.o
 .debug_info    0x000000000000972a     0x16d2 ./Core/Src/stm32l4xx_hal_msp.o
 .debug_info    0x000000000000adfc      0x746 ./Core/Src/stm32l4xx_it.o
 .debug_info    0x000000000000b542      0x5d4 ./Core/Src/system_stm32l4xx.o
 .debug_info    0x000000000000bb16       0x22 ./Core/Startup/startup_stm32l412rbtxp.o
 .debug_info    0x000000000000bb38      0xa8b ./Drivers/STM32L4xx_HAL_Driver/Src/stm32l4xx_hal.o
 .debug_info    0x000000000000c5c3      0xd8b ./Drivers/STM32L4xx_HAL_Driver/Src/stm32l4xx_hal_cortex.o
 .debug_info    0x000000000000d34e      0x821 ./Drivers/STM32L4xx_HAL_Driver/Src/stm32l4xx_hal_gpio.o
 .debug_info    0x000000000000db6f     0x2232 ./Drivers/STM32L4xx_HAL_Driver/Src/stm32l4xx_hal_i2c.o
 .debug_info    0x000000000000fda1      0xa53 ./Drivers/STM32L4xx_HAL_Driver/Src/stm32l4xx_hal_i2c_ex.o
 .debug_info    0x00000000000107f4     0x10b5 ./Drivers/STM32L4xx_HAL_Driver/Src/stm32l4xx_hal_lptim.o
 .debug_info    0x00000000000118a9      0x95e ./Drivers/STM32L4xx_HAL_Driver/Src/stm32l4xx_hal_pwr.o
 .debug_info    0x0000000000012207      0x9b7 ./Drivers/STM32L4xx_HAL_Driver/Src/stm32l4xx_hal_pwr_ex.o
 .debug_info    0x0000000000012bbe      0xcb5 ./Drivers/STM32L4xx_HAL_Driver/Src/stm32l4xx_hal_rcc.o
 .debug_info    0x0000000000013873      0xd54 ./Drivers/STM32L4xx_HAL_Driver/Src/stm32l4xx_hal_rcc_ex.o
 .debug_info    0x00000000000145c7      0xf6b ./Drivers/STM32L4xx_HAL_Driver/Src/stm32l4xx_hal_rtc.o
 .debug_info    0x0000000000015532     0x12b2 ./Drivers/STM32L4xx_HAL_Driver/Src/stm32l4xx_hal_rtc_ex.o
 .debug_info    0x00000000000167e4     0x1782 ./Drivers/STM32L4xx_HAL_Driver/Src/stm32l4xx_hal_spi.o

.debug_abbrev   0x0000000000000000     0x2f0a
 .debug_abbrev  0x0000000000000000      0x214 ./Core/Src/PressSens.o
 .debug_abbrev  0x0000000000000214      0x37a ./Core/Src/SX1262.o
 .debug_abbrev  0x000000000000058e      0x1a2 ./Core/Src/SX1262_board.o
 .debug_abbrev  0x0000000000000730      0x2c9 ./Core/Src/SX1262_hal.o
 .debug_abbrev  0x00000000000009f9      0x3a5 ./Core/Src/main.o
 .debug_abbrev  0x0000000000000d9e      0x223 ./Core/Src/stm32l4xx_hal_msp.o
 .debug_abbrev  0x0000000000000fc1      0x13e ./Core/Src/stm32l4xx_it.o
 .debug_abbrev  0x00000000000010ff      0x116 ./Core/Src/system_stm32l4xx.o
 .debug_abbrev  0x0000000000001215       0x12 ./Core/Startup/startup_stm32l412rbtxp.o
 .debug_abbrev  0x0000000000001227      0x24f ./Drivers/STM32L4xx_HAL_Driver/Src/stm32l4xx_hal.o
 .debug_abbrev  0x0000000000001476      0x316 ./Drivers/STM32L4xx_HAL_Driver/Src/stm32l4xx_hal_cortex.o
 .debug_abbrev  0x000000000000178c      0x1bb ./Drivers/STM32L4xx_HAL_Driver/Src/stm32l4xx_hal_gpio.o
 .debug_abbrev  0x0000000000001947      0x243 ./Drivers/STM32L4xx_HAL_Driver/Src/stm32l4xx_hal_i2c.o
 .debug_abbrev  0x0000000000001b8a      0x1b0 ./Drivers/STM32L4xx_HAL_Driver/Src/stm32l4xx_hal_i2c_ex.o
 .debug_abbrev  0x0000000000001d3a      0x257 ./Drivers/STM32L4xx_HAL_Driver/Src/stm32l4xx_hal_lptim.o
 .debug_abbrev  0x0000000000001f91      0x1c9 ./Drivers/STM32L4xx_HAL_Driver/Src/stm32l4xx_hal_pwr.o
 .debug_abbrev  0x000000000000215a      0x1f3 ./Drivers/STM32L4xx_HAL_Driver/Src/stm32l4xx_hal_pwr_ex.o
 .debug_abbrev  0x000000000000234d      0x2c8 ./Drivers/STM32L4xx_HAL_Driver/Src/stm32l4xx_hal_rcc.o
 .debug_abbrev  0x0000000000002615      0x261 ./Drivers/STM32L4xx_HAL_Driver/Src/stm32l4xx_hal_rcc_ex.o
 .debug_abbrev  0x0000000000002876      0x210 ./Drivers/STM32L4xx_HAL_Driver/Src/stm32l4xx_hal_rtc.o
 .debug_abbrev  0x0000000000002a86      0x230 ./Drivers/STM32L4xx_HAL_Driver/Src/stm32l4xx_hal_rtc_ex.o
 .debug_abbrev  0x0000000000002cb6      0x254 ./Drivers/STM32L4xx_HAL_Driver/Src/stm32l4xx_hal_spi.o

.debug_aranges  0x0000000000000000     0x1288
 .debug_aranges
                0x0000000000000000       0x78 ./Core/Src/PressSens.o
 .debug_aranges
                0x0000000000000078      0x1d0 ./Core/Src/SX1262.o
 .debug_aranges
                0x0000000000000248       0x30 ./Core/Src/SX1262_board.o
 .debug_aranges
                0x0000000000000278       0x58 ./Core/Src/SX1262_hal.o
 .debug_aranges
                0x00000000000002d0       0x78 ./Core/Src/main.o
 .debug_aranges
                0x0000000000000348       0x60 ./Core/Src/stm32l4xx_hal_msp.o
 .debug_aranges
                0x00000000000003a8       0x80 ./Core/Src/stm32l4xx_it.o
 .debug_aranges
                0x0000000000000428       0x28 ./Core/Src/system_stm32l4xx.o
 .debug_aranges
                0x0000000000000450       0x28 ./Core/Startup/startup_stm32l412rbtxp.o
 .debug_aranges
                0x0000000000000478      0x108 ./Drivers/STM32L4xx_HAL_Driver/Src/stm32l4xx_hal.o
 .debug_aranges
                0x0000000000000580      0x118 ./Drivers/STM32L4xx_HAL_Driver/Src/stm32l4xx_hal_cortex.o
 .debug_aranges
                0x0000000000000698       0x58 ./Drivers/STM32L4xx_HAL_Driver/Src/stm32l4xx_hal_gpio.o
 .debug_aranges
                0x00000000000006f0      0x2a0 ./Drivers/STM32L4xx_HAL_Driver/Src/stm32l4xx_hal_i2c.o
 .debug_aranges
                0x0000000000000990       0x48 ./Drivers/STM32L4xx_HAL_Driver/Src/stm32l4xx_hal_i2c_ex.o
 .debug_aranges
                0x00000000000009d8      0x178 ./Drivers/STM32L4xx_HAL_Driver/Src/stm32l4xx_hal_lptim.o
 .debug_aranges
                0x0000000000000b50       0x98 ./Drivers/STM32L4xx_HAL_Driver/Src/stm32l4xx_hal_pwr.o
 .debug_aranges
                0x0000000000000be8      0x148 ./Drivers/STM32L4xx_HAL_Driver/Src/stm32l4xx_hal_pwr_ex.o
 .debug_aranges
                0x0000000000000d30       0x90 ./Drivers/STM32L4xx_HAL_Driver/Src/stm32l4xx_hal_rcc.o
 .debug_aranges
                0x0000000000000dc0       0xd0 ./Drivers/STM32L4xx_HAL_Driver/Src/stm32l4xx_hal_rcc_ex.o
 .debug_aranges
                0x0000000000000e90       0xe8 ./Drivers/STM32L4xx_HAL_Driver/Src/stm32l4xx_hal_rtc.o
 .debug_aranges
                0x0000000000000f78      0x138 ./Drivers/STM32L4xx_HAL_Driver/Src/stm32l4xx_hal_rtc_ex.o
 .debug_aranges
                0x00000000000010b0      0x1d8 ./Drivers/STM32L4xx_HAL_Driver/Src/stm32l4xx_hal_spi.o

.debug_ranges   0x0000000000000000     0x1160
 .debug_ranges  0x0000000000000000       0x68 ./Core/Src/PressSens.o
 .debug_ranges  0x0000000000000068      0x1f0 ./Core/Src/SX1262.o
 .debug_ranges  0x0000000000000258       0x20 ./Core/Src/SX1262_board.o
 .debug_ranges  0x0000000000000278       0x48 ./Core/Src/SX1262_hal.o
 .debug_ranges  0x00000000000002c0       0x68 ./Core/Src/main.o
 .debug_ranges  0x0000000000000328       0x50 ./Core/Src/stm32l4xx_hal_msp.o
 .debug_ranges  0x0000000000000378       0x70 ./Core/Src/stm32l4xx_it.o
 .debug_ranges  0x00000000000003e8       0x18 ./Core/Src/system_stm32l4xx.o
 .debug_ranges  0x0000000000000400       0x20 ./Core/Startup/startup_stm32l412rbtxp.o
 .debug_ranges  0x0000000000000420       0xf8 ./Drivers/STM32L4xx_HAL_Driver/Src/stm32l4xx_hal.o
 .debug_ranges  0x0000000000000518      0x108 ./Drivers/STM32L4xx_HAL_Driver/Src/stm32l4xx_hal_cortex.o
 .debug_ranges  0x0000000000000620       0x48 ./Drivers/STM32L4xx_HAL_Driver/Src/stm32l4xx_hal_gpio.o
 .debug_ranges  0x0000000000000668      0x290 ./Drivers/STM32L4xx_HAL_Driver/Src/stm32l4xx_hal_i2c.o
 .debug_ranges  0x00000000000008f8       0x38 ./Drivers/STM32L4xx_HAL_Driver/Src/stm32l4xx_hal_i2c_ex.o
 .debug_ranges  0x0000000000000930      0x168 ./Drivers/STM32L4xx_HAL_Driver/Src/stm32l4xx_hal_lptim.o
 .debug_ranges  0x0000000000000a98       0x88 ./Drivers/STM32L4xx_HAL_Driver/Src/stm32l4xx_hal_pwr.o
 .debug_ranges  0x0000000000000b20      0x138 ./Drivers/STM32L4xx_HAL_Driver/Src/stm32l4xx_hal_pwr_ex.o
 .debug_ranges  0x0000000000000c58       0x80 ./Drivers/STM32L4xx_HAL_Driver/Src/stm32l4xx_hal_rcc.o
 .debug_ranges  0x0000000000000cd8       0xc0 ./Drivers/STM32L4xx_HAL_Driver/Src/stm32l4xx_hal_rcc_ex.o
 .debug_ranges  0x0000000000000d98       0xd8 ./Drivers/STM32L4xx_HAL_Driver/Src/stm32l4xx_hal_rtc.o
 .debug_ranges  0x0000000000000e70      0x128 ./Drivers/STM32L4xx_HAL_Driver/Src/stm32l4xx_hal_rtc_ex.o
 .debug_ranges  0x0000000000000f98      0x1c8 ./Drivers/STM32L4xx_HAL_Driver/Src/stm32l4xx_hal_spi.o

.debug_macro    0x0000000000000000    0x1c499
 .debug_macro   0x0000000000000000      0x369 ./Core/Src/PressSens.o
 .debug_macro   0x0000000000000369      0xa78 ./Core/Src/PressSens.o
 .debug_macro   0x0000000000000de1       0x22 ./Core/Src/PressSens.o
 .debug_macro   0x0000000000000e03       0x4c ./Core/Src/PressSens.o
 .debug_macro   0x0000000000000e4f       0x1e ./Core/Src/PressSens.o
 .debug_macro   0x0000000000000e6d       0x94 ./Core/Src/PressSens.o
 .debug_macro   0x0000000000000f01       0x3c ./Core/Src/PressSens.o
 .debug_macro   0x0000000000000f3d       0x34 ./Core/Src/PressSens.o
 .debug_macro   0x0000000000000f71       0x16 ./Core/Src/PressSens.o
 .debug_macro   0x0000000000000f87       0x57 ./Core/Src/PressSens.o
 .debug_macro   0x0000000000000fde       0x97 ./Core/Src/PressSens.o
 .debug_macro   0x0000000000001075      0x341 ./Core/Src/PressSens.o
 .debug_macro   0x00000000000013b6       0xfd ./Core/Src/PressSens.o
 .debug_macro   0x00000000000014b3       0x10 ./Core/Src/PressSens.o
 .debug_macro   0x00000000000014c3       0x16 ./Core/Src/PressSens.o
 .debug_macro   0x00000000000014d9       0x43 ./Core/Src/PressSens.o
 .debug_macro   0x000000000000151c       0x34 ./Core/Src/PressSens.o
 .debug_macro   0x0000000000001550       0x10 ./Core/Src/PressSens.o
 .debug_macro   0x0000000000001560       0x58 ./Core/Src/PressSens.o
 .debug_macro   0x00000000000015b8       0x71 ./Core/Src/PressSens.o
 .debug_macro   0x0000000000001629       0x1c ./Core/Src/PressSens.o
 .debug_macro   0x0000000000001645      0x12a ./Core/Src/PressSens.o
 .debug_macro   0x000000000000176f       0x10 ./Core/Src/PressSens.o
 .debug_macro   0x000000000000177f       0x6a ./Core/Src/PressSens.o
 .debug_macro   0x00000000000017e9       0x1c ./Core/Src/PressSens.o
 .debug_macro   0x0000000000001805       0x52 ./Core/Src/PressSens.o
 .debug_macro   0x0000000000001857       0x22 ./Core/Src/PressSens.o
 .debug_macro   0x0000000000001879       0x10 ./Core/Src/PressSens.o
 .debug_macro   0x0000000000001889       0x52 ./Core/Src/PressSens.o
 .debug_macro   0x00000000000018db       0xd5 ./Core/Src/PressSens.o
 .debug_macro   0x00000000000019b0       0x1c ./Core/Src/PressSens.o
 .debug_macro   0x00000000000019cc       0x3d ./Core/Src/PressSens.o
 .debug_macro   0x0000000000001a09       0x16 ./Core/Src/PressSens.o
 .debug_macro   0x0000000000001a1f      0x145 ./Core/Src/PressSens.o
 .debug_macro   0x0000000000001b64      0x1b3 ./Core/Src/PressSens.o
 .debug_macro   0x0000000000001d17       0x2e ./Core/Src/PressSens.o
 .debug_macro   0x0000000000001d45       0x28 ./Core/Src/PressSens.o
 .debug_macro   0x0000000000001d6d      0x103 ./Core/Src/PressSens.o
 .debug_macro   0x0000000000001e70      0x1df ./Core/Src/PressSens.o
 .debug_macro   0x000000000000204f       0x1c ./Core/Src/PressSens.o
 .debug_macro   0x000000000000206b       0x22 ./Core/Src/PressSens.o
 .debug_macro   0x000000000000208d       0xfb ./Core/Src/PressSens.o
 .debug_macro   0x0000000000002188     0x1011 ./Core/Src/PressSens.o
 .debug_macro   0x0000000000003199      0x11f ./Core/Src/PressSens.o
 .debug_macro   0x00000000000032b8     0xe4b1 ./Core/Src/PressSens.o
 .debug_macro   0x0000000000011769       0x6d ./Core/Src/PressSens.o
 .debug_macro   0x00000000000117d6     0x38df ./Core/Src/PressSens.o
 .debug_macro   0x00000000000150b5       0x56 ./Core/Src/PressSens.o
 .debug_macro   0x000000000001510b     0x105e ./Core/Src/PressSens.o
 .debug_macro   0x0000000000016169      0x49b ./Core/Src/PressSens.o
 .debug_macro   0x0000000000016604      0x1b9 ./Core/Src/PressSens.o
 .debug_macro   0x00000000000167bd       0xd7 ./Core/Src/PressSens.o
 .debug_macro   0x0000000000016894      0x26b ./Core/Src/PressSens.o
 .debug_macro   0x0000000000016aff      0x23d ./Core/Src/PressSens.o
 .debug_macro   0x0000000000016d3c      0x21c ./Core/Src/PressSens.o
 .debug_macro   0x0000000000016f58      0x375 ./Core/Src/PressSens.o
 .debug_macro   0x00000000000172cd       0xd6 ./Core/Src/PressSens.o
 .debug_macro   0x00000000000173a3      0x22c ./Core/Src/PressSens.o
 .debug_macro   0x00000000000175cf       0x61 ./Core/Src/PressSens.o
 .debug_macro   0x0000000000017630       0xa5 ./Core/Src/PressSens.o
 .debug_macro   0x00000000000176d5      0x2f5 ./Core/Src/PressSens.o
 .debug_macro   0x00000000000179ca      0x122 ./Core/Src/PressSens.o
 .debug_macro   0x0000000000017aec      0x364 ./Core/Src/PressSens.o
 .debug_macro   0x0000000000017e50      0x352 ./Core/Src/PressSens.o
 .debug_macro   0x00000000000181a2      0x517 ./Core/Src/PressSens.o
 .debug_macro   0x00000000000186b9       0xeb ./Core/Src/PressSens.o
 .debug_macro   0x00000000000187a4      0x2fe ./Core/Src/PressSens.o
 .debug_macro   0x0000000000018aa2      0x220 ./Core/Src/PressSens.o
 .debug_macro   0x0000000000018cc2       0x22 ./Core/Src/PressSens.o
 .debug_macro   0x0000000000018ce4       0x58 ./Core/Src/PressSens.o
 .debug_macro   0x0000000000018d3c      0x3e9 ./Core/Src/SX1262.o
 .debug_macro   0x0000000000019125       0x8e ./Core/Src/SX1262.o
 .debug_macro   0x00000000000191b3       0x51 ./Core/Src/SX1262.o
 .debug_macro   0x0000000000019204       0x52 ./Core/Src/SX1262.o
 .debug_macro   0x0000000000019256      0x174 ./Core/Src/SX1262.o
 .debug_macro   0x00000000000193ca      0x19b ./Core/Src/SX1262.o
 .debug_macro   0x0000000000019565       0x1c ./Core/Src/SX1262.o
 .debug_macro   0x0000000000019581       0x35 ./Core/Src/SX1262.o
 .debug_macro   0x00000000000195b6       0x16 ./Core/Src/SX1262.o
 .debug_macro   0x00000000000195cc       0x16 ./Core/Src/SX1262.o
 .debug_macro   0x00000000000195e2       0x29 ./Core/Src/SX1262.o
 .debug_macro   0x000000000001960b       0x16 ./Core/Src/SX1262.o
 .debug_macro   0x0000000000019621       0x20 ./Core/Src/SX1262.o
 .debug_macro   0x0000000000019641       0x52 ./Core/Src/SX1262.o
 .debug_macro   0x0000000000019693       0x46 ./Core/Src/SX1262.o
 .debug_macro   0x00000000000196d9      0x3ed ./Core/Src/SX1262_board.o
 .debug_macro   0x0000000000019ac6       0x5c ./Core/Src/SX1262_board.o
 .debug_macro   0x0000000000019b22      0x3f3 ./Core/Src/SX1262_hal.o
 .debug_macro   0x0000000000019f15       0x10 ./Core/Src/SX1262_hal.o
 .debug_macro   0x0000000000019f25      0x41a ./Core/Src/main.o
 .debug_macro   0x000000000001a33f       0xc4 ./Core/Src/main.o
 .debug_macro   0x000000000001a403      0x1f7 ./Core/Src/stm32l4xx_hal_msp.o
 .debug_macro   0x000000000001a5fa      0x201 ./Core/Src/stm32l4xx_it.o
 .debug_macro   0x000000000001a7fb      0x1e8 ./Core/Src/system_stm32l4xx.o
 .debug_macro   0x000000000001a9e3      0x230 ./Drivers/STM32L4xx_HAL_Driver/Src/stm32l4xx_hal.o
 .debug_macro   0x000000000001ac13      0x1e8 ./Drivers/STM32L4xx_HAL_Driver/Src/stm32l4xx_hal_cortex.o
 .debug_macro   0x000000000001adfb      0x1ef ./Drivers/STM32L4xx_HAL_Driver/Src/stm32l4xx_hal_gpio.o
 .debug_macro   0x000000000001afea      0x2b4 ./Drivers/STM32L4xx_HAL_Driver/Src/stm32l4xx_hal_i2c.o
 .debug_macro   0x000000000001b29e      0x1e8 ./Drivers/STM32L4xx_HAL_Driver/Src/stm32l4xx_hal_i2c_ex.o
 .debug_macro   0x000000000001b486      0x1fe ./Drivers/STM32L4xx_HAL_Driver/Src/stm32l4xx_hal_lptim.o
 .debug_macro   0x000000000001b684      0x200 ./Drivers/STM32L4xx_HAL_Driver/Src/stm32l4xx_hal_pwr.o
 .debug_macro   0x000000000001b884      0x20c ./Drivers/STM32L4xx_HAL_Driver/Src/stm32l4xx_hal_pwr_ex.o
 .debug_macro   0x000000000001ba90      0x22a ./Drivers/STM32L4xx_HAL_Driver/Src/stm32l4xx_hal_rcc.o
 .debug_macro   0x000000000001bcba      0x21e ./Drivers/STM32L4xx_HAL_Driver/Src/stm32l4xx_hal_rcc_ex.o
 .debug_macro   0x000000000001bed8      0x1e9 ./Drivers/STM32L4xx_HAL_Driver/Src/stm32l4xx_hal_rtc.o
 .debug_macro   0x000000000001c0c1      0x1e8 ./Drivers/STM32L4xx_HAL_Driver/Src/stm32l4xx_hal_rtc_ex.o
 .debug_macro   0x000000000001c2a9      0x1f0 ./Drivers/STM32L4xx_HAL_Driver/Src/stm32l4xx_hal_spi.o

.debug_line     0x0000000000000000    0x151c9
 .debug_line    0x0000000000000000      0xcff ./Core/Src/PressSens.o
 .debug_line    0x0000000000000cff     0x18a5 ./Core/Src/SX1262.o
 .debug_line    0x00000000000025a4      0x9b2 ./Core/Src/SX1262_board.o
 .debug_line    0x0000000000002f56      0xf36 ./Core/Src/SX1262_hal.o
 .debug_line    0x0000000000003e8c      0xe45 ./Core/Src/main.o
 .debug_line    0x0000000000004cd1      0x864 ./Core/Src/stm32l4xx_hal_msp.o
 .debug_line    0x0000000000005535      0x82f ./Core/Src/stm32l4xx_it.o
 .debug_line    0x0000000000005d64      0x7a4 ./Core/Src/system_stm32l4xx.o
 .debug_line    0x0000000000006508       0x89 ./Core/Startup/startup_stm32l412rbtxp.o
 .debug_line    0x0000000000006591      0xa6a ./Drivers/STM32L4xx_HAL_Driver/Src/stm32l4xx_hal.o
 .debug_line    0x0000000000006ffb      0xca3 ./Drivers/STM32L4xx_HAL_Driver/Src/stm32l4xx_hal_cortex.o
 .debug_line    0x0000000000007c9e      0xb07 ./Drivers/STM32L4xx_HAL_Driver/Src/stm32l4xx_hal_gpio.o
 .debug_line    0x00000000000087a5     0x368e ./Drivers/STM32L4xx_HAL_Driver/Src/stm32l4xx_hal_i2c.o
 .debug_line    0x000000000000be33      0x92a ./Drivers/STM32L4xx_HAL_Driver/Src/stm32l4xx_hal_i2c_ex.o
 .debug_line    0x000000000000c75d     0x1227 ./Drivers/STM32L4xx_HAL_Driver/Src/stm32l4xx_hal_lptim.o
 .debug_line    0x000000000000d984      0x8d9 ./Drivers/STM32L4xx_HAL_Driver/Src/stm32l4xx_hal_pwr.o
 .debug_line    0x000000000000e25d      0xc65 ./Drivers/STM32L4xx_HAL_Driver/Src/stm32l4xx_hal_pwr_ex.o
 .debug_line    0x000000000000eec2     0x1001 ./Drivers/STM32L4xx_HAL_Driver/Src/stm32l4xx_hal_rcc.o
 .debug_line    0x000000000000fec3      0xfba ./Drivers/STM32L4xx_HAL_Driver/Src/stm32l4xx_hal_rcc_ex.o
 .debug_line    0x0000000000010e7d     0x105e ./Drivers/STM32L4xx_HAL_Driver/Src/stm32l4xx_hal_rtc.o
 .debug_line    0x0000000000011edb     0x13b8 ./Drivers/STM32L4xx_HAL_Driver/Src/stm32l4xx_hal_rtc_ex.o
 .debug_line    0x0000000000013293     0x1f36 ./Drivers/STM32L4xx_HAL_Driver/Src/stm32l4xx_hal_spi.o

.debug_str      0x0000000000000000    0xab0bf
 .debug_str     0x0000000000000000    0xa38af ./Core/Src/PressSens.o
                                      0xa3c55 (size before relaxing)
 .debug_str     0x00000000000a38af     0x271e ./Core/Src/SX1262.o
                                      0xa5e4f (size before relaxing)
 .debug_str     0x00000000000a5fcd       0xca ./Core/Src/SX1262_board.o
                                      0xa43c4 (size before relaxing)
 .debug_str     0x00000000000a6097       0x5e ./Core/Src/SX1262_hal.o
                                      0xa550f (size before relaxing)
 .debug_str     0x00000000000a60f5     0x10b2 ./Core/Src/main.o
                                      0xa6846 (size before relaxing)
 .debug_str     0x00000000000a71a7      0x252 ./Core/Src/stm32l4xx_hal_msp.o
                                      0xa09c4 (size before relaxing)
 .debug_str     0x00000000000a73f9      0x163 ./Core/Src/stm32l4xx_it.o
                                      0x9fd12 (size before relaxing)
 .debug_str     0x00000000000a755c       0xed ./Core/Src/system_stm32l4xx.o
                                      0x9f74f (size before relaxing)
 .debug_str     0x00000000000a7649       0x9a ./Core/Startup/startup_stm32l412rbtxp.o
 .debug_str     0x00000000000a76e3      0x571 ./Drivers/STM32L4xx_HAL_Driver/Src/stm32l4xx_hal.o
                                      0xa00f5 (size before relaxing)
 .debug_str     0x00000000000a7c54      0x2f9 ./Drivers/STM32L4xx_HAL_Driver/Src/stm32l4xx_hal_cortex.o
                                      0x9fe4c (size before relaxing)
 .debug_str     0x00000000000a7f4d       0xd9 ./Drivers/STM32L4xx_HAL_Driver/Src/stm32l4xx_hal_gpio.o
                                      0x9f8c3 (size before relaxing)
 .debug_str     0x00000000000a8026      0xda1 ./Drivers/STM32L4xx_HAL_Driver/Src/stm32l4xx_hal_i2c.o
                                      0xa0952 (size before relaxing)
 .debug_str     0x00000000000a8dc7       0xb8 ./Drivers/STM32L4xx_HAL_Driver/Src/stm32l4xx_hal_i2c_ex.o
                                      0x9fc86 (size before relaxing)
 .debug_str     0x00000000000a8e7f      0x573 ./Drivers/STM32L4xx_HAL_Driver/Src/stm32l4xx_hal_lptim.o
                                      0x9ff3b (size before relaxing)
 .debug_str     0x00000000000a93f2      0x2de ./Drivers/STM32L4xx_HAL_Driver/Src/stm32l4xx_hal_pwr.o
                                      0x9fa99 (size before relaxing)
 .debug_str     0x00000000000a96d0      0x3bd ./Drivers/STM32L4xx_HAL_Driver/Src/stm32l4xx_hal_pwr_ex.o
                                      0x9fc6b (size before relaxing)
 .debug_str     0x00000000000a9a8d      0x33e ./Drivers/STM32L4xx_HAL_Driver/Src/stm32l4xx_hal_rcc.o
                                      0x9fd5b (size before relaxing)
 .debug_str     0x00000000000a9dcb      0x468 ./Drivers/STM32L4xx_HAL_Driver/Src/stm32l4xx_hal_rcc_ex.o
                                      0x9fea2 (size before relaxing)
 .debug_str     0x00000000000aa233      0x41b ./Drivers/STM32L4xx_HAL_Driver/Src/stm32l4xx_hal_rtc.o
                                      0x9fc26 (size before relaxing)
 .debug_str     0x00000000000aa64e      0x524 ./Drivers/STM32L4xx_HAL_Driver/Src/stm32l4xx_hal_rtc_ex.o
                                      0x9ff40 (size before relaxing)
 .debug_str     0x00000000000aab72      0x54d ./Drivers/STM32L4xx_HAL_Driver/Src/stm32l4xx_hal_spi.o
                                      0x9ff6f (size before relaxing)

.comment        0x0000000000000000       0x50
 .comment       0x0000000000000000       0x50 ./Core/Src/PressSens.o
                                         0x51 (size before relaxing)
 .comment       0x0000000000000050       0x51 ./Core/Src/SX1262.o
 .comment       0x0000000000000050       0x51 ./Core/Src/SX1262_board.o
 .comment       0x0000000000000050       0x51 ./Core/Src/SX1262_hal.o
 .comment       0x0000000000000050       0x51 ./Core/Src/main.o
 .comment       0x0000000000000050       0x51 ./Core/Src/stm32l4xx_hal_msp.o
 .comment       0x0000000000000050       0x51 ./Core/Src/stm32l4xx_it.o
 .comment       0x0000000000000050       0x51 ./Core/Src/system_stm32l4xx.o
 .comment       0x0000000000000050       0x51 ./Drivers/STM32L4xx_HAL_Driver/Src/stm32l4xx_hal.o
 .comment       0x0000000000000050       0x51 ./Drivers/STM32L4xx_HAL_Driver/Src/stm32l4xx_hal_cortex.o
 .comment       0x0000000000000050       0x51 ./Drivers/STM32L4xx_HAL_Driver/Src/stm32l4xx_hal_gpio.o
 .comment       0x0000000000000050       0x51 ./Drivers/STM32L4xx_HAL_Driver/Src/stm32l4xx_hal_i2c.o
 .comment       0x0000000000000050       0x51 ./Drivers/STM32L4xx_HAL_Driver/Src/stm32l4xx_hal_i2c_ex.o
 .comment       0x0000000000000050       0x51 ./Drivers/STM32L4xx_HAL_Driver/Src/stm32l4xx_hal_lptim.o
 .comment       0x0000000000000050       0x51 ./Drivers/STM32L4xx_HAL_Driver/Src/stm32l4xx_hal_pwr.o
 .comment       0x0000000000000050       0x51 ./Drivers/STM32L4xx_HAL_Driver/Src/stm32l4xx_hal_pwr_ex.o
 .comment       0x0000000000000050       0x51 ./Drivers/STM32L4xx_HAL_Driver/Src/stm32l4xx_hal_rcc.o
 .comment       0x0000000000000050       0x51 ./Drivers/STM32L4xx_HAL_Driver/Src/stm32l4xx_hal_rcc_ex.o
 .comment       0x0000000000000050       0x51 ./Drivers/STM32L4xx_HAL_Driver/Src/stm32l4xx_hal_rtc.o
 .comment       0x0000000000000050       0x51 ./Drivers/STM32L4xx_HAL_Driver/Src/stm32l4xx_hal_rtc_ex.o
 .comment       0x0000000000000050       0x51 ./Drivers/STM32L4xx_HAL_Driver/Src/stm32l4xx_hal_spi.o

.debug_frame    0x0000000000000000     0x4e58
 .debug_frame   0x0000000000000000      0x1e8 ./Core/Src/PressSens.o
 .debug_frame   0x00000000000001e8      0x830 ./Core/Src/SX1262.o
 .debug_frame   0x0000000000000a18       0x84 ./Core/Src/SX1262_board.o
 .debug_frame   0x0000000000000a9c      0x1a8 ./Core/Src/SX1262_hal.o
 .debug_frame   0x0000000000000c44      0x194 ./Core/Src/main.o
 .debug_frame   0x0000000000000dd8      0x154 ./Core/Src/stm32l4xx_hal_msp.o
 .debug_frame   0x0000000000000f2c      0x174 ./Core/Src/stm32l4xx_it.o
 .debug_frame   0x00000000000010a0       0x58 ./Core/Src/system_stm32l4xx.o
 .debug_frame   0x00000000000010f8      0x3dc ./Drivers/STM32L4xx_HAL_Driver/Src/stm32l4xx_hal.o
 .debug_frame   0x00000000000014d4      0x498 ./Drivers/STM32L4xx_HAL_Driver/Src/stm32l4xx_hal_cortex.o
 .debug_frame   0x000000000000196c      0x14c ./Drivers/STM32L4xx_HAL_Driver/Src/stm32l4xx_hal_gpio.o
 .debug_frame   0x0000000000001ab8      0xc38 ./Drivers/STM32L4xx_HAL_Driver/Src/stm32l4xx_hal_i2c.o
 .debug_frame   0x00000000000026f0      0x100 ./Drivers/STM32L4xx_HAL_Driver/Src/stm32l4xx_hal_i2c_ex.o
 .debug_frame   0x00000000000027f0      0x684 ./Drivers/STM32L4xx_HAL_Driver/Src/stm32l4xx_hal_lptim.o
 .debug_frame   0x0000000000002e74      0x230 ./Drivers/STM32L4xx_HAL_Driver/Src/stm32l4xx_hal_pwr.o
 .debug_frame   0x00000000000030a4      0x524 ./Drivers/STM32L4xx_HAL_Driver/Src/stm32l4xx_hal_pwr_ex.o
 .debug_frame   0x00000000000035c8      0x21c ./Drivers/STM32L4xx_HAL_Driver/Src/stm32l4xx_hal_rcc.o
 .debug_frame   0x00000000000037e4      0x33c ./Drivers/STM32L4xx_HAL_Driver/Src/stm32l4xx_hal_rcc_ex.o
 .debug_frame   0x0000000000003b20      0x3f8 ./Drivers/STM32L4xx_HAL_Driver/Src/stm32l4xx_hal_rtc.o
 .debug_frame   0x0000000000003f18      0x574 ./Drivers/STM32L4xx_HAL_Driver/Src/stm32l4xx_hal_rtc_ex.o
 .debug_frame   0x000000000000448c      0x860 ./Drivers/STM32L4xx_HAL_Driver/Src/stm32l4xx_hal_spi.o
 .debug_frame   0x0000000000004cec       0x2c c:/st/stm32cubeide_1.12.1/stm32cubeide/plugins/com.st.stm32cube.ide.mcu.externaltools.gnu-tools-for-stm32.10.3-2021.10.win32_1.0.200.202301161003/tools/bin/../lib/gcc/arm-none-eabi/10.3.1/../../../../arm-none-eabi/lib/thumb/v7e-m+fp/hard\libc_nano.a(lib_a-init.o)
 .debug_frame   0x0000000000004d18       0x20 c:/st/stm32cubeide_1.12.1/stm32cubeide/plugins/com.st.stm32cube.ide.mcu.externaltools.gnu-tools-for-stm32.10.3-2021.10.win32_1.0.200.202301161003/tools/bin/../lib/gcc/arm-none-eabi/10.3.1/../../../../arm-none-eabi/lib/thumb/v7e-m+fp/hard\libc_nano.a(lib_a-memset.o)
 .debug_frame   0x0000000000004d38       0xac c:/st/stm32cubeide_1.12.1/stm32cubeide/plugins/com.st.stm32cube.ide.mcu.externaltools.gnu-tools-for-stm32.10.3-2021.10.win32_1.0.200.202301161003/tools/bin/../lib/gcc/arm-none-eabi/10.3.1/thumb/v7e-m+fp/hard\libgcc.a(_arm_addsubdf3.o)
 .debug_frame   0x0000000000004de4       0x50 c:/st/stm32cubeide_1.12.1/stm32cubeide/plugins/com.st.stm32cube.ide.mcu.externaltools.gnu-tools-for-stm32.10.3-2021.10.win32_1.0.200.202301161003/tools/bin/../lib/gcc/arm-none-eabi/10.3.1/thumb/v7e-m+fp/hard\libgcc.a(_arm_muldivdf3.o)
 .debug_frame   0x0000000000004e34       0x24 c:/st/stm32cubeide_1.12.1/stm32cubeide/plugins/com.st.stm32cube.ide.mcu.externaltools.gnu-tools-for-stm32.10.3-2021.10.win32_1.0.200.202301161003/tools/bin/../lib/gcc/arm-none-eabi/10.3.1/thumb/v7e-m+fp/hard\libgcc.a(_arm_fixunsdfsi.o)
