../Core/Src/SX1262.c:9:6:SX1262SetStandby	32	static
../Core/Src/SX1262.c:24:6:SX1262SetPacketType	32	static
../Core/Src/SX1262.c:33:6:SX1262SetRfFrequency	40	static
../Core/Src/SX1262.c:64:6:SX1262SetPaConfig	40	static
../Core/Src/SX1262.c:121:6:SX1262SetTxParams	40	static
../Core/Src/SX1262.c:153:6:SX1262SetBufferBaseAddress	40	static
../Core/Src/SX1262.c:171:6:SX1262SetPacketParams	48	static
../Core/Src/SX1262.c:238:6:SX1262SetModulationParams	56	static
../Core/Src/SX1262.c:302:6:SX1262SetDioIrqParams	40	static
../Core/Src/SX1262.c:327:14:SX1262SetGfskSyncWord	32	static
../Core/Src/SX1262.c:338:6:SX1262SetLoRaSyncWord	32	static
../Core/Src/SX1262.c:351:6:SX1262SetTx	48	static
../Core/Src/SX1262.c:422:6:SX1262SetSleep	40	static
../Core/Src/SX1262.c:435:6:SX1262SetFs	24	static
../Core/Src/SX1262.c:452:14:SX1262SetRx	48	static
../Core/Src/SX1262.c:490:14:SX1262SetRxBoosted	48	static
../Core/Src/SX1262.c:522:6:SX1262ClearIrqStatus	40	static
../Core/Src/SX1262.c:549:6:SX1262GetIrqStatus	24	static
../Core/Src/SX1262.c:612:6:SX1262GetRxBufferStatus	16	static
../Core/Src/SX1262.c:624:6:SX1262Calibrate	40	static
../Core/Src/SX1262.c:643:6:SX1262SetDio2AsRfSwitchCtrl	40	static
../Core/Src/SX1262.c:659:6:SX1262SetDio3AsTcxoCtrl	40	static
../Core/Src/SX1262.c:686:6:SX1262CalibrateImage	40	static
../Core/Src/SX1262.c:724:6:SX1262StopTimerOnPreamble	32	static
../Core/Src/SX1262.c:734:6:SX1262SetRxDutyCycle	48	static
../Core/Src/SX1262.c:757:6:SX1262SetCad	24	static
../Core/Src/SX1262.c:769:6:SX1262SetTxContinuousWave	24	static
../Core/Src/SX1262.c:784:6:SX1262SetTxInfinitePreamble	24	static
../Core/Src/SX1262.c:800:6:SX1262SetRegulatorMode	32	static
../Core/Src/SX1262.c:812:6:SX1262SetRxTxFallbackMode	32	static
../Core/Src/SX1262.c:823:6:SX1262SetPayload	32	static
../Core/Src/SX1262.c:835:6:SX1262SendPayload	24	static
../Core/Src/SX1262.c:845:6:SX1262GetPacketType	16	static
../Core/Src/SX1262.c:856:6:SX1262SetCadParams	40	static
../Core/Src/SX1262.c:884:6:SX1262SetLoRaSymbNumTimeout	32	static
../Core/Src/SX1262.c:897:6:SX1262GetPacketStatus	16	static
../Core/Src/SX1262.c:935:8:SX1262GetRssiInst	16	static
../Core/Src/SX1262.c:945:6:SX1262GetStats	16	static
../Core/Src/SX1262.c:973:6:SX1262ResetStats	32	static
../Core/Src/SX1262.c:994:6:SX1262GetDeviceErrors	16	static
../Core/Src/SX1262.c:1013:6:SX1262ClearDeviceErrors	32	static
../Core/Src/SX1262.c:1032:6:SX1262GetStatus	24	static
../Core/Src/SX1262.c:1073:6:SX1262Reset	16	static
../Core/Src/SX1262.c:1087:6:SX1262SetOCP	40	static
../Core/Src/SX1262.c:1101:6:SX1262RfSwitchInit	16	static
../Core/Src/SX1262.c:1112:14:SX1262LoRaInit	80	static
../Core/Src/SX1262.c:1181:14:SX1262GfskInit	88	static
../Core/Src/SX1262.c:1353:14:SX1262ReceiveMessage	64	dynamic
../Core/Src/SX1262.c:1401:10:SX1262FindMostSilentFrequency	80	dynamic
../Core/Src/SX1262.c:1441:6:SX1262CalculatePacketLoss	24	static
../Core/Src/SX1262.c:1469:14:SX1262SetCrcPolynomial	40	static
../Core/Src/SX1262.c:1484:6:SX1262dio1Interrupt	16	static
../Core/Src/SX1262.c:1521:6:SX1262dio2Interrupt	16	static
